10-25 22:52:15.062 D/HidlDisplayPanelFeature( 1807): getDisplayPanelFeatureValue, ret = 0
10-25 22:52:15.062 I/HidlDisplayPanelFeature( 1807): [0]
10-25 22:52:15.062 D/HidlDisplayPanelFeature( 1807): getDisplayPanelFeatureValue ---, result = [0]
10-25 22:52:15.062 D/OplusSilentRebootManager( 1807): silence flags file value is :0
10-25 22:52:15.063 D/DisplayManagerServiceExtImpl( 1807): scheduleTraversalLocked intraversal=false
10-25 22:52:15.063 I/DisplayManagerServiceExtImpl( 1807): handle logical display changed logicalDisplay=id=0,stack=0,content=true,displayInfo{stack=0,type=1,id=0,uId=local:4627039422300187648,state=OFF,pkg=null}
10-25 22:52:15.064 D/DisplayPowerState[0]( 1807): updateRunnable run fadeLevle=0.0 state=OFF brightness changed:2164.0->-1.0
10-25 22:52:15.064 D/DisplayManagerService( 1807): Delivering display event: displayId=0, event=CHANGED
10-25 22:52:15.065 D/BrightnessThermalClamper( 1807): Thermal status observer already started
10-25 22:52:15.065 D/BrightnessPowerClamper( 1807): Power throttling data is missing for configuration data.
10-25 22:52:15.070 D/DisplayManagerService( 1807): MSG_REQUEST_TRAVERSAL pendingCompleted=false
10-25 22:52:15.071 D/OplusVFXScreenEffectFeature( 1807): notifySFCompatWindowStateChange entered false
10-25 22:52:15.073 D/DisplayManagerService( 1807): performTraversalInternal pendingTraversal
10-25 22:52:15.073 D/DisplayDevice( 1807): setLayerStackLocked id=local:4627039422300187648 token=android.os.BinderProxy@2405244 stack=-1->-1
10-25 22:52:15.075 D/CastManagerService( 2267): onDisplayChanged.
10-25 22:52:17.035 D/OAppNetControlService( 1807): Hans update:[10389=true][0|0] blackList:[10351, 10348, 10342, 10316, 10384, 10365, 10389]
10-25 22:52:17.740 D/OplusFeatureHDREnhanceBrightness( 1807): checkIsPlayingHDR isPlayingHDR=0 rotation=0 whiteApp=false battery=97
10-25 22:52:19.007 I/keystore2(  626): system/security/keystore2/watchdog/src/lib.rs:319 - Watchdog thread idle -> terminating. Have a great day.
10-25 22:52:30.484 W/BatteryExternalStatsWorker( 1807): error reading Bluetooth stats: 11
10-25 22:52:31.276 D/OAppNetControlService( 1807): Hans update:[10361=true][0|0] blackList:[10351, 10348, 10342, 10316, 10384, 10365, 10389, 10361]
10-25 22:52:33.137 W/ContextImpl( 1807): Calling a method in the system process without a qualified user: android.app.ContextImpl.sendBroadcastMultiplePermissions:1311 android.content.Context.sendBroadcastMultiplePermissions:2522 com.android.server.TelephonyRegistry.broadcastServiceStateChanged:3786 com.android.server.TelephonyRegistry.notifyServiceStateForPhoneId:1806 com.android.internal.telephony.ITelephonyRegistry$Stub.onTransact:546 
10-25 22:52:33.142 W/ContextImpl( 1807): Calling a method in the system process without a qualified user: android.app.ContextImpl.sendBroadcastMultiplePermissions:1344 com.android.server.TelephonyRegistry.broadcastServiceStateChanged:3791 com.android.server.TelephonyRegistry.notifyServiceStateForPhoneId:1806 com.android.internal.telephony.ITelephonyRegistry$Stub.onTransact:546 android.os.Binder.execTransactInternal:1523 
10-25 22:52:33.147 W/ContextImpl( 1807): Calling a method in the system process without a qualified user: android.app.ContextImpl.sendBroadcastMultiplePermissions:1344 com.android.server.TelephonyRegistry.broadcastServiceStateChanged:3800 com.android.server.TelephonyRegistry.notifyServiceStateForPhoneId:1806 com.android.internal.telephony.ITelephonyRegistry$Stub.onTransact:546 android.os.Binder.execTransactInternal:1523 
10-25 22:52:33.156 V/OplusCustomizeCacheManager( 2813): queryCache name: sys.cache.common_customize_cache18016 param: null
10-25 22:52:33.156 V/OplusCustomizeCacheManager( 2813): queryCache name: sys.cache.common_customize_cache18013 param: null
10-25 22:52:33.156 V/OplusCustomizeCacheManager( 2813): queryCache name: sys.cache.common_customize_cache18014 param: null
10-25 22:52:33.157 V/OplusCustomizeCacheManager( 2813): queryCache name: sys.cache.common_customize_cache18017 param: Bundle[{SETTING=BLOCK, BUSINESS=NCT-DATA}]
10-25 22:52:33.157 V/OplusCustomizeCacheManager( 2813): start recompute
10-25 22:52:33.158 W/ContextImpl( 1807): Calling a method in the system process without a qualified user: android.app.ContextImpl.sendBroadcastMultiplePermissions:1344 com.android.server.TelephonyRegistry.broadcastServiceStateChanged:3806 com.android.server.TelephonyRegistry.notifyServiceStateForPhoneId:1806 com.android.internal.telephony.ITelephonyRegistry$Stub.onTransact:546 android.os.Binder.execTransactInternal:1523 
10-25 22:52:38.303 D/OAppNetControlService( 1807): Hans update:[10403=true][0|0] blackList:[10351, 10348, 10342, 10316, 10384, 10365, 10389, 10361, 10403]
10-25 22:53:09.010 D/PowerMonitorNotifier( 2267): handleMessage: 20/0
10-25 22:53:10.015 D/MiscManager( 9211): error ! ReadBreathLightTime not support.
10-25 22:53:10.664 W/ContextImpl( 9211): Calling a method in the system process without a qualified user: android.app.ContextImpl.bindService:2061 android.content.ContextWrapper.bindService:873 com.oplus.powermonitor.standbymonitor.powerstats.modem.MpssActivityMonitor.connectService:36 com.oplus.powermonitor.standbymonitor.powerstats.modem.MpssActivityMonitor.n:0 com.oplus.powermonitor.standbymonitor.powerstats.modem.MpssActivityMonitor$WorkHandler.handleMessage:52 
10-25 22:53:11.960 V/AlarmManager( 1807): sending alarm Alarm{374e5b9 type 3 origWhen 74016480 whenElapsed 74016480 android} uid 1000 whenElapsed 74016480 windowLength 0 maxWhenElapsed 74016480 repeatInterval 0 action null component null tag TIME_TICK flags 0x9 procName system_server
10-25 22:53:11.970 V/AlarmManager( 1807): sending alarm Alarm{cb36fac type 3 origWhen 73965737 whenElapsed 73965737 android} uid 1000 whenElapsed 73965737 windowLength 0 maxWhenElapsed 73965737 repeatInterval 0 action null component null tag *job.flexibility_check* flags 0x9 procName system_server
10-25 22:53:11.971 V/AlarmManager( 1807): sending alarm Alarm{f752475 type 3 origWhen 74011080 whenElapsed 74011080 android} uid 1000 whenElapsed 74011080 windowLength 36518 maxWhenElapsed 74047598 repeatInterval 0 action null component null tag *job.delay* flags 0x0 procName system_server
10-25 22:53:11.971 V/AlarmManager( 1807): sending alarm Alarm{d7a5c0a type 2 origWhen 74012242 whenElapsed 74012242 android} uid 1000 whenElapsed 74012242 windowLength 224999 maxWhenElapsed 74237241 repeatInterval 0 action null component null tag *job.deadline* flags 0x0 procName system_server
10-25 22:53:11.972 V/AlarmManager( 1807): sending alarm Alarm{ee06c7b type 2 origWhen 73943727 whenElapsed 74028437 com.facebook.katana} uid 10308 whenElapsed 74028437 windowLength 0 maxWhenElapsed 74028437 repeatInterval 0 action WakingExecutorService.ACTION_ALARM.com.facebook.katana.Mqtt_Wakeup component null flags 0x8 procName com.facebook.katana
10-25 22:53:11.988 I/OplusProxyWakeLock( 1807): prevent update worksource , it becomes empty, release wakelock: lock:143419093 PARTIAL_WAKE_LOCK                 '*alar' DISABLED (uid=1000 pid=1807 ws=WorkSource{1000})
10-25 22:53:11.990 D/OplusDisplayBrightnessBroadcastReceiver( 1807): onReceive action = android.intent.action.TIME_TICK , listeners = [com.android.server.display.marvels.module.ORBrightnessMarvelsDataCollector$ScreenStateReceiver@e7b5e4a, com.android.server.display.oplus.eyeprotect.manager.AiCurveManager$RhythmBroadcastReceiver@74ad58f]
10-25 22:53:12.002 D/OplusProxyWakeLock( 1807): drop uidPid[10340,-1]  wakelock: lock:143419093 PARTIAL_WAKE_LOCK                 '*alar' (uid=1000 pid=1807 ws=WorkSource{10340 com.linkedin.android}) from ProxyedWakeLock List.
10-25 22:53:12.012 D/OplusProxyWakeLock( 1807): acquireProxyWakeLock failed, prevent uid: 1000 tag:*job*  WorkSource{10340 com.linkedin.android} result: TAG_NULL
10-25 22:53:12.033 D/CompatChangeReporter( 1807): Compat change id reported: 151861875; UID 10326; state: ENABLED
10-25 22:53:12.063 W/JobServiceContext( 1807): Sending onNetworkChanged for a job that isn't started. JobStatus{fa01841 #u0a340/-2147482782 com.linkedin.android/androidx.work.impl.background.systemjob.SystemJobService u=0 s=10340 TIME=-17s463ms:none NET READY}
10-25 22:53:12.064 W/JobServiceContext( 1807): Sending onNetworkChanged for a job that isn't started. JobStatus{63f2327 #u0a340/-2147482784 com.linkedin.android/androidx.work.impl.background.systemjob.SystemJobService u=0 s=10340 TIME=-17s434ms:none NET READY}
10-25 22:53:12.079 I/ActivityManager( 1807): Start proc 32120:com.nbow.photowidget/u0a326 for service {com.nbow.photowidget/androidx.work.impl.background.systemjob.SystemJobService}
10-25 22:53:12.079 D/ActivityThread(24271): Package [com.example.tugas_praktikum] reported as REPLACED, but missing application info. Assuming REMOVED.
10-25 22:53:12.082 D/ActivityThread(24271): Package [com.example.tugas_praktikum] reported as REPLACED, but missing application info. Assuming REMOVED.
10-25 22:53:12.215 D/ActivityTaskManagerServiceExtImpl( 1807): preBindApplication record is null
10-25 22:53:12.363 D/ResourcesManagerExtImpl(32120): applyConfigurationToAppResourcesLocked app.getDisplayId() return callback.displayId:-1
10-25 22:53:12.414 I/ActivityManager( 1807): Killing 29295:com.facebook.system/u0a271 (adj 999): empty #25
10-25 22:53:12.454 I/ActivityManager( 1807): Death received, pid = 29295, processName = com.facebook.system for thread android.os.BinderProxy@f896a2f
10-25 22:53:12.465 D/DisplayManagerService( 1807): Drop pending events for gone uid 10271
10-25 22:53:12.568 D/OplusDisplayBrightnessBroadcastReceiver( 1807): onReceive action = android.intent.action.BATTERY_CHANGED , listeners = [com.android.server.display.OplusFeatureHDREnhanceBrightness$PhoneInfoReceiver@ea5f7f5, com.android.server.display.OplusFeatureEdrEnhanceBrightness$PhoneInfoReceiver@ab5698a]
10-25 22:53:12.598 I/ActivityManager( 1807): Flag disabled. Ignoring finishAttachApplication from uid: 10326. pid: 32120
10-25 22:53:12.640 D/VRR [OPlusExternalRefreshRateManager]( 1807): isPkgTfcEnable: pkgName = com.nbow.photowidget, enable = false
10-25 22:53:12.640 D/VRR [OPlusExternalRefreshRateManager]( 1807): getTfcMinFramerate: pkgName = com.nbow.photowidget, min framerate = 0
10-25 22:53:12.658 W/JobScheduler( 1807): Job didn't exist in JobStore: #com.linkedin.android/-2147482782
10-25 22:53:13.172 I/AppWidgetManager(32120): updateAppWidgetIds, mPackageName: com.nbow.photowidget, appWidgetIds: [15], views:android.widget.RemoteViews@417f324
10-25 22:53:13.175 I/AppWidgetServiceImpl( 1807): scheduleNotifyUpdateAppWidgetLocked, widget info is null
10-25 22:53:13.199 I/AppWidgetManager(32120): updateAppWidgetIds, mPackageName: com.nbow.photowidget, appWidgetIds: [15], views:android.widget.RemoteViews@417f324
10-25 22:53:13.205 I/AppWidgetServiceImpl( 1807): scheduleNotifyUpdateAppWidgetLocked, widget info is null
10-25 22:53:13.215 D/CompatChangeReporter( 1807): Compat change id reported: 311208629; UID 10326; state: ENABLED
10-25 22:53:13.224 I/ActivityManager( 1807): Killing 29330:com.android.providers.downloads/u0a72 (adj 995): empty #25
10-25 22:53:13.250 D/CompatChangeReporter( 1807): Compat change id reported: 311402873; UID 10326; state: ENABLED
10-25 22:53:13.250 D/CompatChangeReporter( 1807): Compat change id reported: 323349338; UID 10326; state: ENABLED
10-25 22:53:13.266 I/ActivityManager( 1807): Death received, pid = 29330, processName = com.android.providers.downloads for thread android.os.BinderProxy@28c2259
10-25 22:53:13.275 D/DisplayManagerService( 1807): Drop pending events for gone uid 10072
10-25 22:53:23.257 D/OAppNetControlService( 1807): Hans update:[10326=true][0|0] blackList:[10351, 10348, 10342, 10316, 10384, 10365, 10389, 10361, 10403, 10326]
10-25 22:53:24.065 I/OplusSmartBrightnessController( 1807): handleMessage MSG_POWER_BRIGHTNESS_CHANGED.
10-25 22:53:24.066 D/ColorAutomaticBrightnessController( 1807): MSG_UPDATE_BRIGHTNESS
10-25 22:53:27.636 D/OplusDisplayBrightnessBroadcastReceiver( 1807): onReceive action = android.intent.action.BATTERY_CHANGED , listeners = [com.android.server.display.OplusFeatureHDREnhanceBrightness$PhoneInfoReceiver@ea5f7f5, com.android.server.display.OplusFeatureEdrEnhanceBrightness$PhoneInfoReceiver@ab5698a]
10-25 22:53:31.124 D/UsageStatsService( 1807): User[0] type=0 b=1761407468126 e=1761407611122 cb=1761380064112 ce=1761407528820 disk=0 all=5
10-25 22:53:33.175 W/BatteryExternalStatsWorker( 1807): error reading Bluetooth stats: 11
10-25 22:53:33.526 D/OplusDisplayBrightnessBroadcastReceiver( 1807): onReceive action = android.intent.action.BATTERY_CHANGED , listeners = [com.android.server.display.OplusFeatureHDREnhanceBrightness$PhoneInfoReceiver@ea5f7f5, com.android.server.display.OplusFeatureEdrEnhanceBrightness$PhoneInfoReceiver@ab5698a]
10-25 22:53:34.996 I/InputStatistic( 1807): start on common mType = ViewportNotActive reason = 0
10-25 22:53:34.996 I/InputStatistic( 1807): start on common mType = null reason = null
10-25 22:53:35.009 I/OplusJoystickManager( 1807): read game pad state for game manager -> false
10-25 22:53:35.009 W/OplusJoystickManager( 1807): mInterceptGamepadKey is false
10-25 22:53:35.009 D/OplusCustomizeRestrictionManagerService( 1807): isLongPressVolumeUpDisabled start
10-25 22:53:35.010 D/StrategyBlackscreenshot( 1807): notifyKeyBeforeQueueing, event=KeyEvent { action=ACTION_DOWN, keyCode=KEYCODE_F4, scanCode=62, metaState=0, flags=0x8, repeatCount=0, eventTime=53330403459000, downTime=53330403459000, deviceId=4, source=0x101, displayId=-1 }, interactive=false
10-25 22:53:35.011 I/OplusJoystickManager( 1807): read game pad state for game manager -> false
10-25 22:53:35.011 W/OplusJoystickManager( 1807): mInterceptGamepadKey is false
10-25 22:53:35.011 D/OplusCustomizeRestrictionManagerService( 1807): isLongPressVolumeUpDisabled start
10-25 22:53:35.011 D/StrategyBlackscreenshot( 1807): notifyKeyBeforeQueueing, event=KeyEvent { action=ACTION_UP, keyCode=KEYCODE_F4, scanCode=62, metaState=0, flags=0x8, repeatCount=0, eventTime=53330403537000, downTime=53330403459000, deviceId=4, source=0x101, displayId=-1 }, interactive=false
10-25 22:53:35.024 E/Orms_ManagerInner( 1807): cannot connect to orms core service!
10-25 22:53:35.026 D/OplusPowerManagerHelper( 1807): [isFaceAutoUnlockEnabled]
10-25 22:53:35.026 E/OplusCustomizeRestrictionManagerService( 1807): isBiometricDisabled start
10-25 22:53:35.026 D/OplusPowerManagerHelper( 1807): scheduleNotifyStopDream
10-25 22:53:35.027 D/OplusPowerManagerHelper( 1807): [onWakeUp]
10-25 22:53:35.027 D/OplusPowerManagerHelper( 1807): handleMessage:102
10-25 22:53:35.027 D/OplusPowerManagerHelper( 1807): MSG_STOP_DEAM
10-25 22:53:35.027 I/DreamManagerService( 1807): Leaving dreamland.
10-25 22:53:35.027 E/OplusCustomizeRestrictionManagerService( 1807): isBiometricDisabled start
10-25 22:53:35.027 D/Biometrics/Face/FaceProviderExtImpl( 1807): onWakeUp wakeupReason = oplus.wakeup.gesture:DOUBLE_TAP_SCREEN
10-25 22:53:35.027 D/OplusPowerManagerHelper( 1807): [requestKeyguard]
10-25 22:53:35.028 D/Biometrics/Face/FaceProviderExtImpl( 1807): startWakeUp
10-25 22:53:35.029 I/PowerGroup( 1807): Waking up power group from Dozing (groupId=0, uid=10231, reason=WAKE_REASON_APPLICATION, details=oplus.wakeup.gesture:DOUBLE_TAP_SCREEN)...
10-25 22:53:35.030 D/PowerManagerService( 1807): userActivityNoUpdateLocked: groupId=0, eventTime=53330436, event=other, flags=0x0, uid=10231
10-25 22:53:35.032 I/PowerManagerService( 1807): Waking up from Dozing (uid=10231, reason=WAKE_REASON_APPLICATION, details=oplus.wakeup.gesture:DOUBLE_TAP_SCREEN)...
10-25 22:53:35.038 D/OplusScreenOffTorchHelper( 1807): onWakeUp
10-25 22:53:35.040 D/DisplayPowerController[0]( 1807): requestPowerState: policy=BRIGHT, useProximitySensor=false, screenBrightnessOverride=-1.0, useAutoBrightness=false, screenAutoBrightnessAdjustmentOverride=NaN, screenLowPowerBrightnessFactor=1.0, blockScreenOn=false, lowPowerMode=false, boostScreenBrightness=false, dozeScreenBrightness=NaN, dozeScreenState=UNKNOWN, dozeScreenStateReason=DEFAULT_POLICY, waitForNegativeProximity=false displayReady=false pendingRequest=true
10-25 22:53:35.040 D/DisplayManagerServiceExtImpl( 1807): request size(1,1),dpc=com.android.server.display.DisplayPowerController@8ae0f71 size(0,1),flags=0X200F,id(0,0,local:4627039422300187648),enable=true,ready=false,waitForNegativeProximity=false policy=BRIGHT,useProximitySensor=false,dozeState=UNKNOWN,screenBrightnessOverride=-1.000000,useAuto=false,lowPower=false,lowPowerFactor=1.000000
10-25 22:53:35.041 I/OplusSmartBrightnessController( 1807): handleMessage MSG_UPDATE_BRIGHTNESS_NO_ANIMATION changed:true
10-25 22:53:35.041 D/OplusSmartBrightnessController( 1807): setBrightnessNoAnimation false->true
10-25 22:53:35.043 D/OplusFeatureAOD( 1807): key:1807 tmp:2
10-25 22:53:35.043 D/OplusFeatureAOD( 1807): clearDozeStateMap
10-25 22:53:35.044 D/BackLightStat( 1807): setScreenState: state changed:OFF->ON
10-25 22:53:35.044 D/OplusDisplayState( 1807): setScreenState = true isPrimary = true
10-25 22:53:35.044 D/OplusSmartBrightnessController( 1807): onScreenEvent isScreenOn displayId[0]=true isFolding=false policy=BRIGHT
10-25 22:53:35.044 D/Arc[OplusBrightnessAmbientAdapter]( 1807): onScreenEvent displayId:0 isScreenOn:true isFolding:false
10-25 22:53:35.045 D/Arc[OplusFeatureBrightnessBarController]( 1807): BrightnessBarController is not support.
10-25 22:53:35.045 D/VRR [OPlusRefreshRateService]( 1807): handleScreenStateChange state: 2
10-25 22:53:35.045 D/VRR [OPlusExternalRefreshRateManager]( 1807): screenStateChange state: 2
10-25 22:53:35.046 I/OplusSmartBrightnessController( 1807): handleMessage MSG_FORCE_UPDATE_BRIGHTNESS.
10-25 22:53:35.046 I/OplusSmartBrightnessController( 1807): onTargetBrightnessChange brightness change to (700.0, 135.0, 4730.108)
10-25 22:53:35.046 I/DreamController( 1807): Stopping dream: name=ComponentInfo{com.android.systemui/com.android.systemui.doze.DozeService}, isPreviewMode=false, canDoze=true, userId=0, reason='requested stopDream from power'
10-25 22:53:35.047 D/DisplayPowerState[0]( 1807): setScreenState changed:OFF->ON
10-25 22:53:35.048 I/DisplayPowerController[0]( 1807): Blocking screen on until initial contents have been drawn.
10-25 22:53:35.049 D/WindowManager( 1807): screenTurnedOn  Display{#0 state=OFF size=1080x2400 ROTATION_0}
10-25 22:53:35.049 D/OplusScreenOffGestureManager( 1807): unRegisterSensor:
10-25 22:53:35.055 D/JobSchedulerServiceExtImpl( 1807): updateOsenseRestrictMode for 100 true false
10-25 22:53:35.056 W/ContextImpl( 1807): Calling a method in the system process without a qualified user: android.app.ContextImpl.sendBroadcast:1261 com.android.server.am.OplusAppStartupConfig.handleCountRestrictedList:1689 com.android.server.am.OplusAppStartupManager.updateScreenStatus:5315 com.android.server.OplusSysStateManager$LocalService.onWakefulnessChanged:417 com.android.server.power.NotifierExtImpl.onWakefulnessChanged:134 
10-25 22:53:35.058 D/DisplayPowerController[0]( 1807): animateScreenStateChange screen on blocked blocker=com.android.server.display.DisplayPowerController$ScreenOnUnblocker@38a1ace
10-25 22:53:35.058 I/DisplayBrightnessStrategySelector( 1807): Changing the DisplayBrightnessStrategy from ScreenOffBrightnessStrategy to InvalidBrightnessStrategy for display 0
10-25 22:53:35.060 D/OplusFeatureTemperatureLimitBrightness( 1807): not Apollo project uses the new rate , rate:20
10-25 22:53:35.060 D/OplusSmartBrightnessController( 1807): wakeup displayId[0]=20 -> 0
10-25 22:53:35.060 D/DisplayPowerController[0]( 1807): updatePowerStateInternal policy:DOZE->BRIGHT,state:OFF->ON policy=BRIGHT, useProximitySensor=false, screenBrightnessOverride=-1.0, useAutoBrightness=false, screenAutoBrightnessAdjustmentOverride=NaN, screenLowPowerBrightnessFactor=1.0, blockScreenOn=false, lowPowerMode=false, boostScreenBrightness=false, dozeScreenBrightness=NaN, dozeScreenState=UNKNOWN, dozeScreenStateReason=DEFAULT_POLICY
10-25 22:53:35.061 D/FaceManager( 2363): FaceManager#authenticate called by com.android.systemui
10-25 22:53:35.062 D/WindowManager( 1807): mKeyguardDelegate.ShowListener.onDrawn.
10-25 22:53:35.062 I/ColorAutomaticBrightnessController( 1807): updateAutoBrightness: Auto, sendUpdate = true adjustment=16060.784180,changed:2164->4730,modified:4730->4730->4730,changed=true,cameraMode=-1,ProximityNear=false
10-25 22:53:35.062 I/OplusSmartBrightnessController( 1807): handleBrightnessTotalRateType displayId[0]=manual->automatic
10-25 22:53:35.062 D/DisplayPowerState[0]( 1807): updateRunnable run fadeLevle=0.0 state=ON brightness changed:2164.0->-1.0
10-25 22:53:35.062 D/DisplayPowerState[0]( 1807): Updating screen state: id=0, state=ON, backlight=-1.0, sdrBacklight=-1.0
10-25 22:53:35.062 E/OplusCustomizeRestrictionManagerService( 1807): isBiometricDisabled start
10-25 22:53:35.062 D/DisplayPowerController[0]( 1807): animateScreenStateChange screen on blocked blocker=com.android.server.display.DisplayPowerController$ScreenOnUnblocker@38a1ace
10-25 22:53:35.063 D/DisplayAdapterExt( 1807): sendDisplayDeviceEventLocked event=2,now=74051543,timestamp=74051543 device:[id=local:4627039422300187648,stack=-1],isFirst=true,activeMode=2,state=ON,commitState=OFF,devInfo:null
10-25 22:53:35.063 I/StealthUtils( 1807): hasAlertSliderFeature:false,hasStealthFeature=false
10-25 22:53:35.063 D/OplusFeatureTemperatureLimitBrightness( 1807): not Apollo project uses the new rate , rate:20
10-25 22:53:35.064 D/OplusSmartBrightnessController( 1807): requestDisplayState isFirstDisplay=true state=2 globalDisplayState=0x2
10-25 22:53:35.064 D/DisplayDeviceExt( 1807): setDisplayState([4627039422300187648,true],OFF->ON),t-Name=PhotonicModulator
10-25 22:53:35.068 D/AppProfilerExtImpl( 1807): Skipped pss collection for CPU busy
10-25 22:53:35.069 W/WindowManager( 1807): Setting mKeyguardDrawComplete
10-25 22:53:35.069 I/WindowManager( 1807): Window{e84d5cc u0 NotificationShade} state from HAS_DRAWN to DRAW_PENDING; reason: requestDrawIfNeeded
10-25 22:53:35.070 I/WindowManager( 1807): Waiting for drawn Window{e84d5cc u0 NotificationShade}: removed=false visible=true mHasSurface=true drawState=1
10-25 22:53:35.070 D/OplusWindowAnimationManager( 1807): Is NotificationShade draw check disabled: false, win: Window{e84d5cc u0 NotificationShade}, clientRotation: 0, isFullscreen: true, requestedWidth: 1080, requestedHeight: 2400, physicalHeight: 2400, physicalWidth: 1080
10-25 22:53:35.070 D/WindowManager( 1807): waitForAllWindowsDrawn displayId=-1,false,message={ when=-14h48m50s483ms what=7 arg1=-1 target=com.android.server.policy.PhoneWindowManager$PolicyHandler }
10-25 22:53:35.072 D/DisplayDeviceRepositoryExtImpl( 1807): onDisplayDeviceEvent event=2,now=74051543,timestamp=74051543 device:[id=local:4627039422300187648,stack=-1],isFirst=true,activeMode=2,state=ON,commitState=OFF,devInfo:null
10-25 22:53:35.073 I/DisplayDeviceRepository( 1807): Display device changed state: "Built-in Screen", ON
10-25 22:53:35.074 D/LogicalDisplayMapper( 1807): Display device changed: DisplayDeviceInfo{"Built-in Screen": uniqueId="local:4627039422300187648", 1080 x 2400, modeId 2, renderFrameRate 60.000004, defaultModeId 1, userPreferredModeId -1, supportedModes [{id=1, width=1080, height=2400, fps=120.00001, vsync=120.00001, synthetic=false, alternativeRefreshRates=[60.0], supportedHdrTypes=[]}, {id=2, width=1080, height=2400, fps=60.0, vsync=60.0, synthetic=false, alternativeRefreshRates=[120.00001], supportedHdrTypes=[]}], colorMode 0, supportedColorModes [0, 7], hdrCapabilities HdrCapabilities{mSupportedHdrTypes=[], mMaxLuminance=500.0, mMaxAverageLuminance=500.0, mMinLuminance=0.0}, allmSupported false, gameContentTypeSupported false, density 480, 394.409 x 394.409 dpi, appVsyncOff 1133334, presDeadline 16600000, cutout DisplayCutout{insets=Rect(0, 110 - 0, 0) waterfall=Insets{left=0, top=0, right=0, bottom=0} boundingRect={Bounds=[Rect(0, 0 - 0, 0), Rect(498, 0 - 582, 110), Rect(0, 0 - 0, 0), Rect(0, 0 - 0, 0)]} cutoutPathParserInfo={CutoutPathParserInfo{displayWidth=1080 displayHeight=2400 physicalDisplayWidth=1080 physicalDisplayHeight=2400 density={3.0} cutoutSpec={M -42,0 L -42,110 L 42,110 L 42,0 Z} rotation={0} scale={1.0} physicalPixelDisplaySizeRatio={1.0}}} sideOverrides={}}, touch INTERNAL, rotation 0, type INTERNAL, address {port=0, model=0x40368bd6e7ee6c}, deviceProductInfo DeviceProductInfo{name=MTKDEV, manufacturerPnpId=MTK, productId=35638, modelYear=null, manufactureDate=ManufactureDate{week=42, year=2021}, connectionToSinkType=0}, state ON, committedState OFF, frameRateOverride , brightnessMinimum 0.0, brightnessMaximum 1.0, brightnessDefault 4730.108, hdrSdrRatio 1.0, backlightType 0, FLAG_ALLOWED_TO_BE_DEFAULT_DISPLAY, FLAG_ROTATES_WITH_CONTENT, FLAG_SECURE, FLAG_SUPPORTS_PROTECTED_BUFFERS, FLAG_TRUSTED, installOrientation 0, displayShape DisplayShape{ spec=1406003047 displayWidth=1080 displayHeight=2400 physicalPixelDisplaySizeRatio=1.0 rotation=0 offsetX=0 offsetY=0 scale=1.0}} diff=2
10-25 22:53:35.074 D/LogicalDisplayExt( 1807): set displayInfo flag FLAG_ROTATES_WITH_CONTENT
10-25 22:53:35.075 I/MR2ServiceImpl( 1807): Updating composite discovery preference | preference: RouteDiscoveryRequest{ preferredFeatures={}, activeScan=false }, active routers: []
10-25 22:53:35.076 D/OAppNetControlService( 1807): Hans update:[10403=false][1|1] blackList:[10351, 10348, 10342, 10316, 10384, 10365, 10389, 10361, 10326]
10-25 22:53:35.077 D/OAppNetControlService( 1807): Hans update:[10326=false][0|0] blackList:[10351, 10348, 10342, 10316, 10384, 10365, 10389, 10361]
10-25 22:53:35.078 D/OAppNetControlService( 1807): Hans update:[10361=false][0|0] blackList:[10351, 10348, 10342, 10316, 10384, 10365, 10389]
10-25 22:53:35.079 D/OAppNetControlService( 1807): Hans update:[10389=false][0|0] blackList:[10351, 10348, 10342, 10316, 10384, 10365]
10-25 22:53:35.084 W/ContextImpl( 1807): Calling a method in the system process without a qualified user: android.app.ContextImpl.sendBroadcast:1276 com.android.server.policy.PhoneWindowManagerExtImpl$5.run:1726 java.lang.Thread.run:1119 <bottom of call stack> <bottom of call stack> 
10-25 22:53:35.085 D/BiometricScheduler( 1807): [Added] {[345] com.android.server.biometrics.sensors.face.aidl.FaceAuthenticationClient, proto=3, owner=com.android.systemui, cookie=0, requestId=101, userId=0}, new queue size: 1, interruptable: true
10-25 22:53:35.085 D/BiometricScheduler( 1807): [Polled] {[345] com.android.server.biometrics.sensors.face.aidl.FaceAuthenticationClient, proto=3, owner=com.android.systemui, cookie=0, requestId=101, userId=0}, State: 0
10-25 22:53:35.086 D/BiometricScheduler( 1807): [Started] {[345] com.android.server.biometrics.sensors.face.aidl.FaceAuthenticationClient, proto=3, owner=com.android.systemui, cookie=0, requestId=101, userId=0}
10-25 22:53:35.086 D/Biometrics/AuthenticationClient( 1807): Requesting auth for com.android.systemui
10-25 22:53:35.088 D/Biometrics/Face/FaceProviderExtImpl( 1807): no blockScreenOn, currentClient = {[345] com.android.server.biometrics.sensors.face.aidl.FaceAuthenticationClient, proto=3, owner=com.android.systemui, cookie=0, requestId=101, userId=0}, mSupportPowerBlock = false, isKeyguard = true, mWakeUpReason = oplus.wakeup.gesture:DOUBLE_TAP_SCREEN, mFaceUnlockRemainUnlockEnabled = true
10-25 22:53:35.090 D/DisplayManagerServiceExtImpl( 1807): scheduleTraversalLocked intraversal=false
10-25 22:53:35.090 I/DisplayManagerServiceExtImpl( 1807): handle logical display changed logicalDisplay=id=0,stack=0,content=true,displayInfo{stack=0,type=1,id=0,uId=local:4627039422300187648,state=ON,pkg=null}
10-25 22:53:35.090 D/BrightnessThermalClamper( 1807): Thermal status observer already started
10-25 22:53:35.090 D/BrightnessPowerClamper( 1807): Power throttling data is missing for configuration data.
10-25 22:53:35.093 V/BiometricSchedulerOperation( 1807): started: {[345] com.android.server.biometrics.sensors.face.aidl.FaceAuthenticationClient, proto=3, owner=com.android.systemui, cookie=0, requestId=101, userId=0}, State: 2
10-25 22:53:35.096 D/NotifierExtImpl( 1807): notifyScreenOnOff: on = true
10-25 22:53:35.096 D/OplusPowerManagerServiceEnhance( 1807): notifyScreenOnOff on=true
10-25 22:53:35.103 D/DisplayManagerService( 1807): performTraversalInternal pendingTraversal
10-25 22:53:35.103 D/DisplayDevice( 1807): setLayerStackLocked id=local:4627039422300187648 token=android.os.BinderProxy@2405244 stack=-1->0
10-25 22:53:35.104 I/DisplayDevice( 1807): [0] Layerstack set to 0 for local:4627039422300187648
10-25 22:53:35.106 I/WindowManager( 1807): Waiting for drawn Window{e84d5cc u0 NotificationShade}: removed=false visible=true mHasSurface=true drawState=1
10-25 22:53:35.106 D/OplusWindowAnimationManager( 1807): Is NotificationShade draw check disabled: false, win: Window{e84d5cc u0 NotificationShade}, clientRotation: 0, isFullscreen: true, requestedWidth: 1080, requestedHeight: 2400, physicalHeight: 2400, physicalWidth: 1080
10-25 22:53:35.107 D/OplusCustomizeRestrictionManagerService( 1807): isSuperPowerSavingModeDisabled Pid: 2322, Uid: 1000
10-25 22:53:35.108 D/OplusCustomizeRestrictionManagerService( 1807): isSuperPowerSavingModeDisabled Pid: 2322, Uid: 1000
10-25 22:53:35.109 D/DisplayManagerService( 1807): Delivering display event: displayId=0, event=CHANGED
10-25 22:53:35.111 V/ALSProbe( 1807): Enable ALS: 85636518
10-25 22:53:35.117 W/OplusStorageManagerFeature( 1807): mScreenReceiver action:android.intent.action.DREAMING_STOPPED
10-25 22:53:35.122 D/OplusVFXScreenEffectFeature( 1807): notifySFCompatWindowStateChange entered false
10-25 22:53:35.125 D/FSS_FoldScreenBlackCoverController( 1807): displayChangeToOn, dc:Display{#0 state=ON size=1080x2400 ROTATION_0}
10-25 22:53:35.128 D/DisplayManagerService( 1807): performTraversalInternal pendingTraversal
10-25 22:53:35.129 D/DisplayDevice( 1807): setLayerStackLocked id=local:4627039422300187648 token=android.os.BinderProxy@2405244 stack=0->0
10-25 22:53:35.129 I/WindowManager( 1807): Waiting for drawn Window{e84d5cc u0 NotificationShade}: removed=false visible=true mHasSurface=true drawState=1
10-25 22:53:35.129 D/OplusWindowAnimationManager( 1807): Is NotificationShade draw check disabled: false, win: Window{e84d5cc u0 NotificationShade}, clientRotation: 0, isFullscreen: true, requestedWidth: 1080, requestedHeight: 2400, physicalHeight: 2400, physicalWidth: 1080
10-25 22:53:35.131 D/CoreBackPreview( 1807): Window{e84d5cc u0 NotificationShade}: Setting back callback OnBackInvokedCallbackInfo{mCallback=android.window.IOnBackInvokedCallback$Stub$Proxy@7848f83, mPriority=0, mIsAnimationCallback=false}
10-25 22:53:35.132 W/OplusStorageManagerFeature( 1807): turn screenOn, maintPrepared:false
10-25 22:53:35.134 D/OAppNetControlService( 1807): Screens on!
10-25 22:53:35.135 D/DisplayManagerService( 1807): MSG_REQUEST_TRAVERSAL pendingCompleted=false
10-25 22:53:35.146 D/MBrainLocalService( 1807): isVendorFreezeConditionPass is false
10-25 22:53:35.154 D/vold    (  539): [storage]aborting idle start
10-25 22:53:35.155 D/vold    (  539): [storage]idle maintenance stopped
10-25 22:53:35.195 D/CastManagerService( 2267): onDisplayChanged.
10-25 22:53:35.241 E/ScreenIntentReceiver( 1807): notifyChange failed
10-25 22:53:35.243 I/WindowManager( 1807): Waiting for drawn Window{e84d5cc u0 NotificationShade}: removed=false visible=true mHasSurface=true drawState=1
10-25 22:53:35.243 D/OplusWindowAnimationManager( 1807): Is NotificationShade draw check disabled: false, win: Window{e84d5cc u0 NotificationShade}, clientRotation: 0, isFullscreen: true, requestedWidth: 1080, requestedHeight: 2400, physicalHeight: 2400, physicalWidth: 1080
10-25 22:53:35.247 W/RefreshRate( 1807): requestRefreshRate:repeat request priority121 rate: 60.0 status: 0
10-25 22:53:35.248 D/OplusAlarmAdjustment( 1807): MSG_SCREEN_ON, mScreenOnElapsed=74051674 ms
10-25 22:53:35.249 D/OplusAlarmAdjustMap( 1807): removeAlignUid, uid=0, requester=0
10-25 22:53:35.275 I/WindowManager( 1807): Waiting for drawn Window{e84d5cc u0 NotificationShade}: removed=false visible=true mHasSurface=true drawState=1
10-25 22:53:35.275 D/OplusWindowAnimationManager( 1807): Is NotificationShade draw check disabled: false, win: Window{e84d5cc u0 NotificationShade}, clientRotation: 0, isFullscreen: true, requestedWidth: 1080, requestedHeight: 2400, physicalHeight: 2400, physicalWidth: 1080
10-25 22:53:35.276 D/DeviceStateProviderImpl( 1807): keyguard show or sleep: true mLastReportedState 0
10-25 22:53:35.277 V/UsbDeviceManager( 1807): onKeyguardStateChanged: isShowing:true secure:true user:0
10-25 22:53:35.277 W/OplusStorageManagerFeature( 1807): sendToTarget over,paramStr:0
10-25 22:53:35.277 W/LoadedApk( 1807): System took : 160ms in onReceive of class com.android.server.storage.OplusStorageManagerFeature$1 for action : android.intent.action.DREAMING_STOPPED
10-25 22:53:35.277 D/OplusAccessControlManagerService( 1807): onKeyguardStateChanged : true
10-25 22:53:35.277 W/OplusStorageManagerFeature( 1807): Ready to deal actionParam:0
10-25 22:53:35.286 D/DisplayAdapterExt( 1807): sendDisplayDeviceEventLocked event=2,now=74051766,timestamp=74051766 device:[id=local:4627039422300187648,stack=0],isFirst=true,activeMode=2,state=ON,commitState=ON,devInfo:null
10-25 22:53:35.286 D/DisplayDeviceRepositoryExtImpl( 1807): onDisplayDeviceEvent event=2,now=74051766,timestamp=74051766 device:[id=local:4627039422300187648,stack=0],isFirst=true,activeMode=2,state=ON,commitState=ON,devInfo:null
10-25 22:53:35.286 D/DisplayPowerState[0]( 1807): updateRunnable run fadeLevle=0.0 state=ON brightness changed:2164.0->-1.0
10-25 22:53:35.287 I/DisplayDeviceRepositoryExtImpl( 1807): Display device changed committed state: "Built-in Screen", ON
10-25 22:53:35.287 E/OplusStorageManagerFeature( 1807): writeF2fsRelatedNode failed for:discard_granularity
10-25 22:53:35.287 E/OplusStorageManagerFeature( 1807): java.io.FileNotFoundException: /sys/fs/f2fs/sdc18/discard_granularity: open failed: EACCES (Permission denied)
10-25 22:53:35.287 E/OplusStorageManagerFeature( 1807): 	at libcore.io.IoBridge.open(IoBridge.java:574)
10-25 22:53:35.287 E/OplusStorageManagerFeature( 1807): 	at java.io.FileOutputStream.<init>(FileOutputStream.java:259)
10-25 22:53:35.287 E/OplusStorageManagerFeature( 1807): 	at java.io.FileOutputStream.<init>(FileOutputStream.java:147)
10-25 22:53:35.287 E/OplusStorageManagerFeature( 1807): 	at java.io.FileWriter.<init>(FileWriter.java:66)
10-25 22:53:35.287 E/OplusStorageManagerFeature( 1807): 	at com.android.server.storage.OplusStorageManagerFeature.writeF2fsRelatedNode(OplusStorageManagerFeature.java:1147)
10-25 22:53:35.287 E/OplusStorageManagerFeature( 1807): 	at com.android.server.storage.OplusStorageManagerFeature.onMessageDPolicyExpect(OplusStorageManagerFeature.java:1936)
10-25 22:53:35.287 E/OplusStorageManagerFeature( 1807): 	at com.android.server.storage.OplusStorageManagerFeature.onStorageManagerMessageHandle(OplusStorageManagerFeature.java:1503)
10-25 22:53:35.287 E/OplusStorageManagerFeature( 1807): 	at com.android.server.StorageManagerService$StorageManagerServiceHandler.handleMessage(StorageManagerService.java:790)
10-25 22:53:35.287 E/OplusStorageManagerFeature( 1807): 	at android.os.Handler.dispatchMessage(Handler.java:107)
10-25 22:53:35.287 E/OplusStorageManagerFeature( 1807): 	at android.os.Looper.loopOnce(Looper.java:282)
10-25 22:53:35.287 E/OplusStorageManagerFeature( 1807): 	at android.os.Looper.loop(Looper.java:387)
10-25 22:53:35.287 E/OplusStorageManagerFeature( 1807): 	at android.os.HandlerThread.run(HandlerThread.java:85)
10-25 22:53:35.287 E/OplusStorageManagerFeature( 1807): Caused by: android.system.ErrnoException: open failed: EACCES (Permission denied)
10-25 22:53:35.287 E/OplusStorageManagerFeature( 1807): 	at libcore.io.Linux.open(Native Method)
10-25 22:53:35.287 E/OplusStorageManagerFeature( 1807): 	at libcore.io.ForwardingOs.open(ForwardingOs.java:568)
10-25 22:53:35.287 E/OplusStorageManagerFeature( 1807): 	at libcore.io.BlockGuardOs.open(BlockGuardOs.java:274)
10-25 22:53:35.287 E/OplusStorageManagerFeature( 1807): 	at libcore.io.IoBridge.open(IoBridge.java:560)
10-25 22:53:35.287 E/OplusStorageManagerFeature( 1807): 	... 11 more
10-25 22:53:35.287 D/LogicalDisplayMapper( 1807): Display device changed: DisplayDeviceInfo{"Built-in Screen": uniqueId="local:4627039422300187648", 1080 x 2400, modeId 2, renderFrameRate 60.000004, defaultModeId 1, userPreferredModeId -1, supportedModes [{id=1, width=1080, height=2400, fps=120.00001, vsync=120.00001, synthetic=false, alternativeRefreshRates=[60.0], supportedHdrTypes=[]}, {id=2, width=1080, height=2400, fps=60.0, vsync=60.0, synthetic=false, alternativeRefreshRates=[120.00001], supportedHdrTypes=[]}], colorMode 0, supportedColorModes [0, 7], hdrCapabilities HdrCapabilities{mSupportedHdrTypes=[], mMaxLuminance=500.0, mMaxAverageLuminance=500.0, mMinLuminance=0.0}, allmSupported false, gameContentTypeSupported false, density 480, 394.409 x 394.409 dpi, appVsyncOff 1133334, presDeadline 16600000, cutout DisplayCutout{insets=Rect(0, 110 - 0, 0) waterfall=Insets{left=0, top=0, right=0, bottom=0} boundingRect={Bounds=[Rect(0, 0 - 0, 0), Rect(498, 0 - 582, 110), Rect(0, 0 - 0, 0), Rect(0, 0 - 0, 0)]} cutoutPathParserInfo={CutoutPathParserInfo{displayWidth=1080 displayHeight=2400 physicalDisplayWidth=1080 physicalDisplayHeight=2400 density={3.0} cutoutSpec={M -42,0 L -42,110 L 42,110 L 42,0 Z} rotation={0} scale={1.0} physicalPixelDisplaySizeRatio={1.0}}} sideOverrides={}}, touch INTERNAL, rotation 0, type INTERNAL, address {port=0, model=0x40368bd6e7ee6c}, deviceProductInfo DeviceProductInfo{name=MTKDEV, manufacturerPnpId=MTK, productId=35638, modelYear=null, manufactureDate=ManufactureDate{week=42, year=2021}, connectionToSinkType=0}, state ON, committedState ON, frameRateOverride , brightnessMinimum 0.0, brightnessMaximum 1.0, brightnessDefault 4730.108, hdrSdrRatio 1.0, backlightType 0, FLAG_ALLOWED_TO_BE_DEFAULT_DISPLAY, FLAG_ROTATES_WITH_CONTENT, FLAG_SECURE, FLAG_SUPPORTS_PROTECTED_BUFFERS, FLAG_TRUSTED, installOrientation 0, displayShape DisplayShape{ spec=1406003047 displayWidth=1080 displayHeight=2400 physicalPixelDisplaySizeRatio=1.0 rotation=0 offsetX=0 offsetY=0 scale=1.0}} diff=4
10-25 22:53:35.287 D/LogicalDisplayExt( 1807): set displayInfo flag FLAG_ROTATES_WITH_CONTENT
10-25 22:53:35.289 W/RefreshRate( 1807): requestRefreshRate:repeat request priority121 rate: 60.0 status: 0
10-25 22:53:35.290 E/OplusStorageManagerFeature( 1807): writeF2fsRelatedNode failed for:gc_urgent
10-25 22:53:35.290 E/OplusStorageManagerFeature( 1807): java.io.FileNotFoundException: /sys/fs/f2fs/sdc18/gc_urgent: open failed: EACCES (Permission denied)
10-25 22:53:35.290 E/OplusStorageManagerFeature( 1807): 	at libcore.io.IoBridge.open(IoBridge.java:574)
10-25 22:53:35.290 E/OplusStorageManagerFeature( 1807): 	at java.io.FileOutputStream.<init>(FileOutputStream.java:259)
10-25 22:53:35.290 E/OplusStorageManagerFeature( 1807): 	at java.io.FileOutputStream.<init>(FileOutputStream.java:147)
10-25 22:53:35.290 E/OplusStorageManagerFeature( 1807): 	at java.io.FileWriter.<init>(FileWriter.java:66)
10-25 22:53:35.290 E/OplusStorageManagerFeature( 1807): 	at com.android.server.storage.OplusStorageManagerFeature.writeF2fsRelatedNode(OplusStorageManagerFeature.java:1147)
10-25 22:53:35.290 E/OplusStorageManagerFeature( 1807): 	at com.android.server.storage.OplusStorageManagerFeature.onMessageDPolicyExpect(OplusStorageManagerFeature.java:1937)
10-25 22:53:35.290 E/OplusStorageManagerFeature( 1807): 	at com.android.server.storage.OplusStorageManagerFeature.onStorageManagerMessageHandle(OplusStorageManagerFeature.java:1503)
10-25 22:53:35.290 E/OplusStorageManagerFeature( 1807): 	at com.android.server.StorageManagerService$StorageManagerServiceHandler.handleMessage(StorageManagerService.java:790)
10-25 22:53:35.290 E/OplusStorageManagerFeature( 1807): 	at android.os.Handler.dispatchMessage(Handler.java:107)
10-25 22:53:35.290 E/OplusStorageManagerFeature( 1807): 	at android.os.Looper.loopOnce(Looper.java:282)
10-25 22:53:35.290 E/OplusStorageManagerFeature( 1807): 	at android.os.Looper.loop(Looper.java:387)
10-25 22:53:35.290 E/OplusStorageManagerFeature( 1807): 	at android.os.HandlerThread.run(HandlerThread.java:85)
10-25 22:53:35.290 E/OplusStorageManagerFeature( 1807): Caused by: android.system.ErrnoException: open failed: EACCES (Permission denied)
10-25 22:53:35.290 E/OplusStorageManagerFeature( 1807): 	at libcore.io.Linux.open(Native Method)
10-25 22:53:35.290 E/OplusStorageManagerFeature( 1807): 	at libcore.io.ForwardingOs.open(ForwardingOs.java:568)
10-25 22:53:35.290 E/OplusStorageManagerFeature( 1807): 	at libcore.io.BlockGuardOs.open(BlockGuardOs.java:274)
10-25 22:53:35.290 E/OplusStorageManagerFeature( 1807): 	at libcore.io.IoBridge.open(IoBridge.java:560)
10-25 22:53:35.290 E/OplusStorageManagerFeature( 1807): 	... 11 more
10-25 22:53:35.290 D/DisplayManagerServiceExtImpl( 1807): scheduleTraversalLocked intraversal=false
10-25 22:53:35.290 I/DisplayManagerServiceExtImpl( 1807): handle logical display changed logicalDisplay=id=0,stack=0,content=true,displayInfo{stack=0,type=1,id=0,uId=local:4627039422300187648,state=ON,pkg=null}
10-25 22:53:35.291 D/DisplayManagerService( 1807): Delivering display event: displayId=0, event=CHANGED
10-25 22:53:35.291 D/BrightnessThermalClamper( 1807): Thermal status observer already started
10-25 22:53:35.291 D/BrightnessPowerClamper( 1807): Power throttling data is missing for configuration data.
10-25 22:53:35.294 D/OplusVFXScreenEffectFeature( 1807): notifySFCompatWindowStateChange entered false
10-25 22:53:35.295 D/FSS_FoldScreenBlackCoverController( 1807): displayChangeToOn, dc:Display{#0 state=ON size=1080x2400 ROTATION_0}
10-25 22:53:35.296 W/VRI[NotificationShade]( 2363): updateBlastSurfaceIfNeeded, surfaceSize:Point(1080, 2400), lastSurfaceSize:Point(1080, 2400), format:-3, blastBufferQueue:android.graphics.BLASTBufferQueue@fd3f2ba
10-25 22:53:35.297 D/CastManagerService( 2267): onDisplayChanged.
10-25 22:53:35.298 W/Looper  ( 1807): Slow dispatch took 152ms main h=android.app.ActivityThread$H c=android.app.LoadedApk$ReceiverDispatcher$Args$$ExternalSyntheticLambda0@6c7de30 m=0
10-25 22:53:35.298 D/MBrainLocalService( 1807): isVendorFreezeConditionPass is false
10-25 22:53:35.298 D/MBrainLocalService( 1807): notifyNetworkChange failed
10-25 22:53:35.299 D/DisplayManagerService( 1807): performTraversalInternal pendingTraversal
10-25 22:53:35.299 D/DisplayDevice( 1807): setLayerStackLocked id=local:4627039422300187648 token=android.os.BinderProxy@2405244 stack=0->0
10-25 22:53:35.299 I/WindowManager( 1807): Waiting for drawn Window{e84d5cc u0 NotificationShade}: removed=false visible=true mHasSurface=true drawState=1
10-25 22:53:35.299 D/OplusWindowAnimationManager( 1807): Is NotificationShade draw check disabled: false, win: Window{e84d5cc u0 NotificationShade}, clientRotation: 0, isFullscreen: true, requestedWidth: 1080, requestedHeight: 2400, physicalHeight: 2400, physicalWidth: 1080
10-25 22:53:35.300 D/WindowManagerServiceExtImpl( 1807): extractConfigInfoAndRealFlags rotation=0, screenDp=360, residentWS:0, win=Window{e84d5cc u0 NotificationShade}
10-25 22:53:35.301 V/WindowManager( 1807): Relayout Window{e84d5cc u0 NotificationShade}: viewVisibility=0, oldvis=0, req=1080x2400, vsysui=, x=0, y=0
10-25 22:53:35.302 D/DisplayManagerService( 1807): MSG_REQUEST_TRAVERSAL pendingCompleted=false
10-25 22:53:35.305 I/WindowManager( 1807): Waiting for drawn Window{e84d5cc u0 NotificationShade}: removed=false visible=true mHasSurface=true drawState=1
10-25 22:53:35.305 D/OplusWindowAnimationManager( 1807): Is NotificationShade draw check disabled: false, win: Window{e84d5cc u0 NotificationShade}, clientRotation: 0, isFullscreen: true, requestedWidth: 1080, requestedHeight: 2400, physicalHeight: 2400, physicalWidth: 1080
10-25 22:53:35.307 D/WindowManager( 1807): NFW_findFocusedWindowIfNeeded:Window{e84d5cc u0 NotificationShade} mCurrentFocus:Window{e84d5cc u0 NotificationShade}
10-25 22:53:35.317 I/WindowManager( 1807): Waiting for drawn Window{e84d5cc u0 NotificationShade}: removed=false visible=true mHasSurface=true drawState=1
10-25 22:53:35.317 D/OplusWindowAnimationManager( 1807): Is NotificationShade draw check disabled: false, win: Window{e84d5cc u0 NotificationShade}, clientRotation: 0, isFullscreen: true, requestedWidth: 1080, requestedHeight: 2400, physicalHeight: 2400, physicalWidth: 1080
10-25 22:53:35.319 I/DisplayDeviceRepository( 1807): Display device changed render timings: "Built-in Screen", renderFrameRate=120.00001, presentationDeadlineNanos=12600000, appVsyncOffsetNanos=1099999
10-25 22:53:35.320 D/LogicalDisplayExt( 1807): set displayInfo flag FLAG_ROTATES_WITH_CONTENT
10-25 22:53:35.322 D/DisplayManagerServiceExtImpl( 1807): scheduleTraversalLocked intraversal=false
10-25 22:53:35.322 I/DisplayManagerServiceExtImpl( 1807): handle logical display changed logicalDisplay=id=0,stack=0,content=true,displayInfo{stack=0,type=1,id=0,uId=local:4627039422300187648,state=ON,pkg=null}
10-25 22:53:35.322 D/DisplayManagerService( 1807): Delivering display event: displayId=0, event=CHANGED
10-25 22:53:35.324 D/OplusVFXScreenEffectFeature( 1807): notifySFCompatWindowStateChange entered false
10-25 22:53:35.324 D/FSS_FoldScreenBlackCoverController( 1807): displayChangeToOn, dc:Display{#0 state=ON size=1080x2400 ROTATION_0}
10-25 22:53:35.325 D/DisplayManagerService( 1807): performTraversalInternal pendingTraversal
10-25 22:53:35.325 D/DisplayDevice( 1807): setLayerStackLocked id=local:4627039422300187648 token=android.os.BinderProxy@2405244 stack=0->0
10-25 22:53:35.325 I/WindowManager( 1807): Waiting for drawn Window{e84d5cc u0 NotificationShade}: removed=false visible=true mHasSurface=true drawState=1
10-25 22:53:35.325 D/OplusWindowAnimationManager( 1807): Is NotificationShade draw check disabled: false, win: Window{e84d5cc u0 NotificationShade}, clientRotation: 0, isFullscreen: true, requestedWidth: 1080, requestedHeight: 2400, physicalHeight: 2400, physicalWidth: 1080
10-25 22:53:35.325 D/BrightnessThermalClamper( 1807): Thermal status observer already started
10-25 22:53:35.325 D/BrightnessPowerClamper( 1807): Power throttling data is missing for configuration data.
10-25 22:53:35.326 D/DisplayManagerService( 1807): MSG_REQUEST_TRAVERSAL pendingCompleted=false
10-25 22:53:35.327 I/WindowManager( 1807): Waiting for drawn Window{e84d5cc u0 NotificationShade}: removed=false visible=true mHasSurface=true drawState=1
10-25 22:53:35.327 D/OplusWindowAnimationManager( 1807): Is NotificationShade draw check disabled: false, win: Window{e84d5cc u0 NotificationShade}, clientRotation: 0, isFullscreen: true, requestedWidth: 1080, requestedHeight: 2400, physicalHeight: 2400, physicalWidth: 1080
10-25 22:53:35.328 D/CastManagerService( 2267): onDisplayChanged.
10-25 22:53:35.334 I/WindowManager( 1807): Window{e84d5cc u0 NotificationShade} state from DRAW_PENDING to COMMIT_DRAW_PENDING; reason: finishDrawingLocked
10-25 22:53:35.334 W/VRI[NotificationShade]( 2363): handleResized, msg:, frameChanged:false, configChanged:false, displayChanged:false, attachedFrameChanged:false, compatScaleChanged:false, pendingDragResizing=false
10-25 22:53:35.345 I/WindowManager( 1807): Window{e84d5cc u0 NotificationShade} state from COMMIT_DRAW_PENDING to READY_TO_SHOW; reason: commitFinishDrawingLocked
10-25 22:53:35.345 I/WindowManager( 1807): Window{e84d5cc u0 NotificationShade} state from READY_TO_SHOW to HAS_DRAWN; reason: performShowLocked
10-25 22:53:35.345 I/WindowManager( 1807): Waiting for drawn Window{e84d5cc u0 NotificationShade}: removed=false visible=true mHasSurface=true drawState=4
10-25 22:53:35.345 D/OplusWindowAnimationManager( 1807): Is NotificationShade draw check disabled: false, win: Window{e84d5cc u0 NotificationShade}, clientRotation: 0, isFullscreen: true, requestedWidth: 1080, requestedHeight: 2400, physicalHeight: 2400, physicalWidth: 1080
10-25 22:53:35.345 W/WindowManager( 1807): All windows drawn on display -1
10-25 22:53:35.345 D/FSS_FoldScreenBlackCoverController( 1807): finishWindowsDrawn, displayId:-1
10-25 22:53:35.348 I/WindowManager( 1807): Finished screen turning on...0
10-25 22:53:35.348 D/DpcExtImpl[0]( 1807): ScreenOnUnblocker, onScreenOn
10-25 22:53:35.348 I/DisplayPowerController[0]( 1807): Unblocked screen on after 300 ms
10-25 22:53:35.349 D/DisplayPowerState[0]( 1807): setColorFadeLevel: level=1.0
10-25 22:53:35.349 V/WindowManager( 1807): Relayout Window{eb9b564 u0 OnScreenFingerprintIcon}: viewVisibility=0, oldvis=8, req=1080x1080, vsysui=
10-25 22:53:35.349 I/WindowManager( 1807): Window{eb9b564 u0 OnScreenFingerprintIcon} state from NO_SURFACE to DRAW_PENDING; reason: resetDrawState
10-25 22:53:35.349 D/OplusFeatureTemperatureLimitBrightness( 1807): not Apollo project uses the new rate , rate:20
10-25 22:53:35.350 D/OplusFeatureTemperatureLimitBrightness( 1807): not Apollo project uses the new rate , rate:20
10-25 22:53:35.350 D/DisplayPowerController[0]( 1807): screenTurnedOn state=2 brightnessState=2164.0 mustNotify=true
10-25 22:53:35.350 D/DpcExtImpl[0]( 1807): RECORD:onUpdatePowerState policy:3 state:2 brightness:2164
10-25 22:53:35.350 W/PowerManagerService( 1807): Screen on took 327 ms. groupId = 0
10-25 22:53:35.350 D/OplusPowerManagerHelper( 1807): [onWakeUpFinish]
10-25 22:53:35.352 I/OplusSmartBrightnessController( 1807): handleMessage MSG_UPDATE_BRIGHTNESS_NO_ANIMATION changed:false
10-25 22:53:35.352 D/OplusSmartBrightnessController( 1807): setBrightnessNoAnimation true->false
10-25 22:53:35.353 D/WindowManager( 1807): NFW_findFocusedWindowIfNeeded:Window{e84d5cc u0 NotificationShade} mCurrentFocus:Window{e84d5cc u0 NotificationShade}
10-25 22:53:35.355 E/OplusCustomizeRestrictionManagerService( 1807): isBiometricDisabled start
