10-25 22:51:05.791 D/WindowManager( 1807): NFW_setClientVisible:ActivityRecord{bd1202d u0 com.example.tugas_praktikum/.MainActivity t16726} clientVisible:false
10-25 22:51:05.795 D/OplusUserManagerServiceEnhance( 1807): getMultiSystemUserId  res = -10000
10-25 22:51:05.796 D/OplusCustomizeSettingsManagerService( 1807): isProtectEyesOn result = false
10-25 22:51:05.797 D/DisplayManagerService( 1807): performTraversalInternal pendingTraversal
10-25 22:51:05.797 D/DisplayDevice( 1807): setLayerStackLocked id=local:4627039422300187648 token=android.os.BinderProxy@2405244 stack=0->-1
10-25 22:51:05.797 I/DisplayDevice( 1807): [0] Layerstack set to -1 for local:4627039422300187648
10-25 22:51:05.798 I/TaskOrganizerController( 1807): onTaskInfoChanged taskid 16726 config { mBounds=Rect(0, 0 - 1080, 2400) mAppBounds=Rect(0, 0 - 1080, 2400) mMaxBounds=Rect(0, 0 - 1080, 2400) mDisplayRotation=ROTATION_0 mWindowingMode=fullscreen mActivityType=standard mAlwaysOnTop=undefined mRotation=ROTATION_0}
10-25 22:51:05.800 D/OplusFlexibleWindowMinimizedManagerHelper( 1807): onTaskInfoChanged taskInfo:TaskInfo{userId=0 taskId=16726 displayId=0 isRunning=true baseIntent=Intent { act=android.intent.action.MAIN cat=[android.intent.category.LAUNCHER] flg=0x10200000 cmp=com.example.tugas_praktikum/.MainActivity mCallingUid=2000 } baseActivity=ComponentInfo{com.example.tugas_praktikum/com.example.tugas_praktikum.MainActivity} topActivity=ComponentInfo{com.example.tugas_praktikum/com.example.tugas_praktikum.MainActivity} origActivity=null realActivity=ComponentInfo{com.example.tugas_praktikum/com.example.tugas_praktikum.MainActivity} numActivities=1 lastActiveTime=73902211 supportsSplitScreenMultiWindow=true supportsMultiWindow=true supportsPocketStudioMultiWindow=true isInFlexibleEmbedded = false uid = 10403 pid = 31474 resizeMode=1 isResizeable=true minWidth=-1 minHeight=-1 defaultMinSize=220 token=WCT{RemoteToken{8dc052f Task{775af3 #16726 type=standard I=com.example.tugas_praktikum/.MainActivity}}} topActivityType=1 pictureInPictureParams=null shouldDockBigOverlays=false launchIntoPipHostTaskId=-1 lastParentTaskIdBeforePip=-1 displayCutoutSafeInsets=Rect(0, 110 - 0, 0) topActivityInfo=ActivityInfo{31c0b28 com.example.tugas_praktikum.MainActivity} launchCookies=[] positionInParent=Point(0, 0) parentTaskId=-1 isFocused=true isVisible=false isVisibleRequested=false isSleeping=true locusId=null displayAreaFeatureId=1 isTopActivityTransparent=false appCompatTaskInfo=AppCompatTaskInfo { topActivityInSizeCompat=false topActivityInOplusCompatMode=false topActivityEligibleForLetterboxEducation= falseisLetterboxEducationEnabled= false isLetterboxDoubleTapEnabled= false topActivityEligibleForUserAspectRatioButton= false topActivityBoundsLetterboxed= false isFromLetterboxDoubleTap= false topActivityLetterboxVerticalPosition= -1 topActivityLetterboxHorizontalPosition= -1 topActivityLetterboxWidth=1080 topActivityLetterboxHeight=2400 isUserFullscreenOverrideEnabled=false isSystemFullscreenOverrideEnabled=false cameraCompatTaskInfo=CameraCompatTaskInfo { cameraCompatControlState=hidden freeformCameraCompatMode=inactive}} topActivityLetterboxInsets=Rect(0, 0 - 0, 0) mOplusExtraBundle = Bundle[{androidx.flexible.taskFrame=Rect(0, 0 - 0, 0), key_flexible_task_state=0, androidx.activity.LaunchScenario=0, androidx.activity.LaunchScale=1.0}]} task:Task{775af3 #16726 type=standard I=com.example.tugas_praktikum/.MainActivity}
10-25 22:51:05.800 D/OplusFlexibleDragToSplitAnimController( 1807): visibleFlexibleTaskInfos delete:16726
10-25 22:51:05.801 V/BiometricSchedulerOperation( 1807): started: {[342] com.android.server.biometrics.sensors.fingerprint.aidl.FingerprintAuthenticationClient, proto=3, owner=com.android.systemui, cookie=0, requestId=139, userId=0}, State: 2
10-25 22:51:05.803 I/keystore2(  626): system/security/keystore2/src/super_key.rs:976 - UnlockedDeviceRequired super keys for user 0 are retained in plaintext, with biometric-encrypted copy too.
10-25 22:51:05.809 D/OplusScreenOffGestureManager( 1807): onSensorChanged
10-25 22:51:05.810 I/keystore2(  626): system/security/keystore2/src/database.rs:1321 - First database operation finished
10-25 22:51:05.813 V/WindowManager( 1807): Relayout Window{eb9b564 u0 OnScreenFingerprintIcon}: viewVisibility=8, oldvis=8, req=1080x1080, vsysui=, x=0, y=-331
10-25 22:51:05.813 D/DisplayManagerService( 1807): performTraversalInternal pendingTraversal
10-25 22:51:05.814 D/DisplayDevice( 1807): setLayerStackLocked id=local:4627039422300187648 token=android.os.BinderProxy@2405244 stack=-1->-1
10-25 22:51:05.814 D/WindowManager( 1807): rotation(ROTATION_0) no changed  displayId = 0, lastOrientation = 5
10-25 22:51:05.818 D/DisplayManagerService( 1807): Delivering display event: displayId=0, event=CHANGED
10-25 22:51:05.820 D/CastManagerService( 2267): onDisplayChanged.
10-25 22:51:05.824 V/WindowManager( 1807): Relayout Window{b644cfc u0 OnScreenFingerprintPressedIcon}: viewVisibility=8, oldvis=8, req=171x171, vsysui=, x=0, y=124
10-25 22:51:05.824 D/DisplayManagerService( 1807): MSG_REQUEST_TRAVERSAL pendingCompleted=false
10-25 22:51:05.829 D/OplusVFXScreenEffectFeature( 1807): notifySFCompatWindowStateChange entered false
10-25 22:51:05.830 D/OplusCustomizeSettingsManagerService( 1807): isProtectEyesOn result = false
10-25 22:51:05.832 I/StatusBarManagerService( 1807): disableLocked, what:1000000, pkg:com.android.systemui userId: 0 token:android.os.BinderProxy@27c3832 net1:1000000 net2:0
10-25 22:51:05.834 D/PowerManagerService( 1807): userActivityNoUpdateLocked: groupId=0, eventTime=53181246, event=other, flags=0x0, uid=10231
10-25 22:51:05.838 D/OAppNetControlService( 1807): Screens off!
10-25 22:51:05.838 D/OplusCustomizeSettingsManagerService( 1807): isProtectEyesOn result = false
10-25 22:51:05.841 D/LockSettingsService( 1807): [scheduleNonStrongBiometricIdleTimeout]  userId = 0
10-25 22:51:05.846 D/WindowManagerServiceExtImpl( 1807): extractConfigInfoAndRealFlags rotation=0, screenDp=360, residentWS:0, win=Window{1ed67dc u0 OnScreenFingerprintDimLayer}
10-25 22:51:05.847 V/WindowManager( 1807): Relayout Window{1ed67dc u0 OnScreenFingerprintDimLayer}: viewVisibility=0, oldvis=8, req=1080x2400, vsysui=LAYOUT_STABLE LAYOUT_HIDE_NAVIGATION
10-25 22:51:05.847 I/WindowManager( 1807): Window{1ed67dc u0 OnScreenFingerprintDimLayer} state from NO_SURFACE to DRAW_PENDING; reason: resetDrawState
10-25 22:51:05.850 D/WindowManager( 1807): NFW_findFocusedWindowIfNeeded:null mCurrentFocus:null
10-25 22:51:05.852 W/VRI[OnScreenFingerprintDimLayer]( 2363): updateBlastSurfaceIfNeeded, surfaceSize:Point(1080, 2400), lastSurfaceSize:Point(1080, 2400), format:-2, blastBufferQueue:null
10-25 22:51:05.853 W/UserManagerService( 1807): Requested status bar icon for non-badged user 0
10-25 22:51:05.872 I/WindowManager( 1807): Window{1ed67dc u0 OnScreenFingerprintDimLayer} state from DRAW_PENDING to COMMIT_DRAW_PENDING; reason: finishDrawingLocked
10-25 22:51:05.873 I/WindowManager( 1807): Window{1ed67dc u0 OnScreenFingerprintDimLayer} state from COMMIT_DRAW_PENDING to READY_TO_SHOW; reason: commitFinishDrawingLocked
10-25 22:51:05.873 I/WindowManager( 1807): Window{1ed67dc u0 OnScreenFingerprintDimLayer} state from READY_TO_SHOW to HAS_DRAWN; reason: performShowLocked
10-25 22:51:05.887 D/OplusStartingWindowManager( 1807): updateRecordSurfaceViewState windowToken = android.os.BinderProxy@b873a83, surfaceState = false, attachedToWindow = true, inList = false, win = Window{ba0400 u0 com.example.tugas_praktikum/com.example.tugas_praktikum.MainActivity}
10-25 22:51:05.906 D/WindowManagerServiceExtImpl( 1807): extractConfigInfoAndRealFlags rotation=0, screenDp=360, residentWS:0, win=Window{ba0400 u0 com.example.tugas_praktikum/com.example.tugas_praktikum.MainActivity}
10-25 22:51:05.907 V/WindowManager( 1807): Relayout Window{ba0400 u0 com.example.tugas_praktikum/com.example.tugas_praktikum.MainActivity}: viewVisibility=8, oldvis=0, req=1080x2400, vsysui=LAYOUT_STABLE LAYOUT_FULLSCREEN LIGHT_STATUS_BAR
10-25 22:51:05.908 D/WindowManager( 1807): NFW_findFocusedWindowIfNeeded:null mCurrentFocus:null
10-25 22:51:05.911 D/VRI[MainActivity](31474): relayoutWindow result, sizeChanged:false, surfaceControlChanged:true, transformHintChanged:false, mSurfaceSize:Point(1080, 2400), mLastSurfaceSize:Point(1080, 2400), mWidth:1080, mHeight:2400, requestedWidth:1080, requestedHeight:2400, transformHint:0, installOrientation:0, displayRotation:0, isSurfaceValid:false, attr.flag:-2122252032, tmpFrames:ClientWindowFrames{frame=[0,0][1080,2400] display=[0,0][1080,2400] parentFrame=[0,0][0,0]}, relayoutAsync:false, mSyncSeqId:0
10-25 22:51:05.913 E/ActivityThread( 2363): Failed to find provider info for com.android.systemui
10-25 22:51:05.913 D/LockSettingsService( 1807): [getSeparateProfileChallengeEnabled] userId = 999
10-25 22:51:05.923 D/OplusCustomizeSettingsManagerService( 1807): isProtectEyesOn result = false
10-25 22:51:05.957 D/WindowManagerServiceExtImpl( 1807): extractConfigInfoAndRealFlags rotation=0, screenDp=360, residentWS:0, win=Window{e84d5cc u0 NotificationShade}
10-25 22:51:05.958 V/WindowManager( 1807): Relayout Window{e84d5cc u0 NotificationShade}: viewVisibility=0, oldvis=0, req=1080x2400, vsysui=, x=0, y=0
10-25 22:51:05.960 D/WindowManager( 1807): NFW_findFocusedWindowIfNeeded:Window{e84d5cc u0 NotificationShade} mCurrentFocus:null
10-25 22:51:05.961 E/UAH-Framework( 1807): invalid window type -1, return
10-25 22:51:05.962 V/WindowManager( 1807): Changing focus from null to Window{e84d5cc u0 NotificationShade},diplayid=0
10-25 22:51:05.963 D/WindowManager( 1807): setFrameRateStart invalid typeId return!
10-25 22:51:05.964 D/WindowManager( 1807): setFrameRateStart invalid typeId return!
10-25 22:51:05.965 D/WindowManager( 1807): BarWindow--setVisible: id=2, oldState=0, state=2, mFocuseWindow= Window{e84d5cc u0 NotificationShade} call: 
10-25 22:51:05.969 D/RefreshRate( 1807): Refresh rate changing from 60.0 to 120.00001,maxRefreshRate=120.00001 FOR:{
10-25 22:51:05.969 D/RefreshRate( 1807):     | COURSE[;keyguardShown:3]
10-25 22:51:05.969 D/RefreshRate( 1807):     | VOTES[PRIORITY_WINDOW_REQUEST -> Vote{mRefreshRate=120.0, mMinRefreshRate=120.0, mRequestSource=null};]
10-25 22:51:05.969 D/RefreshRate( 1807):     | TIME:2025-10-25 15:51:05}
10-25 22:51:05.970 D/DisplayModeDirector( 1807): setAppRequest displayId : 0  modeId: 1  requestedRefreshRate: 0.0  requestedMinRefreshRateRange: 0.0  requestedMaxRefreshRateRange: 120.00001
10-25 22:51:05.972 V/WindowManager( 1807): Relayout Window{1f69367 u0 NavigationBar_displayId_0}: viewVisibility=0, oldvis=0, req=1080x132, vsysui=, x=0, y=0
10-25 22:51:05.973 D/DisplayManagerServiceExtImpl( 1807): scheduleTraversalLocked intraversal=false
10-25 22:51:05.974 D/DisplayManagerService( 1807): MSG_REQUEST_TRAVERSAL pendingCompleted=false
10-25 22:51:05.974 D/DisplayManagerService( 1807): performTraversalInternal pendingTraversal
10-25 22:51:05.974 D/DisplayDevice( 1807): setLayerStackLocked id=local:4627039422300187648 token=android.os.BinderProxy@2405244 stack=-1->-1
10-25 22:51:05.979 D/VRR [OPlusExternalRefreshRateManager]( 1807): notifyDisableOtiMode: true
10-25 22:51:05.980 D/LocalDisplayAdapter( 1807): setDesiredDisplayModeSpecsAsync: display unique id = local:4627039422300187648, display mode specs = defaultMode=0 allowGroupSwitching=false primaryRanges=physical: (0.0 120.0) render:  (0.0 120.0) appRequestRanges=physical: (0.0 120.0) render:  (0.0 120.0) idleScreenRefreshRate=null
10-25 22:51:05.980 I/WindowManager( 1807): Window{ba0400 u0 com.example.tugas_praktikum/com.example.tugas_praktikum.MainActivity} state from HAS_DRAWN to NO_SURFACE; reason: destroySurface
10-25 22:51:05.981 D/ActivityTaskManager( 1807): Clearing startingData for activity=ActivityRecord{bd1202d u0 com.example.tugas_praktikum/.MainActivity t16726} mStartingData=null mStartingSurface=null
10-25 22:51:06.000 D/DeviceStateProviderImpl( 1807): keyguard show or sleep: true mLastReportedState 0
10-25 22:51:06.000 V/FlexibleTaskController( 1807): notifyKeyguardStateChanged keyguardShowing = true ; displayId = 0
10-25 22:51:06.002 V/UsbDeviceManager( 1807): onKeyguardStateChanged: isShowing:true secure:true user:0
10-25 22:51:06.012 D/vold    (  539): Cannot find key for 0
10-25 22:51:06.013 D/vold    (  539): Cannot find key for 0
10-25 22:51:06.013 I/vold    (  539): evict_sensitive_key: 1,sensitiveType=0
10-25 22:51:06.013 I/vold    (  539): evict_sensitive_key: 1
10-25 22:51:06.022 I/keystore2(  626): system/security/keystore2/src/database.rs:1321 - First database operation finished
10-25 22:51:06.044 I/keystore2(  626): system/security/keystore2/src/database.rs:1394 - No superseded key blob
10-25 22:51:06.051 D/vold    (  539): Cannot find key for 0
10-25 22:51:06.051 D/vold    (  539): Cannot find key for 0
10-25 22:51:06.051 I/vold    (  539): evict_sensitive_key: 1,sensitiveType=1
10-25 22:51:06.051 I/vold    (  539): evict_sensitive_key: 1
10-25 22:51:06.051 D/WindowManagerServiceExtImpl( 1807): extractConfigInfoAndRealFlags rotation=0, screenDp=360, residentWS:0, win=Window{e84d5cc u0 NotificationShade}
10-25 22:51:06.052 E/OplusStorageManagerFeature( 1807): clear Ae Be key
10-25 22:51:06.052 D/SystemServerTiming( 1807): getUserSwitchability-0
10-25 22:51:06.052 D/SystemServerTiming( 1807): TM.isInCall
10-25 22:51:06.053 V/WindowManager( 1807): Relayout Window{e84d5cc u0 NotificationShade}: viewVisibility=0, oldvis=0, req=1080x2400, vsysui=, x=0, y=0
10-25 22:51:06.054 D/DisplayAdapterExt( 1807): sendDisplayDeviceEventLocked event=2,now=73902534,timestamp=73902534 device:[id=local:4627039422300187648,stack=-1],isFirst=true,activeMode=2,state=OFF,commitState=OFF,devInfo:null
10-25 22:51:06.057 D/HidlDisplayPanelFeature( 1807): getDisplayPanelFeatureValue +++, featureID:20
10-25 22:51:06.071 D/HidlDisplayPanelFeature( 1807): getDisplayPanelFeatureValue, ret = 0
10-25 22:51:06.071 I/HidlDisplayPanelFeature( 1807): [0]
10-25 22:51:06.071 D/HidlDisplayPanelFeature( 1807): getDisplayPanelFeatureValue ---, result = [0]
10-25 22:51:06.072 D/OplusSilentRebootManager( 1807): silence flags file value is :0
10-25 22:51:06.074 D/DisplayPowerState[0]( 1807): updateRunnable run fadeLevle=0.0 state=OFF brightness changed:39.0->-1.0
10-25 22:51:06.079 D/OplusAccessControlManagerService( 1807): onKeyguardStateChanged : true
10-25 22:51:06.080 D/DisplayDeviceRepositoryExtImpl( 1807): onDisplayDeviceEvent event=2,now=73902534,timestamp=73902534 device:[id=local:4627039422300187648,stack=-1],isFirst=true,activeMode=2,state=OFF,commitState=OFF,devInfo:DisplayDeviceInfo{"Built-in Screen": uniqueId="local:4627039422300187648", 1080 x 2400, modeId 2, renderFrameRate 60.000004, defaultModeId 1, userPreferredModeId -1, supportedModes [{id=1, width=1080, height=2400, fps=120.00001, vsync=120.00001, synthetic=false, alternativeRefreshRates=[60.0], supportedHdrTypes=[]}, {id=2, width=1080, height=2400, fps=60.0, vsync=60.0, synthetic=false, alternativeRefreshRates=[120.00001], supportedHdrTypes=[]}], colorMode 0, supportedColorModes [0, 7], hdrCapabilities HdrCapabilities{mSupportedHdrTypes=[], mMaxLuminance=500.0, mMaxAverageLuminance=500.0, mMinLuminance=0.0}, allmSupported false, gameContentTypeSupported false, density 480, 394.409 x 394.409 dpi, appVsyncOff 1133334, presDeadline 16600000, cutout DisplayCutout{insets=Rect(0, 110 - 0, 0) waterfall=Insets{left=0, top=0, right=0, bottom=0} boundingRect={Bounds=[Rect(0, 0 - 0, 0), Rect(498, 0 - 582, 110), Rect(0, 0 - 0, 0), Rect(0, 0 - 0, 0)]} cutoutPathParserInfo={CutoutPathParserInfo{displayWidth=1080 displayHeight=2400 physicalDisplayWidth=1080 physicalDisplayHeight=2400 density={3.0} cutoutSpec={M -42,0 L -42,110 L 42,110 L 42,0 Z} rotation={0} scale={1.0} physicalPixelDisplaySizeRatio={1.0}}} sideOverrides={}}, touch INTERNAL, rotation 0, type INTERNAL, address {port=0, model=0x40368bd6e7ee6c}, deviceProductInfo DeviceProductInfo{name=MTKDEV, manufacturerPnpId=MTK, productId=35638, modelYear=null, manufactureDate=ManufactureDate{week=42, year=2021}, connectionToSinkType=0}, state OFF, committedState OFF, frameRateOverride , brightnessMinimum 0.0, brightnessMaximum 1.0, brightnessDefault 4730.108, hdrSdrRatio 1.0, backlightType 0, FLAG_ALLOWED_TO_BE_DEFAULT_DISPLAY, FLAG_ROTATES_WITH_CONTENT, FLAG_SECURE, FLAG_SUPPORTS_PROTECTED_BUFFERS, FLAG_TRUSTED, installOrientation 0, displayShape DisplayShape{ spec=1406003047 displayWidth=1080 displayHeight=2400 physicalPixelDisplaySizeRatio=1.0 rotation=0 offsetX=0 offsetY=0 scale=1.0}}
10-25 22:51:06.080 I/DisplayDeviceRepositoryExtImpl( 1807): Display device changed committed state: "Built-in Screen", OFF
10-25 22:51:06.080 D/LogicalDisplayMapper( 1807): Display device changed: DisplayDeviceInfo{"Built-in Screen": uniqueId="local:4627039422300187648", 1080 x 2400, modeId 2, renderFrameRate 60.000004, defaultModeId 1, userPreferredModeId -1, supportedModes [{id=1, width=1080, height=2400, fps=120.00001, vsync=120.00001, synthetic=false, alternativeRefreshRates=[60.0], supportedHdrTypes=[]}, {id=2, width=1080, height=2400, fps=60.0, vsync=60.0, synthetic=false, alternativeRefreshRates=[120.00001], supportedHdrTypes=[]}], colorMode 0, supportedColorModes [0, 7], hdrCapabilities HdrCapabilities{mSupportedHdrTypes=[], mMaxLuminance=500.0, mMaxAverageLuminance=500.0, mMinLuminance=0.0}, allmSupported false, gameContentTypeSupported false, density 480, 394.409 x 394.409 dpi, appVsyncOff 1133334, presDeadline 16600000, cutout DisplayCutout{insets=Rect(0, 110 - 0, 0) waterfall=Insets{left=0, top=0, right=0, bottom=0} boundingRect={Bounds=[Rect(0, 0 - 0, 0), Rect(498, 0 - 582, 110), Rect(0, 0 - 0, 0), Rect(0, 0 - 0, 0)]} cutoutPathParserInfo={CutoutPathParserInfo{displayWidth=1080 displayHeight=2400 physicalDisplayWidth=1080 physicalDisplayHeight=2400 density={3.0} cutoutSpec={M -42,0 L -42,110 L 42,110 L 42,0 Z} rotation={0} scale={1.0} physicalPixelDisplaySizeRatio={1.0}}} sideOverrides={}}, touch INTERNAL, rotation 0, type INTERNAL, address {port=0, model=0x40368bd6e7ee6c}, deviceProductInfo DeviceProductInfo{name=MTKDEV, manufacturerPnpId=MTK, productId=35638, modelYear=null, manufactureDate=ManufactureDate{week=42, year=2021}, connectionToSinkType=0}, state OFF, committedState OFF, frameRateOverride , brightnessMinimum 0.0, brightnessMaximum 1.0, brightnessDefault 4730.108, hdrSdrRatio 1.0, backlightType 0, FLAG_ALLOWED_TO_BE_DEFAULT_DISPLAY, FLAG_ROTATES_WITH_CONTENT, FLAG_SECURE, FLAG_SUPPORTS_PROTECTED_BUFFERS, FLAG_TRUSTED, installOrientation 0, displayShape DisplayShape{ spec=1406003047 displayWidth=1080 displayHeight=2400 physicalPixelDisplaySizeRatio=1.0 rotation=0 offsetX=0 offsetY=0 scale=1.0}} diff=4
10-25 22:51:06.081 D/LogicalDisplayExt( 1807): set displayInfo flag FLAG_ROTATES_WITH_CONTENT
10-25 22:51:06.082 D/SystemServerTiming( 1807): hasUserRestriction-DISALLOW_USER_SWITCH
10-25 22:51:06.082 D/SystemServerTiming( 1807): getInt-ALLOW_USER_SWITCHING_WHEN_SYSTEM_USER_LOCKED
10-25 22:51:06.082 D/DisplayManagerServiceExtImpl( 1807): scheduleTraversalLocked intraversal=false
10-25 22:51:06.082 D/SystemServerTiming( 1807): isUserUnlocked-USER_SYSTEM
10-25 22:51:06.082 I/DisplayManagerServiceExtImpl( 1807): handle logical display changed logicalDisplay=id=0,stack=0,content=true,displayInfo{stack=0,type=1,id=0,uId=local:4627039422300187648,state=OFF,pkg=null}
10-25 22:51:06.090 D/DisplayManagerService( 1807): Delivering display event: displayId=0, event=CHANGED
10-25 22:51:06.093 D/VRR [OPlusExternalRefreshRateManager]( 1807):  [OTI] handleTouchIdlePauseState: Force
10-25 22:51:06.093 D/VRR [OPlusSurfaceFlingerController]( 1807):  setTouchIdleShouldPause : true
10-25 22:51:06.096 I/DreamManagerService( 1807): Entering dreamland.
10-25 22:51:06.112 D/DisplayManagerService( 1807): MSG_REQUEST_TRAVERSAL pendingCompleted=false
10-25 22:51:06.116 D/OplusVFXScreenEffectFeature( 1807): notifySFCompatWindowStateChange entered false
10-25 22:51:06.116 D/CastManagerService( 2267): onDisplayChanged.
10-25 22:51:06.117 D/DisplayManagerService( 1807): performTraversalInternal pendingTraversal
10-25 22:51:06.117 D/DisplayDevice( 1807): setLayerStackLocked id=local:4627039422300187648 token=android.os.BinderProxy@2405244 stack=-1->-1
10-25 22:51:06.135 I/PowerManagerService( 1807): Dozing...
10-25 22:51:06.135 D/BrightnessThermalClamper( 1807): Thermal status observer already started
10-25 22:51:06.135 D/BrightnessPowerClamper( 1807): Power throttling data is missing for configuration data.
10-25 22:51:06.148 W/SettingsProvider( 1807): You shouldn't keep your settings in the secure settings. This will soon become an error!!!
10-25 22:51:06.154 D/OplusScreenOffGestureManager( 1807): mIsWriteNodeFinished = true
10-25 22:51:06.154 I/DreamController( 1807): Starting dream: name=ComponentInfo{com.android.systemui/com.android.systemui.doze.DozeService}, isPreviewMode=false, canDoze=true, userId=0, reason='power manager request'
10-25 22:51:06.165 D/OplusFlexibleWindowMinimizedManagerHelper( 1807): onReceive, intent = android.intent.action.CLOSE_SYSTEM_DIALOGS reason:dream state:0
10-25 22:51:06.182 D/OplusScreenOffGestureManager( 1807): mIsWriteNodeFinished = false
10-25 22:51:06.244 W/OplusStorageManagerFeature( 1807): mScreenReceiver action:android.intent.action.DREAMING_STARTED
10-25 22:51:06.248 W/OplusStorageManagerFeature( 1807): turn screenOff, maintPrepared:false
10-25 22:51:06.248 W/OplusStorageManagerFeature( 1807): sendToTarget over,paramStr:5
10-25 22:51:06.254 W/OplusStorageManagerFeature( 1807): Ready to deal actionParam:5
10-25 22:51:06.267 D/vold    (  539): ufshid started
10-25 22:51:06.268 D/vold    (  539): ufshid end
10-25 22:51:06.289 E/OplusStorageManagerFeature( 1807): writeF2fsRelatedNode failed for:gc_urgent
10-25 22:51:06.289 E/OplusStorageManagerFeature( 1807): java.io.FileNotFoundException: /sys/fs/f2fs/sdc18/gc_urgent: open failed: EACCES (Permission denied)
10-25 22:51:06.289 E/OplusStorageManagerFeature( 1807): 	at libcore.io.IoBridge.open(IoBridge.java:574)
10-25 22:51:06.289 E/OplusStorageManagerFeature( 1807): 	at java.io.FileOutputStream.<init>(FileOutputStream.java:259)
10-25 22:51:06.289 E/OplusStorageManagerFeature( 1807): 	at java.io.FileOutputStream.<init>(FileOutputStream.java:147)
10-25 22:51:06.289 E/OplusStorageManagerFeature( 1807): 	at java.io.FileWriter.<init>(FileWriter.java:66)
10-25 22:51:06.289 E/OplusStorageManagerFeature( 1807): 	at com.android.server.storage.OplusStorageManagerFeature.writeF2fsRelatedNode(OplusStorageManagerFeature.java:1147)
10-25 22:51:06.289 E/OplusStorageManagerFeature( 1807): 	at com.android.server.storage.OplusStorageManagerFeature.onMessageDPolicyExpect(OplusStorageManagerFeature.java:1942)
10-25 22:51:06.289 E/OplusStorageManagerFeature( 1807): 	at com.android.server.storage.OplusStorageManagerFeature.onStorageManagerMessageHandle(OplusStorageManagerFeature.java:1503)
10-25 22:51:06.289 E/OplusStorageManagerFeature( 1807): 	at com.android.server.StorageManagerService$StorageManagerServiceHandler.handleMessage(StorageManagerService.java:790)
10-25 22:51:06.289 E/OplusStorageManagerFeature( 1807): 	at android.os.Handler.dispatchMessage(Handler.java:107)
10-25 22:51:06.289 E/OplusStorageManagerFeature( 1807): 	at android.os.Looper.loopOnce(Looper.java:282)
10-25 22:51:06.289 E/OplusStorageManagerFeature( 1807): 	at android.os.Looper.loop(Looper.java:387)
10-25 22:51:06.289 E/OplusStorageManagerFeature( 1807): 	at android.os.HandlerThread.run(HandlerThread.java:85)
10-25 22:51:06.289 E/OplusStorageManagerFeature( 1807): Caused by: android.system.ErrnoException: open failed: EACCES (Permission denied)
10-25 22:51:06.289 E/OplusStorageManagerFeature( 1807): 	at libcore.io.Linux.open(Native Method)
10-25 22:51:06.289 E/OplusStorageManagerFeature( 1807): 	at libcore.io.ForwardingOs.open(ForwardingOs.java:568)
10-25 22:51:06.289 E/OplusStorageManagerFeature( 1807): 	at libcore.io.BlockGuardOs.open(BlockGuardOs.java:274)
10-25 22:51:06.289 E/OplusStorageManagerFeature( 1807): 	at libcore.io.IoBridge.open(IoBridge.java:560)
10-25 22:51:06.289 E/OplusStorageManagerFeature( 1807): 	... 11 more
10-25 22:51:06.315 D/OplusFeatureAOD( 1807): key:1807 tmp:2
10-25 22:51:06.316 D/DisplayPowerController[0]( 1807): requestPowerState: policy=DOZE, useProximitySensor=false, screenBrightnessOverride=-1.0, useAutoBrightness=false, screenAutoBrightnessAdjustmentOverride=NaN, screenLowPowerBrightnessFactor=1.0, blockScreenOn=false, lowPowerMode=false, boostScreenBrightness=false, dozeScreenBrightness=NaN, dozeScreenState=UNKNOWN, dozeScreenStateReason=DREAM_MANAGER, waitForNegativeProximity=false displayReady=false pendingRequest=true
10-25 22:51:06.316 D/DisplayManagerServiceExtImpl( 1807): request size(1,1),dpc=com.android.server.display.DisplayPowerController@8ae0f71 size(0,1),flags=0X200F,id(0,0,local:4627039422300187648),enable=true,ready=false,waitForNegativeProximity=false policy=DOZE,useProximitySensor=false,dozeState=UNKNOWN,screenBrightnessOverride=-1.000000,useAuto=false,lowPower=false,lowPowerFactor=1.000000
10-25 22:51:06.320 D/DisplayPowerController[0]( 1807): updatePowerStateInternal policy:OFF->DOZE,state:OFF->OFF policy=DOZE, useProximitySensor=false, screenBrightnessOverride=-1.0, useAutoBrightness=false, screenAutoBrightnessAdjustmentOverride=NaN, screenLowPowerBrightnessFactor=1.0, blockScreenOn=false, lowPowerMode=false, boostScreenBrightness=false, dozeScreenBrightness=NaN, dozeScreenState=UNKNOWN, dozeScreenStateReason=DREAM_MANAGER
10-25 22:51:06.321 D/OplusPowerManagerHelper( 1807): [onGoToSleep]
10-25 22:51:06.327 E/OplusCustomizeRestrictionManagerService( 1807): isBiometricDisabled start
10-25 22:51:06.327 D/OplusPowerManagerHelper( 1807): [requestKeyguard]
10-25 22:51:06.328 D/OplusFeatureAOD( 1807): notifySfUnBlockScreenOn
10-25 22:51:06.335 D/NotifierExtImpl( 1807): notifyScreenOnOff: on = false
10-25 22:51:06.335 D/OplusPowerManagerServiceEnhance( 1807): notifyScreenOnOff on=false
10-25 22:51:06.349 D/DeviceStateProviderImpl( 1807): keyguard show or sleep: true mLastReportedState 0
10-25 22:51:06.350 V/UsbDeviceManager( 1807): onKeyguardStateChanged: isShowing:true secure:true user:0
10-25 22:51:06.351 D/OplusAccessControlManagerService( 1807): onKeyguardStateChanged : true
10-25 22:51:06.358 D/OplusGuardElfFeature( 1807): ICharger service = vendor.oplus.hardware.charger.ICharger$Stub$Proxy@c325fe1
10-25 22:51:06.361 D/OplusGuardElfFeature( 1807): ICharger set value = 0
10-25 22:51:06.361 D/OplusGuardElfFeature( 1807): calling class name = ThermalControlUtils
10-25 22:51:06.361 D/LockSettingsService( 1807): [getSeparateProfileChallengeEnabled] userId = 999
10-25 22:51:06.365 D/OplusBatteryManager( 2322): set charge value = 0
10-25 22:51:06.372 W/RefreshRate( 1807): requestRefreshRate:repeat request priority121 rate: 60.0 status: 0
10-25 22:51:06.381 D/OplusFeatureAOD( 1807): key:1807 tmp:0
10-25 22:51:06.381 D/DisplayPowerController[0]( 1807): requestPowerState: policy=DOZE, useProximitySensor=false, screenBrightnessOverride=-1.0, useAutoBrightness=false, screenAutoBrightnessAdjustmentOverride=NaN, screenLowPowerBrightnessFactor=1.0, blockScreenOn=false, lowPowerMode=false, boostScreenBrightness=false, dozeScreenBrightness=NaN, dozeScreenState=OFF, dozeScreenStateReason=UNKNOWN, waitForNegativeProximity=false displayReady=false pendingRequest=true
10-25 22:51:06.382 D/DisplayManagerServiceExtImpl( 1807): request size(1,1),dpc=com.android.server.display.DisplayPowerController@8ae0f71 size(0,1),flags=0X200F,id(0,0,local:4627039422300187648),enable=true,ready=false,waitForNegativeProximity=false policy=DOZE,useProximitySensor=false,dozeState=OFF,screenBrightnessOverride=-1.000000,useAuto=false,lowPower=false,lowPowerFactor=1.000000
10-25 22:51:06.391 D/OplusCustomizeAIStatistics( 1807): onReceive android.intent.action.SCREEN_OFF
10-25 22:51:06.399 D/MBrainLocalService( 1807): isVendorFreezeConditionPass is false
10-25 22:51:06.399 E/ScreenIntentReceiver( 1807): notifyChange failed
10-25 22:51:06.417 D/WindowManagerServiceExtImpl( 1807): extractConfigInfoAndRealFlags rotation=0, screenDp=360, residentWS:0, win=Window{e84d5cc u0 NotificationShade}
10-25 22:51:06.418 V/WindowManager( 1807): Relayout Window{e84d5cc u0 NotificationShade}: viewVisibility=0, oldvis=0, req=1080x2400, vsysui=, x=0, y=0
10-25 22:51:06.433 I/PowerManagerService( 1807): onFlip(): Face up.
10-25 22:51:06.433 D/PowerManagerService( 1807): onFlip: isFaceDown=false
10-25 22:51:06.433 D/PowerManagerService( 1807): userActivityNoUpdateLocked: groupId=0, eventTime=53181846, event=other, flags=0x0, uid=1000
10-25 22:51:06.435 D/OplusAlarmAdjustment( 1807): MSG_SCREEN_OFF,  adjustInterval =300000 ms, mDefaultAlignInterval=300000 ms, mScreenOffElapsed=73902915 ms
10-25 22:51:06.576 W/RefreshRate( 1807): requestRefreshRate:repeat request priority121 rate: 60.0 status: 0
10-25 22:51:06.579 E/ActivityThread( 2363): Failed to find provider info for com.android.systemui
10-25 22:51:06.599 I/Quality ( 2363): BitmapCompressInfo:1080,2400,0,100,245476692
10-25 22:51:06.614 W/AlarmManager( 1807): Alarms must either supply a PendingIntent or an AlarmReceiver
10-25 22:51:06.621 D/OplusFeatureColorMode( 1807): +updateUserDreaming
10-25 22:51:06.621 D/OplusDisplayBrightnessBroadcastReceiver( 1807): onReceive action = android.intent.action.SCREEN_OFF , listeners = [com.android.server.display.marvels.module.ORBrightnessMarvelsDataCollector$ScreenStateReceiver@e7b5e4a, com.android.server.display.stat.BackLightStat$EventReceiver@c08ac83, com.android.server.display.color.OplusFeatureColorMode$UserSwitchedReceiver@7e17468]
10-25 22:51:06.733 V/WindowManagerShell( 2363): Transition requested (#884): android.os.BinderProxy@52e8025 TransitionRequestInfo { type = SLEEP, triggerTask = null, pipTask = null, remoteTransition = null, displayChange = null, flags = 0, debugId = 884 }
10-25 22:51:06.735 D/adaptiveSmoothAnim( 1807): cancle Skip finishNow for SyncGroup 884
10-25 22:51:06.735 E/OplusAppQuickStart_AppQuickStartController( 1807): not start from launcher transition:TransitionRecord{5852942 id=884 track=0 type=SLEEP flags=0x0 state=1}
10-25 22:51:06.736 D/OplusFlexibleActivityTransitionManager( 1807): fixTransitType type result:12, targets: []
10-25 22:51:06.736 D/OplusTransitionController( 1807): onTransactionReady, transition: 884, 
10-25 22:51:06.736 D/OplusTransitionController( 1807):  info: {id=884 t=SLEEP f=0x40 trk=0 r=[] c=[] extendInfo=[OplusTransitionExtendedInfo{mTmpFinishT=null, mInOplusCompatMode=false, mIsProcessRunning=false, mHasMismatchBoundsTarget=false, mRecentsController=null, mIsTranslucentActivityToHome=false, mAvoidInterceptKeyEventToHome=false, mIsFromHome=false, mParentLeash=null, mIsOplusAnimRes=false, mIsFromOverlay=false, mIsBalAllow=false, mTaskNotInRecent=false, mIsLaunchFromSpruce=false, mIsLaunchFromDrive=false, mAssistScreenShowing=false, mUserIdTransition=-1, mInRemoteScene=false, mInPreReady=false, mPreStart=false, mToken=null, mShellApplyToken=null, mRequestTransitionTaskId=-1, mAbortTransitionOnShell=0, mTransitionId=884, mAnimStartingPosition=[0, 0, 0, 0], mIsOpeningStkDialogActivity=false}]}, 
10-25 22:51:06.736 D/OplusTransitionController( 1807):  targets : [], 
10-25 22:51:06.736 D/OplusTransitionController( 1807):  participants: {}, 
10-25 22:51:06.736 D/OplusTransitionController( 1807):  playings:[TransitionRecord{5852942 id=884 track=0 type=SLEEP flags=0x40 state=2}]
10-25 22:51:06.739 V/WindowManagerShell( 2363): onTransitionReady(transaction=7761005965061)
10-25 22:51:06.740 V/WindowManager( 1807): Sent Transition (#884) createdAt=10-25 22:51:06.730 via request=TransitionRequestInfo { type = SLEEP, triggerTask = null, pipTask = null, remoteTransition = null, displayChange = null, flags = 0, debugId = 884 }
10-25 22:51:06.740 V/WindowManager( 1807):     startWCT=null
10-25 22:51:06.740 V/WindowManager( 1807):     info={id=884 t=SLEEP f=0x40 trk=0 r=[] c=[] extendInfo=[OplusTransitionExtendedInfo{mTmpFinishT=null, mInOplusCompatMode=false, mIsProcessRunning=false, mHasMismatchBoundsTarget=false, mRecentsController=null, mIsTranslucentActivityToHome=false, mAvoidInterceptKeyEventToHome=false, mIsFromHome=false, mParentLeash=null, mIsOplusAnimRes=false, mIsFromOverlay=false, mIsBalAllow=false, mTaskNotInRecent=false, mIsLaunchFromSpruce=false, mIsLaunchFromDrive=false, mAssistScreenShowing=false, mUserIdTransition=-1, mInRemoteScene=false, mInPreReady=false, mPreStart=false, mToken=null, mShellApplyToken=null, mRequestTransitionTaskId=-1, mAbortTransitionOnShell=0, mTransitionId=884, mAnimStartingPosition=[0, 0, 0, 0], mIsOpeningStkDialogActivity=false}]}
10-25 22:51:06.741 W/Transition( 1807): Transition already started id=884 state=2
10-25 22:51:06.743 V/WindowManagerShell( 2363): onTransitionReady (#884) android.os.BinderProxy@52e8025: {id=884 t=SLEEP f=0x40 trk=0 r=[] c=[] extendInfo=[OplusTransitionExtendedInfo{mTmpFinishT=null, mInOplusCompatMode=false, mIsProcessRunning=false, mHasMismatchBoundsTarget=false, mRecentsController=null, mIsTranslucentActivityToHome=false, mAvoidInterceptKeyEventToHome=false, mIsFromHome=false, mParentLeash=null, mIsOplusAnimRes=false, mIsFromOverlay=false, mIsBalAllow=false, mTaskNotInRecent=false, mIsLaunchFromSpruce=false, mIsLaunchFromDrive=false, mAssistScreenShowing=false, mUserIdTransition=-1, mInRemoteScene=false, mInPreReady=false, mPreStart=false, mToken=null, mShellApplyToken=null, mRequestTransitionTaskId=-1, mAbortTransitionOnShell=0, mTransitionId=884, mAnimStartingPosition=[0, 0, 0, 0], mIsOpeningStkDialogActivity=false}]}
10-25 22:51:06.744 V/WindowManagerShell( 2363): No transition roots in (#884) android.os.BinderProxy@52e8025@0 so abort
10-25 22:51:06.746 V/WindowManagerShell( 2363): Transition animation finished (aborted=true), notifying core (#884) android.os.BinderProxy@52e8025@0
10-25 22:51:06.746 D/SplitScreen-->AppLockManager( 2363): setStartFromSafeControl mStartFromSafeControl=false
10-25 22:51:06.758 W/AppOps  ( 1807): Noting op not finished: uid 10126 pkg com.google.android.gms code 79 startTime of in progress event=1761407178894
10-25 22:51:06.773 I/BLASTSyncEngine( 1807): onCommitted syncId: 884, timeout: falseran: false
10-25 22:51:06.798 W/AppOps  ( 1807): Noting op not finished: uid 10126 pkg com.google.android.gms code 113 startTime of in progress event=1761407178894
10-25 22:51:06.801 I/MR2ServiceImpl( 1807): Updating composite discovery preference | preference: RouteDiscoveryRequest{ preferredFeatures={}, activeScan=false }, active routers: []
10-25 22:51:06.813 D/OplusTransitionController( 1807): finishTransition, transition: TransitionRecord{5852942 id=884 track=0 type=SLEEP flags=0x40 state=4}
10-25 22:51:06.813 I/WindowManager( 1807): Window{e87d60b u0 com.android.launcher/com.android.launcher.Launcher} state from HAS_DRAWN to NO_SURFACE; reason: destroySurface
10-25 22:51:06.814 D/adaptiveSmoothAnim_Main( 1807): dispatchCachedSurfaceRemoved launcher Id = 15822
10-25 22:51:06.815 D/RefreshRate( 1807): ***** request traversal for refresh rate change, reason is highTempRefreshRateChanged: false, windowRefreshRateChanged: true, flexibleWindowStateChanged: false, has float/zoom window *****
10-25 22:51:06.816 D/TransitionController( 1807): NFW_send RECOMPUTE_FOCUS in finishTransition
10-25 22:51:06.817 D/ShellTaskOrganizer( 2363): onTransitionFinish, isRecent:false
10-25 22:51:06.817 V/WindowManagerShell( 2363): Track 0 became idle
10-25 22:51:06.817 V/WindowManagerShell( 2363): All active transition animations finished
10-25 22:51:06.844 D/OplusStartingWindowManager( 1807): updateRecordSurfaceViewState windowToken = android.os.BinderProxy@17e31da, surfaceState = false, attachedToWindow = true, inList = false, win = Window{e87d60b u0 com.android.launcher/com.android.launcher.Launcher}
10-25 22:51:06.848 D/WindowManager( 1807): NFW_findFocusedWindowIfNeeded:Window{e84d5cc u0 NotificationShade} mCurrentFocus:Window{e84d5cc u0 NotificationShade}
10-25 22:51:06.856 W/UserManagerService( 1807): Requested status bar icon for non-badged user 0
10-25 22:51:06.902 W/AppOps  ( 1807): Noting op not finished: uid 10126 pkg com.google.android.gms code 113 startTime of in progress event=1761407178894
10-25 22:51:06.938 W/AppOps  ( 1807): Noting op not finished: uid 10126 pkg com.google.android.gms code 113 startTime of in progress event=1761407178894
10-25 22:51:07.096 D/OplusBatteryManager( 1807): getPsyBatteryRm: 5396
10-25 22:51:07.135 D/OplusFeatureAOD( 1807): key:1807 tmp:3
10-25 22:51:07.136 D/DisplayPowerController[0]( 1807): requestPowerState: policy=DOZE, useProximitySensor=false, screenBrightnessOverride=-1.0, useAutoBrightness=false, screenAutoBrightnessAdjustmentOverride=NaN, screenLowPowerBrightnessFactor=1.0, blockScreenOn=false, lowPowerMode=false, boostScreenBrightness=false, dozeScreenBrightness=NaN, dozeScreenState=DOZE, dozeScreenStateReason=UNKNOWN, waitForNegativeProximity=false displayReady=false pendingRequest=true
10-25 22:51:07.136 D/DisplayManagerServiceExtImpl( 1807): request size(1,1),dpc=com.android.server.display.DisplayPowerController@8ae0f71 size(0,1),flags=0X200F,id(0,0,local:4627039422300187648),enable=true,ready=false,waitForNegativeProximity=false policy=DOZE,useProximitySensor=false,dozeState=DOZE,screenBrightnessOverride=-1.000000,useAuto=false,lowPower=false,lowPowerFactor=1.000000
10-25 22:51:07.136 D/VRR [OPlusRefreshRateService]( 1807): handleScreenStateChange state: 3
10-25 22:51:07.136 D/VRR [OPlusExternalRefreshRateManager]( 1807): screenStateChange state: 3
10-25 22:51:07.136 D/BackLightStat( 1807): setScreenState: state changed:OFF->DOZE
10-25 22:51:07.136 D/OplusDisplayState( 1807): setScreenState = false isPrimary = true
10-25 22:51:07.155 D/DisplayPowerState[0]( 1807): setScreenState changed:OFF->DOZE
10-25 22:51:07.156 D/DisplayPowerState[0]( 1807): setColorFadeLevel: level=1.0
10-25 22:51:07.162 I/DisplayBrightnessStrategySelector( 1807): Changing the DisplayBrightnessStrategy from ScreenOffBrightnessStrategy to InvalidBrightnessStrategy for display 0
10-25 22:51:07.164 D/OplusFeatureHDREnhanceBrightness( 1807): setAnimating : displayId[0]=true
10-25 22:51:07.164 D/OplusFeatureReduceBrightness( 1807): setAnimating : animating = true
10-25 22:51:07.164 D/OplusFeatureEdrEnhanceBrightness( 1807): setAnimating: true
10-25 22:51:07.164 D/OplusFeaturePwEdrEnhanceBrightness( 1807): setAnimating: true
10-25 22:51:07.167 D/DpcExtImpl[0]( 1807): Animating brightness: hdrBrightness target=39->2164,sdrBrightness target=39->2164,rate=6400->6400,type=manual,byUse=false local:4627039422300187648
10-25 22:51:07.168 D/OplusSmartBrightnessController( 1807): add for debug Aod brightness set 1.0
10-25 22:51:07.175 D/OplusSmartBrightnessController( 1807): add for debug Aod brightness set 1.0
10-25 22:51:07.187 D/DisplayPowerState[0]( 1807): Updating screen state: id=0, state=DOZE, backlight=1.0, sdrBacklight=1.0
10-25 22:51:07.188 D/DisplayDeviceRepositoryExtImpl( 1807): onDisplayDeviceEvent event=2,now=73903668,timestamp=73903668 device:[id=local:4627039422300187648,stack=-1],isFirst=true,activeMode=2,state=DOZE,commitState=OFF,devInfo:null
10-25 22:51:07.189 D/DisplayAdapterExt( 1807): sendDisplayDeviceEventLocked event=2,now=73903668,timestamp=73903668 device:[id=local:4627039422300187648,stack=-1],isFirst=true,activeMode=2,state=DOZE,commitState=OFF,devInfo:null
10-25 22:51:07.190 I/DisplayDeviceRepository( 1807): Display device changed state: "Built-in Screen", DOZE
10-25 22:51:07.191 D/LogicalDisplayMapper( 1807): Display device changed: DisplayDeviceInfo{"Built-in Screen": uniqueId="local:4627039422300187648", 1080 x 2400, modeId 2, renderFrameRate 60.000004, defaultModeId 1, userPreferredModeId -1, supportedModes [{id=1, width=1080, height=2400, fps=120.00001, vsync=120.00001, synthetic=false, alternativeRefreshRates=[60.0], supportedHdrTypes=[]}, {id=2, width=1080, height=2400, fps=60.0, vsync=60.0, synthetic=false, alternativeRefreshRates=[120.00001], supportedHdrTypes=[]}], colorMode 0, supportedColorModes [0, 7], hdrCapabilities HdrCapabilities{mSupportedHdrTypes=[], mMaxLuminance=500.0, mMaxAverageLuminance=500.0, mMinLuminance=0.0}, allmSupported false, gameContentTypeSupported false, density 480, 394.409 x 394.409 dpi, appVsyncOff 1133334, presDeadline 16600000, cutout DisplayCutout{insets=Rect(0, 110 - 0, 0) waterfall=Insets{left=0, top=0, right=0, bottom=0} boundingRect={Bounds=[Rect(0, 0 - 0, 0), Rect(498, 0 - 582, 110), Rect(0, 0 - 0, 0), Rect(0, 0 - 0, 0)]} cutoutPathParserInfo={CutoutPathParserInfo{displayWidth=1080 displayHeight=2400 physicalDisplayWidth=1080 physicalDisplayHeight=2400 density={3.0} cutoutSpec={M -42,0 L -42,110 L 42,110 L 42,0 Z} rotation={0} scale={1.0} physicalPixelDisplaySizeRatio={1.0}}} sideOverrides={}}, touch INTERNAL, rotation 0, type INTERNAL, address {port=0, model=0x40368bd6e7ee6c}, deviceProductInfo DeviceProductInfo{name=MTKDEV, manufacturerPnpId=MTK, productId=35638, modelYear=null, manufactureDate=ManufactureDate{week=42, year=2021}, connectionToSinkType=0}, state DOZE, committedState OFF, frameRateOverride , brightnessMinimum 0.0, brightnessMaximum 1.0, brightnessDefault 4730.108, hdrSdrRatio 1.0, backlightType 0, FLAG_ALLOWED_TO_BE_DEFAULT_DISPLAY, FLAG_ROTATES_WITH_CONTENT, FLAG_SECURE, FLAG_SUPPORTS_PROTECTED_BUFFERS, FLAG_TRUSTED, installOrientation 0, displayShape DisplayShape{ spec=1406003047 displayWidth=1080 displayHeight=2400 physicalPixelDisplaySizeRatio=1.0 rotation=0 offsetX=0 offsetY=0 scale=1.0}} diff=2
10-25 22:51:07.191 D/LogicalDisplayExt( 1807): set displayInfo flag FLAG_ROTATES_WITH_CONTENT
10-25 22:51:07.191 D/OplusSmartBrightnessController( 1807): add for debug Aod brightness set 1.0
10-25 22:51:07.192 D/OplusSmartBrightnessController( 1807): requestDisplayState isFirstDisplay=true state=3 globalDisplayState=0x3
10-25 22:51:07.192 D/DisplayDeviceExt( 1807): setDisplayState([4627039422300187648,true],OFF->DOZE),t-Name=PhotonicModulator
10-25 22:51:07.206 D/DisplayManagerServiceExtImpl( 1807): scheduleTraversalLocked intraversal=false
10-25 22:51:07.210 I/DisplayManagerServiceExtImpl( 1807): handle logical display changed logicalDisplay=id=0,stack=0,content=true,displayInfo{stack=0,type=1,id=0,uId=local:4627039422300187648,state=DOZE,pkg=null}
10-25 22:51:07.210 D/DisplayManagerService( 1807): Delivering display event: displayId=0, event=CHANGED
10-25 22:51:07.215 D/OplusSmartBrightnessController( 1807): add for debug Aod brightness set 1.0
10-25 22:51:07.215 D/OplusVFXScreenEffectFeature( 1807): notifySFCompatWindowStateChange entered false
10-25 22:51:07.216 D/BrightnessThermalClamper( 1807): Thermal status observer already started
10-25 22:51:07.216 D/BrightnessPowerClamper( 1807): Power throttling data is missing for configuration data.
10-25 22:51:07.218 D/DisplayManagerService( 1807): performTraversalInternal pendingTraversal
10-25 22:51:07.218 D/DisplayDevice( 1807): setLayerStackLocked id=local:4627039422300187648 token=android.os.BinderProxy@2405244 stack=-1->0
10-25 22:51:07.218 I/DisplayDevice( 1807): [0] Layerstack set to 0 for local:4627039422300187648
10-25 22:51:07.224 D/OplusSmartBrightnessController( 1807): add for debug Aod brightness set 1.0
10-25 22:51:07.234 D/CastManagerService( 2267): onDisplayChanged.
10-25 22:51:07.242 D/DisplayManagerService( 1807): MSG_REQUEST_TRAVERSAL pendingCompleted=false
10-25 22:51:07.274 D/RefreshRate( 1807): register remote connection: RemoteConnection{mPriority=PRIORITY_AOD, mRequestSource=com.android.systemui10231, mBinder=android.os.BinderProxy@4bb55a1}
10-25 22:51:07.274 D/RefreshRate( 1807): requestRefreshRate: status=1,rate=60.0,ret=2: votes=PRIORITY_AOD -> Vote{mRefreshRate=60.0, mMinRefreshRate=60.0, mRequestSource=com.android.systemui10231};PRIORITY_WINDOW_REQUEST -> Vote{mRefreshRate=120.0, mMinRefreshRate=120.0, mRequestSource=null};
10-25 22:51:07.276 D/RefreshRate( 1807): Refresh rate changing from 120.00001 to 60.0,maxRefreshRate=60.0 FOR:{
10-25 22:51:07.276 D/RefreshRate( 1807):     | COURSE[;keyguardShown:3]
10-25 22:51:07.276 D/RefreshRate( 1807):     | VOTES[PRIORITY_AOD -> Vote{mRefreshRate=60.0, mMinRefreshRate=60.0, mRequestSource=com.android.systemui10231};PRIORITY_WINDOW_REQUEST -> Vote{mRefreshRate=120.0, mMinRefreshRate=120.0, mRequestSource=null};]
10-25 22:51:07.276 D/RefreshRate( 1807):     | TIME:2025-10-25 15:51:07}
10-25 22:51:07.277 D/DisplayModeDirector( 1807): setAppRequest displayId : 0  modeId: 2  requestedRefreshRate: 0.0  requestedMinRefreshRateRange: 0.0  requestedMaxRefreshRateRange: 60.0
10-25 22:51:07.278 D/DisplayManagerServiceExtImpl( 1807): scheduleTraversalLocked intraversal=false
10-25 22:51:07.278 D/DisplayManagerService( 1807): MSG_REQUEST_TRAVERSAL pendingCompleted=false
10-25 22:51:07.284 D/DisplayManagerService( 1807): performTraversalInternal pendingTraversal
10-25 22:51:07.284 D/DisplayDevice( 1807): setLayerStackLocked id=local:4627039422300187648 token=android.os.BinderProxy@2405244 stack=0->0
10-25 22:51:07.285 D/OplusSmartBrightnessController( 1807): add for debug Aod brightness set 1.0
10-25 22:51:07.286 D/LocalDisplayAdapter( 1807): setDesiredDisplayModeSpecsAsync: display unique id = local:4627039422300187648, display mode specs = defaultMode=1 allowGroupSwitching=false primaryRanges=physical: (0.0 120.0) render:  (0.0 60.0) appRequestRanges=physical: (0.0 120.0) render:  (0.0 60.0) idleScreenRefreshRate=null
10-25 22:51:07.296 W/Looper  ( 2363): Slow dispatch took 750ms KgdIoThread h=android.os.Handler c=DispatchedContinuation[kgd_io, Continuation at com.oplus.systemui.keyguard.wallpaper.OplusWallpaperColorManager$onWallpaperChange$2@4ad8edd] m=0
10-25 22:51:07.296 W/Looper  ( 2363): Slow delivery took 695ms KgdIoThread h=android.os.Handler c=DispatchedContinuation[kgd_io, Continuation at com.oplus.systemui.keyguard.wallpaper.OplusWallpaperColorManager$notifyAllWallpaperBitmapChange$1$1@b5b5a52] m=0
10-25 22:51:07.302 D/OplusSmartBrightnessController( 1807): add for debug Aod brightness set 1.0
10-25 22:51:07.308 D/OplusBatteryManager( 1807): getPsyBatteryRm: 5396
10-25 22:51:07.322 D/OplusSmartBrightnessController( 1807): add for debug Aod brightness set 1.0
10-25 22:51:07.325 V/WindowManager( 1807): Relayout Window{eb9b564 u0 OnScreenFingerprintIcon}: viewVisibility=0, oldvis=8, req=1080x1080, vsysui=, x=0, y=-331
10-25 22:51:07.325 I/WindowManager( 1807): Window{eb9b564 u0 OnScreenFingerprintIcon} state from NO_SURFACE to DRAW_PENDING; reason: resetDrawState
10-25 22:51:07.336 D/OplusSmartBrightnessController( 1807): add for debug Aod brightness set 1.0
10-25 22:51:07.338 D/WindowManager( 1807): NFW_findFocusedWindowIfNeeded:Window{e84d5cc u0 NotificationShade} mCurrentFocus:Window{e84d5cc u0 NotificationShade}
10-25 22:51:07.352 D/OplusSmartBrightnessController( 1807): add for debug Aod brightness set 1.0
10-25 22:51:07.362 W/OplusStorageManagerFeature( 1807): mScreenReceiver action:android.intent.action.SCREEN_OFF
10-25 22:51:07.370 D/OplusSmartBrightnessController( 1807): add for debug Aod brightness set 1.0
10-25 22:51:07.372 W/OplusStorageManagerFeature( 1807): turn screenOff, maintPrepared:false
10-25 22:51:07.373 W/OplusStorageManagerFeature( 1807): sendToTarget over,paramStr:5
10-25 22:51:07.386 W/OplusStorageManagerFeature( 1807): Ready to deal actionParam:5
10-25 22:51:07.388 D/OplusSmartBrightnessController( 1807): add for debug Aod brightness set 1.0
10-25 22:51:07.389 D/AidlResponseHandler( 1807): [onTransact]code 1001 flags: 17
10-25 22:51:07.392 E/OplusStorageManagerFeature( 1807): writeF2fsRelatedNode failed for:gc_urgent
10-25 22:51:07.392 E/OplusStorageManagerFeature( 1807): java.io.FileNotFoundException: /sys/fs/f2fs/sdc18/gc_urgent: open failed: EACCES (Permission denied)
10-25 22:51:07.392 E/OplusStorageManagerFeature( 1807): 	at libcore.io.IoBridge.open(IoBridge.java:574)
10-25 22:51:07.392 E/OplusStorageManagerFeature( 1807): 	at java.io.FileOutputStream.<init>(FileOutputStream.java:259)
10-25 22:51:07.392 E/OplusStorageManagerFeature( 1807): 	at java.io.FileOutputStream.<init>(FileOutputStream.java:147)
10-25 22:51:07.392 E/OplusStorageManagerFeature( 1807): 	at java.io.FileWriter.<init>(FileWriter.java:66)
10-25 22:51:07.392 E/OplusStorageManagerFeature( 1807): 	at com.android.server.storage.OplusStorageManagerFeature.writeF2fsRelatedNode(OplusStorageManagerFeature.java:1147)
10-25 22:51:07.392 E/OplusStorageManagerFeature( 1807): 	at com.android.server.storage.OplusStorageManagerFeature.onMessageDPolicyExpect(OplusStorageManagerFeature.java:1942)
10-25 22:51:07.392 E/OplusStorageManagerFeature( 1807): 	at com.android.server.storage.OplusStorageManagerFeature.onStorageManagerMessageHandle(OplusStorageManagerFeature.java:1503)
10-25 22:51:07.392 E/OplusStorageManagerFeature( 1807): 	at com.android.server.StorageManagerService$StorageManagerServiceHandler.handleMessage(StorageManagerService.java:790)
10-25 22:51:07.392 E/OplusStorageManagerFeature( 1807): 	at android.os.Handler.dispatchMessage(Handler.java:107)
10-25 22:51:07.392 E/OplusStorageManagerFeature( 1807): 	at android.os.Looper.loopOnce(Looper.java:282)
10-25 22:51:07.392 E/OplusStorageManagerFeature( 1807): 	at android.os.Looper.loop(Looper.java:387)
10-25 22:51:07.392 E/OplusStorageManagerFeature( 1807): 	at android.os.HandlerThread.run(HandlerThread.java:85)
10-25 22:51:07.392 E/OplusStorageManagerFeature( 1807): Caused by: android.system.ErrnoException: open failed: EACCES (Permission denied)
10-25 22:51:07.392 E/OplusStorageManagerFeature( 1807): 	at libcore.io.Linux.open(Native Method)
10-25 22:51:07.392 E/OplusStorageManagerFeature( 1807): 	at libcore.io.ForwardingOs.open(ForwardingOs.java:568)
10-25 22:51:07.392 E/OplusStorageManagerFeature( 1807): 	at libcore.io.BlockGuardOs.open(BlockGuardOs.java:274)
10-25 22:51:07.392 E/OplusStorageManagerFeature( 1807): 	at libcore.io.IoBridge.open(IoBridge.java:560)
