10-25 22:52:08.766 D/DisplayManagerService( 1807): performTraversalInternal pendingTraversal
10-25 22:52:08.766 D/DisplayDevice( 1807): setLayerStackLocked id=local:4627039422300187648 token=android.os.BinderProxy@2405244 stack=-1->-1
10-25 22:52:08.775 D/CastManagerService( 2267): onDisplayChanged.
10-25 22:52:08.788 I/DreamManagerService( 1807): Entering dreamland.
10-25 22:52:08.792 I/PowerManagerService( 1807): Dozing...
10-25 22:52:08.796 I/DreamController( 1807): Starting dream: name=ComponentInfo{com.android.systemui/com.android.systemui.doze.DozeService}, isPreviewMode=false, canDoze=true, userId=0, reason='power manager request'
10-25 22:52:08.811 D/OplusFlexibleWindowMinimizedManagerHelper( 1807): onReceive, intent = android.intent.action.CLOSE_SYSTEM_DIALOGS reason:dream state:0
10-25 22:52:08.903 W/OplusStorageManagerFeature( 1807): mScreenReceiver action:android.intent.action.DREAMING_STARTED
10-25 22:52:08.913 W/OplusStorageManagerFeature( 1807): turn screenOff, maintPrepared:false
10-25 22:52:08.913 W/OplusStorageManagerFeature( 1807): sendToTarget over,paramStr:5
10-25 22:52:08.918 W/OplusStorageManagerFeature( 1807): Ready to deal actionParam:5
10-25 22:52:08.918 D/vold    (  539): ufshid started
10-25 22:52:08.918 D/vold    (  539): ufshid end
10-25 22:52:08.922 E/OplusStorageManagerFeature( 1807): writeF2fsRelatedNode failed for:gc_urgent
10-25 22:52:08.922 E/OplusStorageManagerFeature( 1807): java.io.FileNotFoundException: /sys/fs/f2fs/sdc18/gc_urgent: open failed: EACCES (Permission denied)
10-25 22:52:08.922 E/OplusStorageManagerFeature( 1807): 	at libcore.io.IoBridge.open(IoBridge.java:574)
10-25 22:52:08.922 E/OplusStorageManagerFeature( 1807): 	at java.io.FileOutputStream.<init>(FileOutputStream.java:259)
10-25 22:52:08.922 E/OplusStorageManagerFeature( 1807): 	at java.io.FileOutputStream.<init>(FileOutputStream.java:147)
10-25 22:52:08.922 E/OplusStorageManagerFeature( 1807): 	at java.io.FileWriter.<init>(FileWriter.java:66)
10-25 22:52:08.922 E/OplusStorageManagerFeature( 1807): 	at com.android.server.storage.OplusStorageManagerFeature.writeF2fsRelatedNode(OplusStorageManagerFeature.java:1147)
10-25 22:52:08.922 E/OplusStorageManagerFeature( 1807): 	at com.android.server.storage.OplusStorageManagerFeature.onMessageDPolicyExpect(OplusStorageManagerFeature.java:1942)
10-25 22:52:08.922 E/OplusStorageManagerFeature( 1807): 	at com.android.server.storage.OplusStorageManagerFeature.onStorageManagerMessageHandle(OplusStorageManagerFeature.java:1503)
10-25 22:52:08.922 E/OplusStorageManagerFeature( 1807): 	at com.android.server.StorageManagerService$StorageManagerServiceHandler.handleMessage(StorageManagerService.java:790)
10-25 22:52:08.922 E/OplusStorageManagerFeature( 1807): 	at android.os.Handler.dispatchMessage(Handler.java:107)
10-25 22:52:08.922 E/OplusStorageManagerFeature( 1807): 	at android.os.Looper.loopOnce(Looper.java:282)
10-25 22:52:08.922 E/OplusStorageManagerFeature( 1807): 	at android.os.Looper.loop(Looper.java:387)
10-25 22:52:08.922 E/OplusStorageManagerFeature( 1807): 	at android.os.HandlerThread.run(HandlerThread.java:85)
10-25 22:52:08.922 E/OplusStorageManagerFeature( 1807): Caused by: android.system.ErrnoException: open failed: EACCES (Permission denied)
10-25 22:52:08.922 E/OplusStorageManagerFeature( 1807): 	at libcore.io.Linux.open(Native Method)
10-25 22:52:08.922 E/OplusStorageManagerFeature( 1807): 	at libcore.io.ForwardingOs.open(ForwardingOs.java:568)
10-25 22:52:08.922 E/OplusStorageManagerFeature( 1807): 	at libcore.io.BlockGuardOs.open(BlockGuardOs.java:274)
10-25 22:52:08.922 E/OplusStorageManagerFeature( 1807): 	at libcore.io.IoBridge.open(IoBridge.java:560)
10-25 22:52:08.922 E/OplusStorageManagerFeature( 1807): 	... 11 more
10-25 22:52:08.951 D/OplusFeatureAOD( 1807): key:1807 tmp:2
10-25 22:52:08.953 D/DisplayPowerController[0]( 1807): requestPowerState: policy=DOZE, useProximitySensor=false, screenBrightnessOverride=-1.0, useAutoBrightness=false, screenAutoBrightnessAdjustmentOverride=NaN, screenLowPowerBrightnessFactor=1.0, blockScreenOn=false, lowPowerMode=false, boostScreenBrightness=false, dozeScreenBrightness=NaN, dozeScreenState=UNKNOWN, dozeScreenStateReason=DREAM_MANAGER, waitForNegativeProximity=false displayReady=false pendingRequest=true
10-25 22:52:08.953 D/DisplayManagerServiceExtImpl( 1807): request size(1,1),dpc=com.android.server.display.DisplayPowerController@8ae0f71 size(0,1),flags=0X200F,id(0,0,local:4627039422300187648),enable=true,ready=false,waitForNegativeProximity=false policy=DOZE,useProximitySensor=false,dozeState=UNKNOWN,screenBrightnessOverride=-1.000000,useAuto=false,lowPower=false,lowPowerFactor=1.000000
10-25 22:52:08.958 D/DisplayPowerController[0]( 1807): updatePowerStateInternal policy:OFF->DOZE,state:OFF->OFF policy=DOZE, useProximitySensor=false, screenBrightnessOverride=-1.0, useAutoBrightness=false, screenAutoBrightnessAdjustmentOverride=NaN, screenLowPowerBrightnessFactor=1.0, blockScreenOn=false, lowPowerMode=false, boostScreenBrightness=false, dozeScreenBrightness=NaN, dozeScreenState=UNKNOWN, dozeScreenStateReason=DREAM_MANAGER
10-25 22:52:08.958 D/OplusPowerManagerHelper( 1807): [onGoToSleep]
10-25 22:52:08.958 E/OplusCustomizeRestrictionManagerService( 1807): isBiometricDisabled start
10-25 22:52:08.959 D/OplusPowerManagerHelper( 1807): [requestKeyguard]
10-25 22:52:08.959 D/OplusFeatureAOD( 1807): notifySfUnBlockScreenOn
10-25 22:52:08.972 W/RefreshRate( 1807): requestRefreshRate:repeat request priority121 rate: 60.0 status: 0
10-25 22:52:08.973 D/NotifierExtImpl( 1807): notifyScreenOnOff: on = false
10-25 22:52:08.973 D/OplusPowerManagerServiceEnhance( 1807): notifyScreenOnOff on=false
10-25 22:52:08.982 D/LockSettingsService( 1807): [getSeparateProfileChallengeEnabled] userId = 999
10-25 22:52:08.986 D/DeviceStateProviderImpl( 1807): keyguard show or sleep: true mLastReportedState 0
10-25 22:52:08.987 D/WindowManager( 1807): NFW_findFocusedWindowIfNeeded:Window{e84d5cc u0 NotificationShade} mCurrentFocus:Window{e84d5cc u0 NotificationShade}
10-25 22:52:08.988 V/UsbDeviceManager( 1807): onKeyguardStateChanged: isShowing:true secure:true user:0
10-25 22:52:08.988 D/OplusAccessControlManagerService( 1807): onKeyguardStateChanged : true
10-25 22:52:08.990 V/UsbDeviceManager( 1807): onKeyguardStateChanged: isShowing:true secure:true user:0
10-25 22:52:08.990 D/OplusAccessControlManagerService( 1807): onKeyguardStateChanged : true
10-25 22:52:09.006 D/OplusGuardElfFeature( 1807): ICharger service = vendor.oplus.hardware.charger.ICharger$Stub$Proxy@42210f3
10-25 22:52:09.008 D/OplusGuardElfFeature( 1807): ICharger set value = 0
10-25 22:52:09.008 D/OplusGuardElfFeature( 1807): calling class name = ThermalControlUtils
10-25 22:52:09.011 D/OplusBatteryManager( 2322): set charge value = 0
10-25 22:52:09.037 D/OplusFeatureAOD( 1807): key:1807 tmp:0
10-25 22:52:09.038 D/DisplayPowerController[0]( 1807): requestPowerState: policy=DOZE, useProximitySensor=false, screenBrightnessOverride=-1.0, useAutoBrightness=false, screenAutoBrightnessAdjustmentOverride=NaN, screenLowPowerBrightnessFactor=1.0, blockScreenOn=false, lowPowerMode=false, boostScreenBrightness=false, dozeScreenBrightness=NaN, dozeScreenState=OFF, dozeScreenStateReason=UNKNOWN, waitForNegativeProximity=false displayReady=false pendingRequest=true
10-25 22:52:09.038 D/DisplayManagerServiceExtImpl( 1807): request size(1,1),dpc=com.android.server.display.DisplayPowerController@8ae0f71 size(0,1),flags=0X200F,id(0,0,local:4627039422300187648),enable=true,ready=false,waitForNegativeProximity=false policy=DOZE,useProximitySensor=false,dozeState=OFF,screenBrightnessOverride=-1.000000,useAuto=false,lowPower=false,lowPowerFactor=1.000000
10-25 22:52:09.045 D/OplusAlarmAdjustment( 1807): MSG_SCREEN_OFF,  adjustInterval =300000 ms, mDefaultAlignInterval=300000 ms, mScreenOffElapsed=73965525 ms
10-25 22:52:09.050 D/OplusCustomizeAIStatistics( 1807): onReceive android.intent.action.SCREEN_OFF
10-25 22:52:09.062 D/WindowManagerServiceExtImpl( 1807): extractConfigInfoAndRealFlags rotation=0, screenDp=360, residentWS:0, win=Window{e84d5cc u0 NotificationShade}
10-25 22:52:09.065 V/WindowManager( 1807): Relayout Window{e84d5cc u0 NotificationShade}: viewVisibility=0, oldvis=0, req=1080x2400, vsysui=, x=0, y=0
10-25 22:52:09.100 D/MBrainLocalService( 1807): isVendorFreezeConditionPass is false
10-25 22:52:09.100 E/ScreenIntentReceiver( 1807): notifyChange failed
10-25 22:52:09.108 W/RefreshRate( 1807): requestRefreshRate:repeat request priority121 rate: 60.0 status: 0
10-25 22:52:09.127 I/PowerManagerService( 1807): onFlip(): Face up.
10-25 22:52:09.127 D/PowerManagerService( 1807): onFlip: isFaceDown=false
10-25 22:52:09.128 D/PowerManagerService( 1807): userActivityNoUpdateLocked: groupId=0, eventTime=53244540, event=other, flags=0x0, uid=1000
10-25 22:52:09.167 W/AlarmManager( 1807): Alarms must either supply a PendingIntent or an AlarmReceiver
10-25 22:52:09.185 D/OplusFeatureColorMode( 1807): +updateUserDreaming
10-25 22:52:09.186 D/OplusDisplayBrightnessBroadcastReceiver( 1807): onReceive action = android.intent.action.SCREEN_OFF , listeners = [com.android.server.display.marvels.module.ORBrightnessMarvelsDataCollector$ScreenStateReceiver@e7b5e4a, com.android.server.display.stat.BackLightStat$EventReceiver@c08ac83, com.android.server.display.color.OplusFeatureColorMode$UserSwitchedReceiver@7e17468]
10-25 22:52:09.214 W/AppOps  ( 1807): Noting op not finished: uid 10126 pkg com.google.android.gms code 79 startTime of in progress event=1761407178894
10-25 22:52:09.231 W/AppOps  ( 1807): Noting op not finished: uid 10126 pkg com.google.android.gms code 113 startTime of in progress event=1761407178894
10-25 22:52:09.245 W/AppOps  ( 1807): Noting op not finished: uid 10126 pkg com.google.android.gms code 113 startTime of in progress event=1761407178894
10-25 22:52:09.302 W/AppOps  ( 1807): Noting op not finished: uid 10126 pkg com.google.android.gms code 113 startTime of in progress event=1761407178894
10-25 22:52:09.438 D/adaptiveSmoothAnim( 1807): cancle Skip finishNow for SyncGroup 886
10-25 22:52:09.439 E/OplusAppQuickStart_AppQuickStartController( 1807): not start from launcher transition:TransitionRecord{7427e6 id=886 track=0 type=SLEEP flags=0x0 state=1}
10-25 22:52:09.439 D/OplusFlexibleActivityTransitionManager( 1807): fixTransitType type result:12, targets: []
10-25 22:52:09.440 D/OplusTransitionController( 1807): onTransactionReady, transition: 886, 
10-25 22:52:09.440 D/OplusTransitionController( 1807):  info: {id=886 t=SLEEP f=0x40 trk=0 r=[] c=[] extendInfo=[OplusTransitionExtendedInfo{mTmpFinishT=null, mInOplusCompatMode=false, mIsProcessRunning=false, mHasMismatchBoundsTarget=false, mRecentsController=null, mIsTranslucentActivityToHome=false, mAvoidInterceptKeyEventToHome=false, mIsFromHome=false, mParentLeash=null, mIsOplusAnimRes=false, mIsFromOverlay=false, mIsBalAllow=false, mTaskNotInRecent=false, mIsLaunchFromSpruce=false, mIsLaunchFromDrive=false, mAssistScreenShowing=false, mUserIdTransition=-1, mInRemoteScene=false, mInPreReady=false, mPreStart=false, mToken=null, mShellApplyToken=null, mRequestTransitionTaskId=-1, mAbortTransitionOnShell=0, mTransitionId=886, mAnimStartingPosition=[0, 0, 0, 0], mIsOpeningStkDialogActivity=false}]}, 
10-25 22:52:09.440 D/OplusTransitionController( 1807):  targets : [], 
10-25 22:52:09.440 D/OplusTransitionController( 1807):  participants: {}, 
10-25 22:52:09.440 D/OplusTransitionController( 1807):  playings:[TransitionRecord{7427e6 id=886 track=0 type=SLEEP flags=0x40 state=2}]
10-25 22:52:09.445 V/WindowManager( 1807): Sent Transition (#886) createdAt=10-25 22:52:09.430 via request=TransitionRequestInfo { type = SLEEP, triggerTask = null, pipTask = null, remoteTransition = null, displayChange = null, flags = 0, debugId = 886 }
10-25 22:52:09.445 V/WindowManager( 1807):     startWCT=null
10-25 22:52:09.445 V/WindowManager( 1807):     info={id=886 t=SLEEP f=0x40 trk=0 r=[] c=[] extendInfo=[OplusTransitionExtendedInfo{mTmpFinishT=null, mInOplusCompatMode=false, mIsProcessRunning=false, mHasMismatchBoundsTarget=false, mRecentsController=null, mIsTranslucentActivityToHome=false, mAvoidInterceptKeyEventToHome=false, mIsFromHome=false, mParentLeash=null, mIsOplusAnimRes=false, mIsFromOverlay=false, mIsBalAllow=false, mTaskNotInRecent=false, mIsLaunchFromSpruce=false, mIsLaunchFromDrive=false, mAssistScreenShowing=false, mUserIdTransition=-1, mInRemoteScene=false, mInPreReady=false, mPreStart=false, mToken=null, mShellApplyToken=null, mRequestTransitionTaskId=-1, mAbortTransitionOnShell=0, mTransitionId=886, mAnimStartingPosition=[0, 0, 0, 0], mIsOpeningStkDialogActivity=false}]}
10-25 22:52:09.449 V/WindowManagerShell( 2363): onTransitionReady(transaction=7761005965162)
10-25 22:52:09.449 V/WindowManagerShell( 2363): Transition requested (#886): android.os.BinderProxy@f88a233 TransitionRequestInfo { type = SLEEP, triggerTask = null, pipTask = null, remoteTransition = null, displayChange = null, flags = 0, debugId = 886 }
10-25 22:52:09.452 W/Transition( 1807): Transition already started id=886 state=2
10-25 22:52:09.453 V/WindowManagerShell( 2363): onTransitionReady (#886) android.os.BinderProxy@f88a233: {id=886 t=SLEEP f=0x40 trk=0 r=[] c=[] extendInfo=[OplusTransitionExtendedInfo{mTmpFinishT=null, mInOplusCompatMode=false, mIsProcessRunning=false, mHasMismatchBoundsTarget=false, mRecentsController=null, mIsTranslucentActivityToHome=false, mAvoidInterceptKeyEventToHome=false, mIsFromHome=false, mParentLeash=null, mIsOplusAnimRes=false, mIsFromOverlay=false, mIsBalAllow=false, mTaskNotInRecent=false, mIsLaunchFromSpruce=false, mIsLaunchFromDrive=false, mAssistScreenShowing=false, mUserIdTransition=-1, mInRemoteScene=false, mInPreReady=false, mPreStart=false, mToken=null, mShellApplyToken=null, mRequestTransitionTaskId=-1, mAbortTransitionOnShell=0, mTransitionId=886, mAnimStartingPosition=[0, 0, 0, 0], mIsOpeningStkDialogActivity=false}]}
10-25 22:52:09.455 V/WindowManagerShell( 2363): No transition roots in (#886) android.os.BinderProxy@f88a233@0 so abort
10-25 22:52:09.458 V/WindowManagerShell( 2363): Transition animation finished (aborted=true), notifying core (#886) android.os.BinderProxy@f88a233@0
10-25 22:52:09.459 D/SplitScreen-->AppLockManager( 2363): setStartFromSafeControl mStartFromSafeControl=false
10-25 22:52:09.464 D/OplusTransitionController( 1807): finishTransition, transition: TransitionRecord{7427e6 id=886 track=0 type=SLEEP flags=0x40 state=4}
10-25 22:52:09.466 D/RefreshRate( 1807): ***** request traversal for refresh rate change, reason is highTempRefreshRateChanged: false, windowRefreshRateChanged: true, flexibleWindowStateChanged: false, has float/zoom window *****
10-25 22:52:09.466 D/TransitionController( 1807): NFW_send RECOMPUTE_FOCUS in finishTransition
10-25 22:52:09.467 D/ShellTaskOrganizer( 2363): onTransitionFinish, isRecent:false
10-25 22:52:09.468 V/WindowManagerShell( 2363): Track 0 became idle
10-25 22:52:09.468 V/WindowManagerShell( 2363): All active transition animations finished
10-25 22:52:09.469 I/MR2ServiceImpl( 1807): Updating composite discovery preference | preference: RouteDiscoveryRequest{ preferredFeatures={}, activeScan=false }, active routers: []
10-25 22:52:09.471 D/WindowManager( 1807): NFW_findFocusedWindowIfNeeded:Window{e84d5cc u0 NotificationShade} mCurrentFocus:Window{e84d5cc u0 NotificationShade}
10-25 22:52:09.472 W/UserManagerService( 1807): Requested status bar icon for non-badged user 0
10-25 22:52:09.472 I/BLASTSyncEngine( 1807): onCommitted syncId: 886, timeout: falseran: false
10-25 22:52:09.503 I/Quality ( 2363): BitmapCompressInfo:1080,2400,0,100,164379308
10-25 22:52:09.507 D/OplusBatteryManager( 1807): getPsyBatteryRm: 5394
10-25 22:52:09.531 D/OplusBatteryManager( 1807): getPsyBatteryRm: 5394
10-25 22:52:09.538 W/OplusStorageManagerFeature( 1807): mScreenReceiver action:android.intent.action.SCREEN_OFF
10-25 22:52:09.543 W/OplusStorageManagerFeature( 1807): turn screenOff, maintPrepared:false
10-25 22:52:09.544 W/OplusStorageManagerFeature( 1807): sendToTarget over,paramStr:5
10-25 22:52:09.548 W/OplusStorageManagerFeature( 1807): Ready to deal actionParam:5
10-25 22:52:09.551 D/vold    (  539): ufshid started
10-25 22:52:09.552 D/vold    (  539): ufshid end
10-25 22:52:09.552 E/OplusStorageManagerFeature( 1807): writeF2fsRelatedNode failed for:gc_urgent
10-25 22:52:09.552 E/OplusStorageManagerFeature( 1807): java.io.FileNotFoundException: /sys/fs/f2fs/sdc18/gc_urgent: open failed: EACCES (Permission denied)
10-25 22:52:09.552 E/OplusStorageManagerFeature( 1807): 	at libcore.io.IoBridge.open(IoBridge.java:574)
10-25 22:52:09.552 E/OplusStorageManagerFeature( 1807): 	at java.io.FileOutputStream.<init>(FileOutputStream.java:259)
10-25 22:52:09.552 E/OplusStorageManagerFeature( 1807): 	at java.io.FileOutputStream.<init>(FileOutputStream.java:147)
10-25 22:52:09.552 E/OplusStorageManagerFeature( 1807): 	at java.io.FileWriter.<init>(FileWriter.java:66)
10-25 22:52:09.552 E/OplusStorageManagerFeature( 1807): 	at com.android.server.storage.OplusStorageManagerFeature.writeF2fsRelatedNode(OplusStorageManagerFeature.java:1147)
10-25 22:52:09.552 E/OplusStorageManagerFeature( 1807): 	at com.android.server.storage.OplusStorageManagerFeature.onMessageDPolicyExpect(OplusStorageManagerFeature.java:1942)
10-25 22:52:09.552 E/OplusStorageManagerFeature( 1807): 	at com.android.server.storage.OplusStorageManagerFeature.onStorageManagerMessageHandle(OplusStorageManagerFeature.java:1503)
10-25 22:52:09.552 E/OplusStorageManagerFeature( 1807): 	at com.android.server.StorageManagerService$StorageManagerServiceHandler.handleMessage(StorageManagerService.java:790)
10-25 22:52:09.552 E/OplusStorageManagerFeature( 1807): 	at android.os.Handler.dispatchMessage(Handler.java:107)
10-25 22:52:09.552 E/OplusStorageManagerFeature( 1807): 	at android.os.Looper.loopOnce(Looper.java:282)
10-25 22:52:09.552 E/OplusStorageManagerFeature( 1807): 	at android.os.Looper.loop(Looper.java:387)
10-25 22:52:09.552 E/OplusStorageManagerFeature( 1807): 	at android.os.HandlerThread.run(HandlerThread.java:85)
10-25 22:52:09.552 E/OplusStorageManagerFeature( 1807): Caused by: android.system.ErrnoException: open failed: EACCES (Permission denied)
10-25 22:52:09.552 E/OplusStorageManagerFeature( 1807): 	at libcore.io.Linux.open(Native Method)
10-25 22:52:09.552 E/OplusStorageManagerFeature( 1807): 	at libcore.io.ForwardingOs.open(ForwardingOs.java:568)
10-25 22:52:09.552 E/OplusStorageManagerFeature( 1807): 	at libcore.io.BlockGuardOs.open(BlockGuardOs.java:274)
10-25 22:52:09.552 E/OplusStorageManagerFeature( 1807): 	at libcore.io.IoBridge.open(IoBridge.java:560)
10-25 22:52:09.552 E/OplusStorageManagerFeature( 1807): 	... 11 more
10-25 22:52:09.617 D/OplusFeatureAOD( 1807): key:1807 tmp:3
10-25 22:52:09.618 D/DisplayPowerController[0]( 1807): requestPowerState: policy=DOZE, useProximitySensor=false, screenBrightnessOverride=-1.0, useAutoBrightness=false, screenAutoBrightnessAdjustmentOverride=NaN, screenLowPowerBrightnessFactor=1.0, blockScreenOn=false, lowPowerMode=false, boostScreenBrightness=false, dozeScreenBrightness=NaN, dozeScreenState=DOZE, dozeScreenStateReason=UNKNOWN, waitForNegativeProximity=false displayReady=false pendingRequest=true
10-25 22:52:09.619 D/DisplayManagerServiceExtImpl( 1807): request size(1,1),dpc=com.android.server.display.DisplayPowerController@8ae0f71 size(0,1),flags=0X200F,id(0,0,local:4627039422300187648),enable=true,ready=false,waitForNegativeProximity=false policy=DOZE,useProximitySensor=false,dozeState=DOZE,screenBrightnessOverride=-1.000000,useAuto=false,lowPower=false,lowPowerFactor=1.000000
10-25 22:52:09.620 D/VRR [OPlusRefreshRateService]( 1807): handleScreenStateChange state: 3
10-25 22:52:09.620 D/VRR [OPlusExternalRefreshRateManager]( 1807): screenStateChange state: 3
10-25 22:52:09.620 D/BackLightStat( 1807): setScreenState: state changed:OFF->DOZE
10-25 22:52:09.621 D/OplusDisplayState( 1807): setScreenState = false isPrimary = true
10-25 22:52:09.626 D/DisplayPowerState[0]( 1807): setScreenState changed:OFF->DOZE
10-25 22:52:09.626 D/DisplayPowerState[0]( 1807): setColorFadeLevel: level=1.0
10-25 22:52:09.633 I/DisplayBrightnessStrategySelector( 1807): Changing the DisplayBrightnessStrategy from ScreenOffBrightnessStrategy to InvalidBrightnessStrategy for display 0
10-25 22:52:09.635 D/OplusFeatureHDREnhanceBrightness( 1807): setAnimating : displayId[0]=true
10-25 22:52:09.635 D/OplusFeatureReduceBrightness( 1807): setAnimating : animating = true
10-25 22:52:09.635 D/OplusFeatureEdrEnhanceBrightness( 1807): setAnimating: true
10-25 22:52:09.635 D/OplusFeaturePwEdrEnhanceBrightness( 1807): setAnimating: true
10-25 22:52:09.637 D/DpcExtImpl[0]( 1807): Animating brightness: hdrBrightness target=39->2164,sdrBrightness target=39->2164,rate=6400->6400,type=manual,byUse=false local:4627039422300187648
10-25 22:52:09.641 D/OplusSmartBrightnessController( 1807): add for debug Aod brightness set 1.0
10-25 22:52:09.642 D/DisplayPowerState[0]( 1807): Updating screen state: id=0, state=DOZE, backlight=1.0, sdrBacklight=1.0
10-25 22:52:09.643 D/DisplayAdapterExt( 1807): sendDisplayDeviceEventLocked event=2,now=73966123,timestamp=73966123 device:[id=local:4627039422300187648,stack=-1],isFirst=true,activeMode=2,state=DOZE,commitState=OFF,devInfo:null
10-25 22:52:09.644 D/DisplayDeviceRepositoryExtImpl( 1807): onDisplayDeviceEvent event=2,now=73966123,timestamp=73966123 device:[id=local:4627039422300187648,stack=-1],isFirst=true,activeMode=2,state=DOZE,commitState=OFF,devInfo:null
10-25 22:52:09.644 D/OplusSmartBrightnessController( 1807): requestDisplayState isFirstDisplay=true state=3 globalDisplayState=0x3
10-25 22:52:09.644 D/DisplayDeviceExt( 1807): setDisplayState([4627039422300187648,true],OFF->DOZE),t-Name=PhotonicModulator
10-25 22:52:09.645 D/OplusSmartBrightnessController( 1807): add for debug Aod brightness set 1.0
10-25 22:52:09.645 I/DisplayDeviceRepository( 1807): Display device changed state: "Built-in Screen", DOZE
10-25 22:52:09.646 D/LogicalDisplayMapper( 1807): Display device changed: DisplayDeviceInfo{"Built-in Screen": uniqueId="local:4627039422300187648", 1080 x 2400, modeId 2, renderFrameRate 60.000004, defaultModeId 1, userPreferredModeId -1, supportedModes [{id=1, width=1080, height=2400, fps=120.00001, vsync=120.00001, synthetic=false, alternativeRefreshRates=[60.0], supportedHdrTypes=[]}, {id=2, width=1080, height=2400, fps=60.0, vsync=60.0, synthetic=false, alternativeRefreshRates=[120.00001], supportedHdrTypes=[]}], colorMode 0, supportedColorModes [0, 7], hdrCapabilities HdrCapabilities{mSupportedHdrTypes=[], mMaxLuminance=500.0, mMaxAverageLuminance=500.0, mMinLuminance=0.0}, allmSupported false, gameContentTypeSupported false, density 480, 394.409 x 394.409 dpi, appVsyncOff 1133334, presDeadline 16600000, cutout DisplayCutout{insets=Rect(0, 110 - 0, 0) waterfall=Insets{left=0, top=0, right=0, bottom=0} boundingRect={Bounds=[Rect(0, 0 - 0, 0), Rect(498, 0 - 582, 110), Rect(0, 0 - 0, 0), Rect(0, 0 - 0, 0)]} cutoutPathParserInfo={CutoutPathParserInfo{displayWidth=1080 displayHeight=2400 physicalDisplayWidth=1080 physicalDisplayHeight=2400 density={3.0} cutoutSpec={M -42,0 L -42,110 L 42,110 L 42,0 Z} rotation={0} scale={1.0} physicalPixelDisplaySizeRatio={1.0}}} sideOverrides={}}, touch INTERNAL, rotation 0, type INTERNAL, address {port=0, model=0x40368bd6e7ee6c}, deviceProductInfo DeviceProductInfo{name=MTKDEV, manufacturerPnpId=MTK, productId=35638, modelYear=null, manufactureDate=ManufactureDate{week=42, year=2021}, connectionToSinkType=0}, state DOZE, committedState OFF, frameRateOverride , brightnessMinimum 0.0, brightnessMaximum 1.0, brightnessDefault 4730.108, hdrSdrRatio 1.0, backlightType 0, FLAG_ALLOWED_TO_BE_DEFAULT_DISPLAY, FLAG_ROTATES_WITH_CONTENT, FLAG_SECURE, FLAG_SUPPORTS_PROTECTED_BUFFERS, FLAG_TRUSTED, installOrientation 0, displayShape DisplayShape{ spec=1406003047 displayWidth=1080 displayHeight=2400 physicalPixelDisplaySizeRatio=1.0 rotation=0 offsetX=0 offsetY=0 scale=1.0}} diff=2
10-25 22:52:09.646 D/LogicalDisplayExt( 1807): set displayInfo flag FLAG_ROTATES_WITH_CONTENT
10-25 22:52:09.649 D/DisplayManagerServiceExtImpl( 1807): scheduleTraversalLocked intraversal=false
10-25 22:52:09.649 I/DisplayManagerServiceExtImpl( 1807): handle logical display changed logicalDisplay=id=0,stack=0,content=true,displayInfo{stack=0,type=1,id=0,uId=local:4627039422300187648,state=DOZE,pkg=null}
10-25 22:52:09.649 D/DisplayManagerService( 1807): Delivering display event: displayId=0, event=CHANGED
10-25 22:52:09.649 D/BrightnessThermalClamper( 1807): Thermal status observer already started
10-25 22:52:09.649 D/BrightnessPowerClamper( 1807): Power throttling data is missing for configuration data.
10-25 22:52:09.650 D/DisplayManagerService( 1807): performTraversalInternal pendingTraversal
10-25 22:52:09.650 D/DisplayDevice( 1807): setLayerStackLocked id=local:4627039422300187648 token=android.os.BinderProxy@2405244 stack=-1->0
10-25 22:52:09.650 I/DisplayDevice( 1807): [0] Layerstack set to 0 for local:4627039422300187648
10-25 22:52:09.654 D/CastManagerService( 2267): onDisplayChanged.
10-25 22:52:09.659 D/OplusVFXScreenEffectFeature( 1807): notifySFCompatWindowStateChange entered false
10-25 22:52:09.663 D/OplusSmartBrightnessController( 1807): add for debug Aod brightness set 1.0
10-25 22:52:09.663 D/DisplayManagerService( 1807): performTraversalInternal pendingTraversal
10-25 22:52:09.663 D/DisplayDevice( 1807): setLayerStackLocked id=local:4627039422300187648 token=android.os.BinderProxy@2405244 stack=0->0
10-25 22:52:09.667 D/DisplayManagerService( 1807): MSG_REQUEST_TRAVERSAL pendingCompleted=false
10-25 22:52:09.713 D/RefreshRate( 1807): register remote connection: RemoteConnection{mPriority=PRIORITY_AOD, mRequestSource=com.android.systemui10231, mBinder=android.os.BinderProxy@cd2456c}
10-25 22:52:09.713 D/RefreshRate( 1807): requestRefreshRate: status=1,rate=60.0,ret=2: votes=PRIORITY_AOD -> Vote{mRefreshRate=60.0, mMinRefreshRate=60.0, mRequestSource=com.android.systemui10231};PRIORITY_WINDOW_REQUEST -> Vote{mRefreshRate=120.0, mMinRefreshRate=120.0, mRequestSource=null};
10-25 22:52:09.719 D/RefreshRate( 1807): Refresh rate changing from 120.00001 to 60.0,maxRefreshRate=60.0 FOR:{
10-25 22:52:09.719 D/RefreshRate( 1807):     | COURSE[;keyguardShown:3]
10-25 22:52:09.719 D/RefreshRate( 1807):     | VOTES[PRIORITY_AOD -> Vote{mRefreshRate=60.0, mMinRefreshRate=60.0, mRequestSource=com.android.systemui10231};PRIORITY_WINDOW_REQUEST -> Vote{mRefreshRate=120.0, mMinRefreshRate=120.0, mRequestSource=null};]
10-25 22:52:09.719 D/RefreshRate( 1807):     | TIME:2025-10-25 15:52:09}
10-25 22:52:09.719 D/DisplayModeDirector( 1807): setAppRequest displayId : 0  modeId: 2  requestedRefreshRate: 0.0  requestedMinRefreshRateRange: 0.0  requestedMaxRefreshRateRange: 60.0
10-25 22:52:09.721 D/OplusSmartBrightnessController( 1807): add for debug Aod brightness set 1.0
10-25 22:52:09.721 D/DisplayManagerServiceExtImpl( 1807): scheduleTraversalLocked intraversal=false
10-25 22:52:09.721 D/DisplayManagerService( 1807): MSG_REQUEST_TRAVERSAL pendingCompleted=false
10-25 22:52:09.724 D/DisplayManagerService( 1807): performTraversalInternal pendingTraversal
10-25 22:52:09.724 D/DisplayDevice( 1807): setLayerStackLocked id=local:4627039422300187648 token=android.os.BinderProxy@2405244 stack=0->0
10-25 22:52:09.725 D/LocalDisplayAdapter( 1807): setDesiredDisplayModeSpecsAsync: display unique id = local:4627039422300187648, display mode specs = defaultMode=1 allowGroupSwitching=false primaryRanges=physical: (0.0 120.0) render:  (0.0 60.0) appRequestRanges=physical: (0.0 120.0) render:  (0.0 60.0) idleScreenRefreshRate=null
10-25 22:52:09.735 D/OplusSmartBrightnessController( 1807): add for debug Aod brightness set 1.0
10-25 22:52:09.749 V/WindowManager( 1807): Relayout Window{eb9b564 u0 OnScreenFingerprintIcon}: viewVisibility=0, oldvis=8, req=1080x1080, vsysui=, x=0, y=-331
10-25 22:52:09.749 I/WindowManager( 1807): Window{eb9b564 u0 OnScreenFingerprintIcon} state from NO_SURFACE to DRAW_PENDING; reason: resetDrawState
10-25 22:52:09.757 D/WindowManager( 1807): NFW_findFocusedWindowIfNeeded:Window{e84d5cc u0 NotificationShade} mCurrentFocus:Window{e84d5cc u0 NotificationShade}
10-25 22:52:09.766 D/OplusSmartBrightnessController( 1807): add for debug Aod brightness set 1.0
10-25 22:52:09.782 I/WindowManager( 1807): Window{eb9b564 u0 OnScreenFingerprintIcon} state from DRAW_PENDING to COMMIT_DRAW_PENDING; reason: finishDrawingLocked
10-25 22:52:09.782 D/OplusSmartBrightnessController( 1807): add for debug Aod brightness set 1.0
10-25 22:52:09.784 V/WindowManager( 1807): Relayout Window{b644cfc u0 OnScreenFingerprintPressedIcon}: viewVisibility=0, oldvis=8, req=171x171, vsysui=, x=0, y=124
10-25 22:52:09.785 I/WindowManager( 1807): Window{b644cfc u0 OnScreenFingerprintPressedIcon} state from NO_SURFACE to DRAW_PENDING; reason: resetDrawState
10-25 22:52:09.790 I/WindowManager( 1807): Window{eb9b564 u0 OnScreenFingerprintIcon} state from COMMIT_DRAW_PENDING to READY_TO_SHOW; reason: commitFinishDrawingLocked
10-25 22:52:09.791 I/WindowManager( 1807): Window{eb9b564 u0 OnScreenFingerprintIcon} state from READY_TO_SHOW to HAS_DRAWN; reason: performShowLocked
10-25 22:52:09.793 D/WindowManager( 1807): NFW_findFocusedWindowIfNeeded:Window{e84d5cc u0 NotificationShade} mCurrentFocus:Window{e84d5cc u0 NotificationShade}
10-25 22:52:09.799 D/OplusSmartBrightnessController( 1807): add for debug Aod brightness set 1.0
10-25 22:52:09.816 D/OplusSmartBrightnessController( 1807): add for debug Aod brightness set 1.0
10-25 22:52:09.833 D/OplusSmartBrightnessController( 1807): add for debug Aod brightness set 1.0
10-25 22:52:09.849 D/OplusSmartBrightnessController( 1807): add for debug Aod brightness set 1.0
10-25 22:52:09.866 D/OplusSmartBrightnessController( 1807): add for debug Aod brightness set 1.0
10-25 22:52:09.869 D/DisplayAdapterExt( 1807): sendDisplayDeviceEventLocked event=2,now=73966349,timestamp=73966349 device:[id=local:4627039422300187648,stack=0],isFirst=true,activeMode=2,state=DOZE,commitState=DOZE,devInfo:null
10-25 22:52:09.869 D/DisplayDeviceRepositoryExtImpl( 1807): onDisplayDeviceEvent event=2,now=73966349,timestamp=73966349 device:[id=local:4627039422300187648,stack=0],isFirst=true,activeMode=2,state=DOZE,commitState=DOZE,devInfo:null
10-25 22:52:09.870 D/DisplayDeviceExt( 1807): setDisplayBrightness(4627039422300187648,1.0, 0.000098, 1.859),verbose[(0,DOZE):-1.0->1.0,(1.0, 1.0)]
10-25 22:52:09.872 I/DisplayDeviceRepositoryExtImpl( 1807): Display device changed committed state: "Built-in Screen", DOZE
10-25 22:52:09.872 D/LogicalDisplayMapper( 1807): Display device changed: DisplayDeviceInfo{"Built-in Screen": uniqueId="local:4627039422300187648", 1080 x 2400, modeId 2, renderFrameRate 60.000004, defaultModeId 1, userPreferredModeId -1, supportedModes [{id=1, width=1080, height=2400, fps=120.00001, vsync=120.00001, synthetic=false, alternativeRefreshRates=[60.0], supportedHdrTypes=[]}, {id=2, width=1080, height=2400, fps=60.0, vsync=60.0, synthetic=false, alternativeRefreshRates=[120.00001], supportedHdrTypes=[]}], colorMode 0, supportedColorModes [0, 7], hdrCapabilities HdrCapabilities{mSupportedHdrTypes=[], mMaxLuminance=500.0, mMaxAverageLuminance=500.0, mMinLuminance=0.0}, allmSupported false, gameContentTypeSupported false, density 480, 394.409 x 394.409 dpi, appVsyncOff 1133334, presDeadline 16600000, cutout DisplayCutout{insets=Rect(0, 110 - 0, 0) waterfall=Insets{left=0, top=0, right=0, bottom=0} boundingRect={Bounds=[Rect(0, 0 - 0, 0), Rect(498, 0 - 582, 110), Rect(0, 0 - 0, 0), Rect(0, 0 - 0, 0)]} cutoutPathParserInfo={CutoutPathParserInfo{displayWidth=1080 displayHeight=2400 physicalDisplayWidth=1080 physicalDisplayHeight=2400 density={3.0} cutoutSpec={M -42,0 L -42,110 L 42,110 L 42,0 Z} rotation={0} scale={1.0} physicalPixelDisplaySizeRatio={1.0}}} sideOverrides={}}, touch INTERNAL, rotation 0, type INTERNAL, address {port=0, model=0x40368bd6e7ee6c}, deviceProductInfo DeviceProductInfo{name=MTKDEV, manufacturerPnpId=MTK, productId=35638, modelYear=null, manufactureDate=ManufactureDate{week=42, year=2021}, connectionToSinkType=0}, state DOZE, committedState DOZE, frameRateOverride , brightnessMinimum 0.0, brightnessMaximum 1.0, brightnessDefault 4730.108, hdrSdrRatio 1.0, backlightType 0, FLAG_ALLOWED_TO_BE_DEFAULT_DISPLAY, FLAG_ROTATES_WITH_CONTENT, FLAG_SECURE, FLAG_SUPPORTS_PROTECTED_BUFFERS, FLAG_TRUSTED, installOrientation 0, displayShape DisplayShape{ spec=1406003047 displayWidth=1080 displayHeight=2400 physicalPixelDisplaySizeRatio=1.0 rotation=0 offsetX=0 offsetY=0 scale=1.0}} diff=4
10-25 22:52:09.873 D/LogicalDisplayExt( 1807): set displayInfo flag FLAG_ROTATES_WITH_CONTENT
10-25 22:52:09.877 D/DisplayManagerServiceExtImpl( 1807): scheduleTraversalLocked intraversal=false
10-25 22:52:09.877 I/DisplayManagerServiceExtImpl( 1807): handle logical display changed logicalDisplay=id=0,stack=0,content=true,displayInfo{stack=0,type=1,id=0,uId=local:4627039422300187648,state=DOZE,pkg=null}
10-25 22:52:09.877 D/DisplayManagerService( 1807): Delivering display event: displayId=0, event=CHANGED
10-25 22:52:09.877 D/OplusSmartBrightnessController( 1807): add for debug Aod brightness set 1.0
10-25 22:52:09.878 D/BrightnessThermalClamper( 1807): Thermal status observer already started
10-25 22:52:09.878 D/BrightnessPowerClamper( 1807): Power throttling data is missing for configuration data.
10-25 22:52:09.886 D/OplusVFXScreenEffectFeature( 1807): notifySFCompatWindowStateChange entered false
10-25 22:52:09.889 D/DisplayManagerService( 1807): performTraversalInternal pendingTraversal
10-25 22:52:09.890 D/DisplayDevice( 1807): setLayerStackLocked id=local:4627039422300187648 token=android.os.BinderProxy@2405244 stack=0->0
10-25 22:52:09.890 D/DisplayManagerService( 1807): MSG_REQUEST_TRAVERSAL pendingCompleted=false
10-25 22:52:09.894 D/OplusSmartBrightnessController( 1807): add for debug Aod brightness set 1.0
10-25 22:52:09.905 D/OplusSmartBrightnessController( 1807): brightness(primary) = 1, brightness color = 1.0, brightness nit = 1.8589,id:4627039422300187648 provider=false,verbose[auto=false,dragging=false,lowAnimating=false,hdrAnimating=false,needUpdate=true,window=false,dolbyRecord=false,edrEnhance=false,cover=false,isFirst=true,onlyOne=false,isDragAnimating=false,noAnim=false,state=DOZE,smbPreview=false]
10-25 22:52:09.906 D/OplusSmartBrightnessController( 1807): add for debug Aod brightness set 1.0
10-25 22:52:09.907 D/OplusFeatureTemperatureLimitBrightness( 1807): not Apollo project uses the new rate , rate:20
10-25 22:52:09.908 D/CastManagerService( 2267): onDisplayChanged.
10-25 22:52:09.910 D/OplusSmartBrightnessController( 1807): add for debug Aod brightness set 1.0
10-25 22:52:09.927 D/OplusSmartBrightnessController( 1807): add for debug Aod brightness set 1.0
10-25 22:52:09.937 I/WindowManager( 1807): Window{b644cfc u0 OnScreenFingerprintPressedIcon} state from DRAW_PENDING to COMMIT_DRAW_PENDING; reason: finishDrawingLocked
10-25 22:52:09.939 I/WindowManager( 1807): Window{b644cfc u0 OnScreenFingerprintPressedIcon} state from COMMIT_DRAW_PENDING to READY_TO_SHOW; reason: commitFinishDrawingLocked
10-25 22:52:09.940 I/WindowManager( 1807): Window{b644cfc u0 OnScreenFingerprintPressedIcon} state from READY_TO_SHOW to HAS_DRAWN; reason: performShowLocked
10-25 22:52:09.941 D/OplusSmartBrightnessController( 1807): add for debug Aod brightness set 1.0
10-25 22:52:09.957 D/OplusSmartBrightnessController( 1807): add for debug Aod brightness set 1.0
10-25 22:52:09.974 D/OplusFeatureHDREnhanceBrightness( 1807): setAnimating : displayId[0]=false
10-25 22:52:09.975 D/OplusFeatureReduceBrightness( 1807): setAnimating : animating = false
10-25 22:52:09.975 I/OplusSmartBrightnessController( 1807): handleMessage MSG_SET_SETTINGS_MIN_BRI_PREVIEW false
10-25 22:52:09.975 D/OplusFeatureEdrEnhanceBrightness( 1807): setAnimating: false
10-25 22:52:09.976 D/OplusFeaturePwEdrEnhanceBrightness( 1807): setAnimating: false
10-25 22:52:09.976 D/RampAnimatorExtImpl( 1807): onAnimationEnd id[0]=[true,0],changed=[39->39->2164],duration:341,phaseCounts=[0, 0, 0]
10-25 22:52:09.977 D/OplusSmartBrightnessController( 1807): add for debug Aod brightness set 1.0
10-25 22:52:09.981 D/OplusFeatureTemperatureLimitBrightness( 1807): not Apollo project uses the new rate , rate:20
10-25 22:52:10.180 D/OplusScreenOffGestureManager( 1807): onSensorChanged
10-25 22:52:10.267 I/MR2ServiceImpl( 1807): Updating composite discovery preference | preference: RouteDiscoveryRequest{ preferredFeatures={}, activeScan=false }, active routers: []
10-25 22:52:10.415 W/SettingsProvider( 1807): You shouldn't keep your settings in the secure settings. This will soon become an error!!!
10-25 22:52:10.418 D/OplusScreenOffGestureManager( 1807): mIsWriteNodeFinished = true
10-25 22:52:10.426 D/OplusScreenOffGestureManager( 1807): mIsWriteNodeFinished = false
10-25 22:52:12.907 D/OplusFeatureHDREnhanceBrightness( 1807): checkIsPlayingHDR isPlayingHDR=0 rotation=0 whiteApp=false battery=97
10-25 22:52:13.184 W/BatteryStatsService( 1807): Unknown sensor handle 76 received in noteWakeupSensorEvent
10-25 22:52:14.246 V/WindowManager( 1807): Relayout Window{b644cfc u0 OnScreenFingerprintPressedIcon}: viewVisibility=8, oldvis=0, req=171x171, vsysui=
10-25 22:52:14.247 I/WindowManager( 1807): Window{b644cfc u0 OnScreenFingerprintPressedIcon} state from HAS_DRAWN to NO_SURFACE; reason: destroySurface
10-25 22:52:14.252 D/WindowManager( 1807): NFW_findFocusedWindowIfNeeded:Window{e84d5cc u0 NotificationShade} mCurrentFocus:Window{e84d5cc u0 NotificationShade}
10-25 22:52:14.270 V/WindowManager( 1807): Relayout Window{eb9b564 u0 OnScreenFingerprintIcon}: viewVisibility=8, oldvis=0, req=1080x1080, vsysui=
10-25 22:52:14.271 I/WindowManager( 1807): Window{eb9b564 u0 OnScreenFingerprintIcon} state from HAS_DRAWN to NO_SURFACE; reason: destroySurface
10-25 22:52:14.277 D/WindowManager( 1807): NFW_findFocusedWindowIfNeeded:Window{e84d5cc u0 NotificationShade} mCurrentFocus:Window{e84d5cc u0 NotificationShade}
10-25 22:52:14.726 D/RefreshRate( 1807): unregister remote connection: RemoteConnection{mPriority=PRIORITY_AOD, mRequestSource=com.android.systemui10231, mBinder=android.os.BinderProxy@cd2456c}
10-25 22:52:14.726 D/RefreshRate( 1807): requestRefreshRate: status=0,rate=60.0,ret=1: votes=PRIORITY_WINDOW_REQUEST -> Vote{mRefreshRate=120.0, mMinRefreshRate=120.0, mRequestSource=null};
10-25 22:52:14.729 D/RefreshRate( 1807): Refresh rate changing from 60.0 to 120.00001,maxRefreshRate=120.00001 FOR:{
10-25 22:52:14.729 D/RefreshRate( 1807):     | COURSE[;keyguardShown:3]
10-25 22:52:14.729 D/RefreshRate( 1807):     | VOTES[PRIORITY_WINDOW_REQUEST -> Vote{mRefreshRate=120.0, mMinRefreshRate=120.0, mRequestSource=null};]
10-25 22:52:14.729 D/RefreshRate( 1807):     | TIME:2025-10-25 15:52:14}
10-25 22:52:14.730 D/DisplayModeDirector( 1807): setAppRequest displayId : 0  modeId: 1  requestedRefreshRate: 0.0  requestedMinRefreshRateRange: 0.0  requestedMaxRefreshRateRange: 120.00001
10-25 22:52:14.730 D/DisplayManagerServiceExtImpl( 1807): scheduleTraversalLocked intraversal=false
10-25 22:52:14.731 D/DisplayManagerService( 1807): performTraversalInternal pendingTraversal
10-25 22:52:14.731 D/DisplayManagerService( 1807): MSG_REQUEST_TRAVERSAL pendingCompleted=false
10-25 22:52:14.731 D/DisplayDevice( 1807): setLayerStackLocked id=local:4627039422300187648 token=android.os.BinderProxy@2405244 stack=0->0
10-25 22:52:14.733 D/LocalDisplayAdapter( 1807): setDesiredDisplayModeSpecsAsync: display unique id = local:4627039422300187648, display mode specs = defaultMode=0 allowGroupSwitching=false primaryRanges=physical: (0.0 120.0) render:  (0.0 120.0) appRequestRanges=physical: (0.0 120.0) render:  (0.0 120.0) idleScreenRefreshRate=null
10-25 22:52:14.757 D/OplusFeatureAOD( 1807): key:1807 tmp:0
10-25 22:52:14.757 D/DisplayPowerController[0]( 1807): requestPowerState: policy=DOZE, useProximitySensor=false, screenBrightnessOverride=-1.0, useAutoBrightness=false, screenAutoBrightnessAdjustmentOverride=NaN, screenLowPowerBrightnessFactor=1.0, blockScreenOn=false, lowPowerMode=false, boostScreenBrightness=false, dozeScreenBrightness=NaN, dozeScreenState=OFF, dozeScreenStateReason=UNKNOWN, waitForNegativeProximity=false displayReady=false pendingRequest=true
10-25 22:52:14.758 D/DisplayPowerState[0]( 1807): setColorFadeLevel: level=0.0
10-25 22:52:14.758 D/DisplayManagerServiceExtImpl( 1807): request size(1,1),dpc=com.android.server.display.DisplayPowerController@8ae0f71 size(0,1),flags=0X200F,id(0,0,local:4627039422300187648),enable=true,ready=false,waitForNegativeProximity=false policy=DOZE,useProximitySensor=false,dozeState=OFF,screenBrightnessOverride=-1.000000,useAuto=false,lowPower=false,lowPowerFactor=1.000000
10-25 22:52:14.758 D/DpcExtImpl[0]( 1807): RECORD: Animation finished when screen is off isInteractive: false
10-25 22:52:14.758 D/Biometrics_DEBUG( 1807): [onGoToSleepFinish]
10-25 22:52:14.759 E/OplusCustomizeRestrictionManagerService( 1807): isBiometricDisabled start
10-25 22:52:14.761 D/OplusSmartBrightnessController( 1807): add for debug Aod brightness set 1.0
10-25 22:52:14.761 D/DisplayPowerState[0]( 1807): updateRunnable run fadeLevle=0.0 state=DOZE brightness changed:2164.0->1.0
10-25 22:52:14.762 D/BackLightStat( 1807): setScreenState: state changed:DOZE->OFF
10-25 22:52:14.762 D/OplusDisplayState( 1807): setScreenState = false isPrimary = true
10-25 22:52:14.762 D/VRR [OPlusRefreshRateService]( 1807): handleScreenStateChange state: 1
10-25 22:52:14.762 D/VRR [OPlusExternalRefreshRateManager]( 1807): screenStateChange state: 1
10-25 22:52:14.764 D/DisplayPowerState[0]( 1807): setScreenState changed:DOZE->OFF
10-25 22:52:14.765 I/DisplayBrightnessStrategySelector( 1807): Changing the DisplayBrightnessStrategy from InvalidBrightnessStrategy to ScreenOffBrightnessStrategy for display 0
10-25 22:52:14.765 D/DisplayPowerState[0]( 1807): updateRunnable run fadeLevle=0.0 state=OFF brightness changed:2164.0->-1.0
10-25 22:52:14.767 D/DisplayPowerState[0]( 1807): Updating screen state: id=0, state=OFF, backlight=-1.0, sdrBacklight=-1.0
10-25 22:52:14.768 D/DisplayAdapterExt( 1807): sendDisplayDeviceEventLocked event=2,now=73971247,timestamp=73971247 device:[id=local:4627039422300187648,stack=0],isFirst=true,activeMode=2,state=OFF,commitState=DOZE,devInfo:null
10-25 22:52:14.768 D/DisplayDeviceExt( 1807): setDisplayBrightness(4627039422300187648,-1.0, -1.000000, 0.000),verbose[(0,OFF):1.0->-1.0,(-1.0, -1.0)]
10-25 22:52:14.768 D/DisplayDeviceRepositoryExtImpl( 1807): onDisplayDeviceEvent event=2,now=73971247,timestamp=73971247 device:[id=local:4627039422300187648,stack=0],isFirst=true,activeMode=2,state=OFF,commitState=DOZE,devInfo:null
10-25 22:52:14.771 I/DisplayDeviceRepository( 1807): Display device changed state: "Built-in Screen", OFF
10-25 22:52:14.772 D/LogicalDisplayMapper( 1807): Display device changed: DisplayDeviceInfo{"Built-in Screen": uniqueId="local:4627039422300187648", 1080 x 2400, modeId 2, renderFrameRate 60.000004, defaultModeId 1, userPreferredModeId -1, supportedModes [{id=1, width=1080, height=2400, fps=120.00001, vsync=120.00001, synthetic=false, alternativeRefreshRates=[60.0], supportedHdrTypes=[]}, {id=2, width=1080, height=2400, fps=60.0, vsync=60.0, synthetic=false, alternativeRefreshRates=[120.00001], supportedHdrTypes=[]}], colorMode 0, supportedColorModes [0, 7], hdrCapabilities HdrCapabilities{mSupportedHdrTypes=[], mMaxLuminance=500.0, mMaxAverageLuminance=500.0, mMinLuminance=0.0}, allmSupported false, gameContentTypeSupported false, density 480, 394.409 x 394.409 dpi, appVsyncOff 1133334, presDeadline 16600000, cutout DisplayCutout{insets=Rect(0, 110 - 0, 0) waterfall=Insets{left=0, top=0, right=0, bottom=0} boundingRect={Bounds=[Rect(0, 0 - 0, 0), Rect(498, 0 - 582, 110), Rect(0, 0 - 0, 0), Rect(0, 0 - 0, 0)]} cutoutPathParserInfo={CutoutPathParserInfo{displayWidth=1080 displayHeight=2400 physicalDisplayWidth=1080 physicalDisplayHeight=2400 density={3.0} cutoutSpec={M -42,0 L -42,110 L 42,110 L 42,0 Z} rotation={0} scale={1.0} physicalPixelDisplaySizeRatio={1.0}}} sideOverrides={}}, touch INTERNAL, rotation 0, type INTERNAL, address {port=0, model=0x40368bd6e7ee6c}, deviceProductInfo DeviceProductInfo{name=MTKDEV, manufacturerPnpId=MTK, productId=35638, modelYear=null, manufactureDate=ManufactureDate{week=42, year=2021}, connectionToSinkType=0}, state OFF, committedState DOZE, frameRateOverride , brightnessMinimum 0.0, brightnessMaximum 1.0, brightnessDefault 4730.108, hdrSdrRatio 1.0, backlightType 0, FLAG_ALLOWED_TO_BE_DEFAULT_DISPLAY, FLAG_ROTATES_WITH_CONTENT, FLAG_SECURE, FLAG_SUPPORTS_PROTECTED_BUFFERS, FLAG_TRUSTED, installOrientation 0, displayShape DisplayShape{ spec=1406003047 displayWidth=1080 displayHeight=2400 physicalPixelDisplaySizeRatio=1.0 rotation=0 offsetX=0 offsetY=0 scale=1.0}} diff=2
10-25 22:52:14.772 D/OplusSmartBrightnessController( 1807): brightness(primary) = -1, brightness color = -1.0, brightness nit = 0.0,id:4627039422300187648 provider=false,verbose[auto=false,dragging=false,lowAnimating=false,hdrAnimating=false,needUpdate=false,window=false,dolbyRecord=false,edrEnhance=false,cover=false,isFirst=true,onlyOne=false,isDragAnimating=false,noAnim=false,state=OFF,smbPreview=false]
10-25 22:52:14.772 D/LogicalDisplayExt( 1807): set displayInfo flag FLAG_ROTATES_WITH_CONTENT
10-25 22:52:14.773 D/OplusSmartBrightnessController( 1807): requestDisplayState isFirstDisplay=true state=1 globalDisplayState=0x0
10-25 22:52:14.773 D/DisplayDeviceExt( 1807): setDisplayState([4627039422300187648,true],DOZE->OFF),t-Name=PhotonicModulator
10-25 22:52:14.776 D/DisplayManagerServiceExtImpl( 1807): scheduleTraversalLocked intraversal=false
10-25 22:52:14.777 I/DisplayManagerServiceExtImpl( 1807): handle logical display changed logicalDisplay=id=0,stack=0,content=true,displayInfo{stack=0,type=1,id=0,uId=local:4627039422300187648,state=OFF,pkg=null}
10-25 22:52:14.777 D/DisplayManagerService( 1807): Delivering display event: displayId=0, event=CHANGED
10-25 22:52:14.777 D/BrightnessThermalClamper( 1807): Thermal status observer already started
10-25 22:52:14.777 D/BrightnessPowerClamper( 1807): Power throttling data is missing for configuration data.
10-25 22:52:14.782 D/OplusVFXScreenEffectFeature( 1807): notifySFCompatWindowStateChange entered false
10-25 22:52:14.784 D/DisplayManagerService( 1807): performTraversalInternal pendingTraversal
10-25 22:52:14.784 D/DisplayDevice( 1807): setLayerStackLocked id=local:4627039422300187648 token=android.os.BinderProxy@2405244 stack=0->-1
10-25 22:52:14.784 I/DisplayDevice( 1807): [0] Layerstack set to -1 for local:4627039422300187648
10-25 22:52:14.789 D/DisplayManagerService( 1807): MSG_REQUEST_TRAVERSAL pendingCompleted=false
10-25 22:52:14.796 D/CastManagerService( 2267): onDisplayChanged.
10-25 22:52:15.059 D/DisplayAdapterExt( 1807): sendDisplayDeviceEventLocked event=2,now=73971535,timestamp=73971535 device:[id=local:4627039422300187648,stack=-1],isFirst=true,activeMode=2,state=OFF,commitState=OFF,devInfo:null
10-25 22:52:15.059 D/DisplayDeviceRepositoryExtImpl( 1807): onDisplayDeviceEvent event=2,now=73971535,timestamp=73971535 device:[id=local:4627039422300187648,stack=-1],isFirst=true,activeMode=2,state=OFF,commitState=OFF,devInfo:null
10-25 22:52:15.060 I/DisplayDeviceRepositoryExtImpl( 1807): Display device changed committed state: "Built-in Screen", OFF
10-25 22:52:15.060 D/HidlDisplayPanelFeature( 1807): getDisplayPanelFeatureValue +++, featureID:20
10-25 22:52:15.061 D/LogicalDisplayMapper( 1807): Display device changed: DisplayDeviceInfo{"Built-in Screen": uniqueId="local:4627039422300187648", 1080 x 2400, modeId 2, renderFrameRate 60.000004, defaultModeId 1, userPreferredModeId -1, supportedModes [{id=1, width=1080, height=2400, fps=120.00001, vsync=120.00001, synthetic=false, alternativeRefreshRates=[60.0], supportedHdrTypes=[]}, {id=2, width=1080, height=2400, fps=60.0, vsync=60.0, synthetic=false, alternativeRefreshRates=[120.00001], supportedHdrTypes=[]}], colorMode 0, supportedColorModes [0, 7], hdrCapabilities HdrCapabilities{mSupportedHdrTypes=[], mMaxLuminance=500.0, mMaxAverageLuminance=500.0, mMinLuminance=0.0}, allmSupported false, gameContentTypeSupported false, density 480, 394.409 x 394.409 dpi, appVsyncOff 1133334, presDeadline 16600000, cutout DisplayCutout{insets=Rect(0, 110 - 0, 0) waterfall=Insets{left=0, top=0, right=0, bottom=0} boundingRect={Bounds=[Rect(0, 0 - 0, 0), Rect(498, 0 - 582, 110), Rect(0, 0 - 0, 0), Rect(0, 0 - 0, 0)]} cutoutPathParserInfo={CutoutPathParserInfo{displayWidth=1080 displayHeight=2400 physicalDisplayWidth=1080 physicalDisplayHeight=2400 density={3.0} cutoutSpec={M -42,0 L -42,110 L 42,110 L 42,0 Z} rotation={0} scale={1.0} physicalPixelDisplaySizeRatio={1.0}}} sideOverrides={}}, touch INTERNAL, rotation 0, type INTERNAL, address {port=0, model=0x40368bd6e7ee6c}, deviceProductInfo DeviceProductInfo{name=MTKDEV, manufacturerPnpId=MTK, productId=35638, modelYear=null, manufactureDate=ManufactureDate{week=42, year=2021}, connectionToSinkType=0}, state OFF, committedState OFF, frameRateOverride , brightnessMinimum 0.0, brightnessMaximum 1.0, brightnessDefault 4730.108, hdrSdrRatio 1.0, backlightType 0, FLAG_ALLOWED_TO_BE_DEFAULT_DISPLAY, FLAG_ROTATES_WITH_CONTENT, FLAG_SECURE, FLAG_SUPPORTS_PROTECTED_BUFFERS, FLAG_TRUSTED, installOrientation 0, displayShape DisplayShape{ spec=1406003047 displayWidth=1080 displayHeight=2400 physicalPixelDisplaySizeRatio=1.0 rotation=0 offsetX=0 offsetY=0 scale=1.0}} diff=4
10-25 22:52:15.061 D/LogicalDisplayExt( 1807): set displayInfo flag FLAG_ROTATES_WITH_CONTENT
