10-25 22:53:35.355 D/OplusPowerManagerHelper( 1807): scheduleNotifyStopDream
10-25 22:53:35.355 D/OplusFeatureAOD( 1807): notifySfUnBlockScreenOn
10-25 22:53:35.355 D/OplusPowerManagerHelper( 1807): handleMessage:102
10-25 22:53:35.355 D/OplusPowerManagerHelper( 1807): MSG_STOP_DEAM
10-25 22:53:35.362 E/AppOps  ( 1807): package client.pid<1497> not found, can't check for attributionTag null
10-25 22:53:35.362 E/AppOps  ( 1807): Bad call made by uid 1047. Package "client.pid<1497>" does not belong to uid 1000.
10-25 22:53:35.362 E/AppOps  ( 1807): Cannot checkOperation: non-application UID 1000
10-25 22:53:35.365 D/OplusDisplayBrightnessBroadcastReceiver( 1807): onReceive action = android.intent.action.SCREEN_ON , listeners = [com.android.server.display.marvels.module.ORBrightnessMarvelsDataCollector$ScreenStateReceiver@e7b5e4a, com.android.server.display.stat.BackLightStat$EventReceiver@c08ac83]
10-25 22:53:35.370 I/WindowManager( 1807): Window{eb9b564 u0 OnScreenFingerprintIcon} state from DRAW_PENDING to COMMIT_DRAW_PENDING; reason: finishDrawingLocked
10-25 22:53:35.373 V/WindowManager( 1807): Relayout Window{b644cfc u0 OnScreenFingerprintPressedIcon}: viewVisibility=0, oldvis=8, req=171x171, vsysui=
10-25 22:53:35.373 I/WindowManager( 1807): Window{b644cfc u0 OnScreenFingerprintPressedIcon} state from NO_SURFACE to DRAW_PENDING; reason: resetDrawState
10-25 22:53:35.377 I/WindowManager( 1807): Window{eb9b564 u0 OnScreenFingerprintIcon} state from COMMIT_DRAW_PENDING to READY_TO_SHOW; reason: commitFinishDrawingLocked
10-25 22:53:35.377 I/WindowManager( 1807): Window{eb9b564 u0 OnScreenFingerprintIcon} state from READY_TO_SHOW to HAS_DRAWN; reason: performShowLocked
10-25 22:53:35.378 D/WindowManager( 1807): NFW_findFocusedWindowIfNeeded:Window{e84d5cc u0 NotificationShade} mCurrentFocus:Window{e84d5cc u0 NotificationShade}
10-25 22:53:35.379 D/DisplayDeviceExt( 1807): setDisplayBrightness(4627039422300187648,2164.0, 0.211349, 15.471),verbose[(0,ON):-1.0->2164.0,(2164.0, 2164.0)]
10-25 22:53:35.384 D/VRR [OPlusRefreshRateService]( 1807): handleConfigIdChange physicalDisplayId: 4627039422300187648 configId: 0 renderPeriod: 8333333
10-25 22:53:35.398 I/WindowManager( 1807): Window{b644cfc u0 OnScreenFingerprintPressedIcon} state from DRAW_PENDING to COMMIT_DRAW_PENDING; reason: finishDrawingLocked
10-25 22:53:35.419 I/WindowManager( 1807): Window{b644cfc u0 OnScreenFingerprintPressedIcon} state from COMMIT_DRAW_PENDING to READY_TO_SHOW; reason: commitFinishDrawingLocked
10-25 22:53:35.419 I/WindowManager( 1807): Window{b644cfc u0 OnScreenFingerprintPressedIcon} state from READY_TO_SHOW to HAS_DRAWN; reason: performShowLocked
10-25 22:53:35.420 W/VRI[NotificationShade]( 2363): updateBlastSurfaceIfNeeded, surfaceSize:Point(1080, 2400), lastSurfaceSize:Point(1080, 2400), format:-3, blastBufferQueue:android.graphics.BLASTBufferQueue@fd3f2ba
10-25 22:53:35.422 D/WindowManagerServiceExtImpl( 1807): extractConfigInfoAndRealFlags rotation=0, screenDp=360, residentWS:0, win=Window{e84d5cc u0 NotificationShade}
10-25 22:53:35.423 V/WindowManager( 1807): Relayout Window{e84d5cc u0 NotificationShade}: viewVisibility=0, oldvis=0, req=1080x2400, vsysui=, x=0, y=0
10-25 22:53:35.434 D/ShellSplitScreen( 2363): onFinishedWakingUp
10-25 22:53:35.435 D/OneHandedController( 2363): setLockedDisabled locked = false, enabled = false ,FeatureEnabled = false
10-25 22:53:35.442 D/WindowManager( 1807): NFW_setClientVisible:WallpaperWindowToken{fa17340 token=android.os.Binder@a391302 showWhenLocked=true} clientVisible:true
10-25 22:53:35.458 D/AlarmWakeupCheck( 1807): SCREEN_ON: CntAlarmWakeup = 1
10-25 22:53:35.474 I/MR2ServiceImpl( 1807): Updating composite discovery preference | preference: RouteDiscoveryRequest{ preferredFeatures={}, activeScan=false }, active routers: []
10-25 22:53:35.580 W/ContextImpl( 1807): Calling a method in the system process without a qualified user: android.app.ContextImpl.sendBroadcast:1261 com.android.server.camera.OplusCameraStateBroadcast.notifyCameraState:52 com.android.server.camera.CameraServiceProxyExtImpl.extendNotifyCameraState:321 com.android.server.camera.CameraServiceProxy.updateActivityCount:1547 com.android.server.camera.CameraServiceProxy.-$$Nest$mupdateActivityCount:0 
10-25 22:53:35.612 D/MBrainLocalService( 1807): isVendorFreezeConditionPass is false
10-25 22:53:35.613 D/MBrainLocalService( 1807): notifyNetworkChange failed
10-25 22:53:35.639 D/OplusBatteryManager( 1807): getPsyBatteryRm: 5423
10-25 22:53:35.690 W/OplusStorageManagerFeature( 1807): mScreenReceiver action:android.intent.action.SCREEN_ON
10-25 22:53:35.691 W/OplusStorageManagerFeature( 1807): turn screenOn, maintPrepared:false
10-25 22:53:35.694 W/OplusStorageManagerFeature( 1807): sendToTarget over,paramStr:0
10-25 22:53:35.698 D/OplusDisplayBrightnessBroadcastReceiver( 1807): onReceive action = android.intent.action.TIME_TICK , listeners = [com.android.server.display.marvels.module.ORBrightnessMarvelsDataCollector$ScreenStateReceiver@e7b5e4a, com.android.server.display.oplus.eyeprotect.manager.AiCurveManager$RhythmBroadcastReceiver@74ad58f]
10-25 22:53:35.708 W/OplusStorageManagerFeature( 1807): Ready to deal actionParam:0
10-25 22:53:35.718 E/OplusStorageManagerFeature( 1807): writeF2fsRelatedNode failed for:discard_granularity
10-25 22:53:35.718 E/OplusStorageManagerFeature( 1807): java.io.FileNotFoundException: /sys/fs/f2fs/sdc18/discard_granularity: open failed: EACCES (Permission denied)
10-25 22:53:35.718 E/OplusStorageManagerFeature( 1807): 	at libcore.io.IoBridge.open(IoBridge.java:574)
10-25 22:53:35.718 E/OplusStorageManagerFeature( 1807): 	at java.io.FileOutputStream.<init>(FileOutputStream.java:259)
10-25 22:53:35.718 E/OplusStorageManagerFeature( 1807): 	at java.io.FileOutputStream.<init>(FileOutputStream.java:147)
10-25 22:53:35.718 E/OplusStorageManagerFeature( 1807): 	at java.io.FileWriter.<init>(FileWriter.java:66)
10-25 22:53:35.718 E/OplusStorageManagerFeature( 1807): 	at com.android.server.storage.OplusStorageManagerFeature.writeF2fsRelatedNode(OplusStorageManagerFeature.java:1147)
10-25 22:53:35.718 E/OplusStorageManagerFeature( 1807): 	at com.android.server.storage.OplusStorageManagerFeature.onMessageDPolicyExpect(OplusStorageManagerFeature.java:1936)
10-25 22:53:35.718 E/OplusStorageManagerFeature( 1807): 	at com.android.server.storage.OplusStorageManagerFeature.onStorageManagerMessageHandle(OplusStorageManagerFeature.java:1503)
10-25 22:53:35.718 E/OplusStorageManagerFeature( 1807): 	at com.android.server.StorageManagerService$StorageManagerServiceHandler.handleMessage(StorageManagerService.java:790)
10-25 22:53:35.718 E/OplusStorageManagerFeature( 1807): 	at android.os.Handler.dispatchMessage(Handler.java:107)
10-25 22:53:35.718 E/OplusStorageManagerFeature( 1807): 	at android.os.Looper.loopOnce(Looper.java:282)
10-25 22:53:35.718 E/OplusStorageManagerFeature( 1807): 	at android.os.Looper.loop(Looper.java:387)
10-25 22:53:35.718 E/OplusStorageManagerFeature( 1807): 	at android.os.HandlerThread.run(HandlerThread.java:85)
10-25 22:53:35.718 E/OplusStorageManagerFeature( 1807): Caused by: android.system.ErrnoException: open failed: EACCES (Permission denied)
10-25 22:53:35.718 E/OplusStorageManagerFeature( 1807): 	at libcore.io.Linux.open(Native Method)
10-25 22:53:35.718 E/OplusStorageManagerFeature( 1807): 	at libcore.io.ForwardingOs.open(ForwardingOs.java:568)
10-25 22:53:35.718 E/OplusStorageManagerFeature( 1807): 	at libcore.io.BlockGuardOs.open(BlockGuardOs.java:274)
10-25 22:53:35.718 E/OplusStorageManagerFeature( 1807): 	at libcore.io.IoBridge.open(IoBridge.java:560)
10-25 22:53:35.718 E/OplusStorageManagerFeature( 1807): 	... 11 more
10-25 22:53:35.740 E/OplusStorageManagerFeature( 1807): writeF2fsRelatedNode failed for:gc_urgent
10-25 22:53:35.740 E/OplusStorageManagerFeature( 1807): java.io.FileNotFoundException: /sys/fs/f2fs/sdc18/gc_urgent: open failed: EACCES (Permission denied)
10-25 22:53:35.740 E/OplusStorageManagerFeature( 1807): 	at libcore.io.IoBridge.open(IoBridge.java:574)
10-25 22:53:35.740 E/OplusStorageManagerFeature( 1807): 	at java.io.FileOutputStream.<init>(FileOutputStream.java:259)
10-25 22:53:35.740 E/OplusStorageManagerFeature( 1807): 	at java.io.FileOutputStream.<init>(FileOutputStream.java:147)
10-25 22:53:35.740 E/OplusStorageManagerFeature( 1807): 	at java.io.FileWriter.<init>(FileWriter.java:66)
10-25 22:53:35.740 E/OplusStorageManagerFeature( 1807): 	at com.android.server.storage.OplusStorageManagerFeature.writeF2fsRelatedNode(OplusStorageManagerFeature.java:1147)
10-25 22:53:35.740 E/OplusStorageManagerFeature( 1807): 	at com.android.server.storage.OplusStorageManagerFeature.onMessageDPolicyExpect(OplusStorageManagerFeature.java:1937)
10-25 22:53:35.740 E/OplusStorageManagerFeature( 1807): 	at com.android.server.storage.OplusStorageManagerFeature.onStorageManagerMessageHandle(OplusStorageManagerFeature.java:1503)
10-25 22:53:35.740 E/OplusStorageManagerFeature( 1807): 	at com.android.server.StorageManagerService$StorageManagerServiceHandler.handleMessage(StorageManagerService.java:790)
10-25 22:53:35.740 E/OplusStorageManagerFeature( 1807): 	at android.os.Handler.dispatchMessage(Handler.java:107)
10-25 22:53:35.740 E/OplusStorageManagerFeature( 1807): 	at android.os.Looper.loopOnce(Looper.java:282)
10-25 22:53:35.740 E/OplusStorageManagerFeature( 1807): 	at android.os.Looper.loop(Looper.java:387)
10-25 22:53:35.740 E/OplusStorageManagerFeature( 1807): 	at android.os.HandlerThread.run(HandlerThread.java:85)
10-25 22:53:35.740 E/OplusStorageManagerFeature( 1807): Caused by: android.system.ErrnoException: open failed: EACCES (Permission denied)
10-25 22:53:35.740 E/OplusStorageManagerFeature( 1807): 	at libcore.io.Linux.open(Native Method)
10-25 22:53:35.740 E/OplusStorageManagerFeature( 1807): 	at libcore.io.ForwardingOs.open(ForwardingOs.java:568)
10-25 22:53:35.740 E/OplusStorageManagerFeature( 1807): 	at libcore.io.BlockGuardOs.open(BlockGuardOs.java:274)
10-25 22:53:35.740 E/OplusStorageManagerFeature( 1807): 	at libcore.io.IoBridge.open(IoBridge.java:560)
10-25 22:53:35.740 E/OplusStorageManagerFeature( 1807): 	... 11 more
10-25 22:53:35.789 D/vold    (  539): [storage]aborting idle start
10-25 22:53:35.790 D/vold    (  539): [storage]idle maintenance stopped
10-25 22:53:35.832 I/WindowManager( 1807): addWindow: New client android.os.BinderProxy@7572ffd : window=Window{196f743 u0 OplusFrontCameraPinholeView}
10-25 22:53:35.850 V/WindowManager( 1807): Relayout Window{196f743 u0 OplusFrontCameraPinholeView}: viewVisibility=0, oldvis=0, req=92x92, vsysui=, x=494, y=16
10-25 22:53:35.850 I/WindowManager( 1807): Window{196f743 u0 OplusFrontCameraPinholeView} state from NO_SURFACE to DRAW_PENDING; reason: resetDrawState
10-25 22:53:35.855 D/WindowManager( 1807): NFW_findFocusedWindowIfNeeded:Window{e84d5cc u0 NotificationShade} mCurrentFocus:Window{e84d5cc u0 NotificationShade}
10-25 22:53:35.885 D/OplusStartingWindowManager( 1807): updateRecordSurfaceViewState windowToken = android.os.BinderProxy@7572ffd, surfaceState = true, attachedToWindow = true, inList = false, win = Window{196f743 u0 OplusFrontCameraPinholeView}
10-25 22:53:35.898 D/UsageStatsService( 1807): User[999] type=0 b=1761407468127 e=1761407615898 cb=1761401898774 ce=1761407615037 disk=0 all=4
10-25 22:53:35.906 I/WindowManager( 1807): Window{196f743 u0 OplusFrontCameraPinholeView} state from DRAW_PENDING to COMMIT_DRAW_PENDING; reason: finishDrawingLocked
10-25 22:53:35.908 I/WindowManager( 1807): Window{196f743 u0 OplusFrontCameraPinholeView} state from COMMIT_DRAW_PENDING to READY_TO_SHOW; reason: commitFinishDrawingLocked
10-25 22:53:35.908 I/WindowManager( 1807): Window{196f743 u0 OplusFrontCameraPinholeView} state from READY_TO_SHOW to HAS_DRAWN; reason: performShowLocked
10-25 22:53:35.935 W/ContextImpl( 1807): Calling a method in the system process without a qualified user: android.app.ContextImpl.sendBroadcast:1261 com.android.server.camera.OplusCameraStateBroadcast.notifyCameraState:52 com.android.server.camera.CameraServiceProxyExtImpl.extendNotifyCameraState:321 com.android.server.camera.CameraServiceProxy.updateActivityCount:1547 com.android.server.camera.CameraServiceProxy.-$$Nest$mupdateActivityCount:0 
10-25 22:53:36.343 D/WindowManager( 1807): rotation(ROTATION_0) no changed  displayId = 0, lastOrientation = 5
10-25 22:53:36.569 D/AidlResponseHandler( 1807): [onTransact]code 1001 flags: 17
10-25 22:53:36.570 D/Biometrics/FingerprintProvider/FingerprintServiceProviderExtImpl( 1807): dispatchTouchDown
10-25 22:53:36.570 D/Biometrics/Fingerprint/UdfpsHelperExtImpl( 1807): preShowUdfpsOverlay sensor:1 reason:8
10-25 22:53:36.578 D/Biometrics/FingerprintProvider/FingerprintServiceProviderExtImpl( 1807): [handleOnPointerDown] sUdfpsIconIsShow: true
10-25 22:53:36.578 D/Biometrics/FingerprintProvider/FingerprintServiceProviderExtImpl( 1807): [handleOnPointerDown] dispatch to Auth
10-25 22:53:36.580 D/HidlDisplayPanelFeature( 1807): setDisplayPanelFeatureValue +++, ID:28, value:1
10-25 22:53:36.580 D/HidlDisplayPanelFeature( 1807): getDisplayPanelFeatureValue +++, featureID:211
10-25 22:53:36.584 D/PowerManagerService( 1807): userActivityNoUpdateLocked: groupId=0, eventTime=53331997, event=touch, flags=0x0, uid=1000
10-25 22:53:36.585 D/HidlDisplayPanelFeature( 1807): getDisplayPanelFeatureValue, ret = 0
10-25 22:53:36.585 I/HidlDisplayPanelFeature( 1807): [512]
10-25 22:53:36.585 D/HidlDisplayPanelFeature( 1807): getDisplayPanelFeatureValue ---, result = [512]
10-25 22:53:36.585 D/HidlDisplayPanelFeature( 1807): notifyDispFingerLayer 0
10-25 22:53:36.634 V/BiometricLogger( 1807): Acquired! Modality: 4, User: 0, IsCrypto: false, Action: 2, Client: 1, AcquiredInfo: 0, VendorCode: 1002
10-25 22:53:36.634 V/Biometrics/AcquisitionClient( 1807): Acquired: 0 1002, shouldSend: false
10-25 22:53:36.634 D/PowerManagerService( 1807): userActivityNoUpdateLocked: groupId=0, eventTime=53332047, event=touch, flags=0x0, uid=1000
10-25 22:53:36.636 D/AidlResponseHandler( 1807): skip authentication frame return
10-25 22:53:36.768 D/AidlResponseHandler( 1807): [onTransact]code 3 flags: 16
10-25 22:53:36.770 V/BiometricLogger( 1807): Acquired! Modality: 1, User: 0, IsCrypto: false, Action: 2, Client: 1, AcquiredInfo: 0, VendorCode: 0
10-25 22:53:36.770 V/Biometrics/AcquisitionClient( 1807): Acquired: 0 0, shouldSend: true
10-25 22:53:36.772 D/PowerManagerService( 1807): userActivityNoUpdateLocked: groupId=0, eventTime=53332185, event=touch, flags=0x0, uid=1000
10-25 22:53:36.885 V/BiometricLogger( 1807): Acquired! Modality: 4, User: 0, IsCrypto: false, Action: 2, Client: 1, AcquiredInfo: 1, VendorCode: 1002
10-25 22:53:36.885 V/Biometrics/AcquisitionClient( 1807): Acquired: 1 1002, shouldSend: false
10-25 22:53:36.894 V/BiometricLogger( 1807): Acquired! Modality: 4, User: 0, IsCrypto: false, Action: 2, Client: 1, AcquiredInfo: 14, VendorCode: 1001
10-25 22:53:36.895 V/Biometrics/AcquisitionClient( 1807): Acquired: 14 1001, shouldSend: false
10-25 22:53:36.942 D/VRR [OPlusExternalRefreshRateManager]( 1807): notifyDisableOtiMode: false
10-25 22:53:36.943 D/VRR [OPlusSurfaceFlingerController]( 1807):  setTouchIdleShouldPause : false
10-25 22:53:37.014 D/AidlResponseHandler( 1807): [onTransact]code 6 flags: 16
10-25 22:53:37.031 V/Biometrics/FingerprintProvider/FingerprintServiceProviderExtImpl( 1807): start notify Vold when fingerprint success
10-25 22:53:37.032 D/OplusUserManagerServiceEnhance( 1807): getMultiSystemUserId  res = -10000
10-25 22:53:37.039 V/BiometricLogger( 1807): Authenticated! Modality: 1, User: 0, IsCrypto: false, Client: 1, RequireConfirmation: false, State: 3, Latency: -1, Lux: -1.0
10-25 22:53:37.040 V/Biometrics/AuthenticationClient( 1807): onAuthenticated(true), ID:167881319, Owner: com.android.systemui, isBP: false, listener: com.android.server.biometrics.sensors.ClientMonitorCallbackConverter@aa9f04a, requireConfirmation: false, user: 0, clientMonitor: {[344] com.android.server.biometrics.sensors.fingerprint.aidl.FingerprintAuthenticationClient, proto=3, owner=com.android.systemui, cookie=0, requestId=140, userId=0}
10-25 22:53:37.040 W/Biometrics/AuthenticationClient( 1807): Allowing background authentication, this is allowed only for platform or test invocations
10-25 22:53:37.040 D/BaseClientMonitor( 1807): marking operation as done: {[344] com.android.server.biometrics.sensors.fingerprint.aidl.FingerprintAuthenticationClient, proto=3, owner=com.android.systemui, cookie=0, requestId=140, userId=0}
10-25 22:53:37.042 D/PowerManagerService( 1807): userActivityNoUpdateLocked: groupId=0, eventTime=53332440, event=touch, flags=0x0, uid=1000
10-25 22:53:37.042 D/BiometricService( 1807): resetLockout from: 1, for: 4, userId: 0
10-25 22:53:37.076 I/keystore2(  626): system/security/keystore2/src/authorization.rs:114 - add_auth_token(challenge=0, userId=2996719246182991387, authId=-2026756461368275957, authType=0x2, timestamp=74060008ms)
10-25 22:53:37.077 D/Biometrics/AuthenticationClient( 1807): addAuthToken succeeded
10-25 22:53:37.079 D/BiometricStateCallback( 1807): Client finished, state updated to 0, client {[344] com.android.server.biometrics.sensors.fingerprint.aidl.FingerprintAuthenticationClient, proto=3, owner=com.android.systemui, cookie=0, requestId=140, userId=0}
10-25 22:53:37.080 D/BiometricSchedulerOperation( 1807): [Finished / destroy]: {[344] com.android.server.biometrics.sensors.fingerprint.aidl.FingerprintAuthenticationClient, proto=3, owner=com.android.systemui, cookie=0, requestId=140, userId=0}
10-25 22:53:37.080 D/FingerprintAuthenticationClient( 1807): Lockout is implemented by the HAL
10-25 22:53:37.080 D/Biometrics/Fingerprint/UdfpsHelperExtImpl( 1807): preHideUdfpsOverlay sensor:1
10-25 22:53:37.081 D/NativeFreezeManager( 1807): freezeForBioUnlockScene enter
10-25 22:53:37.084 E/Biometrics/Fingerprint/UdfpsHelperExtImpl( 1807): notifyFingerprintIconStatus: 0
10-25 22:53:37.084 D/VRR [OPlusExternalRefreshRateManager]( 1807): setStatus with: 0
10-25 22:53:37.087 D/RefreshRate( 1807): keepHighRefreshRate status=0: votes=PRIORITY_WINDOW_REQUEST -> Vote{mRefreshRate=120.0, mMinRefreshRate=120.0, mRequestSource=null};
10-25 22:53:37.087 D/HidlDisplayPanelFeature( 1807): setDisplayPanelFeatureValue +++, ID:28, value:0
10-25 22:53:37.087 D/HidlDisplayPanelFeature( 1807): getDisplayPanelFeatureValue +++, featureID:211
10-25 22:53:37.089 D/HidlDisplayPanelFeature( 1807): getDisplayPanelFeatureValue, ret = 0
10-25 22:53:37.089 I/HidlDisplayPanelFeature( 1807): [512]
10-25 22:53:37.089 D/HidlDisplayPanelFeature( 1807): getDisplayPanelFeatureValue ---, result = [512]
10-25 22:53:37.089 D/HidlDisplayPanelFeature( 1807): notifyDispFingerLayer 1
10-25 22:53:37.108 D/BiometricScheduler( 1807): [Finishing] {[344] com.android.server.biometrics.sensors.fingerprint.aidl.FingerprintAuthenticationClient, proto=3, owner=com.android.systemui, cookie=0, requestId=140, userId=0}, success: true
10-25 22:53:37.108 D/GestureAvailabilityTracker( 1807): Notifying gesture availability, active=true
10-25 22:53:37.108 D/BiometricScheduler( 1807): No operations, returning to idle
10-25 22:53:37.123 D/PowerManagerService( 1807): userActivityNoUpdateLocked: groupId=0, eventTime=53332534, event=other, flags=0x0, uid=10231
10-25 22:53:37.134 I/VibratorManagerServiceExtImpl( 1807): vibrate is uid=10231, pid=2363, opPkg=com.android.systemui, effect=Mono{mEffect=Composed{segments=[Step{amplitude=0.0, frequencyHz=0.0, duration=0}, Step{amplitude=-1.0, frequencyHz=0.0, duration=50}], repeat=-1}}, attributes=VibrationAttributes{mUsage=TOUCH, mAudioUsage= USAGE_UNKNOWN, mCategory=UNKNOWN, mFlags=0}, reason=null, token=15739096
10-25 22:53:37.140 D/LockSettingsService( 1807): [reportSuccessfulBiometricUnlock] isStrongBiometric = true, userId = 0
10-25 22:53:37.146 V/ALSProbe( 1807): Enable ALS: 29582385
10-25 22:53:37.148 V/ALSProbe( 1807): Finishing next consumer
10-25 22:53:37.148 W/BiometricFrameworkStatsLogger( 1807): found a negative latency : -1
10-25 22:53:37.149 D/FaceManager( 2363): Cancel face authentication requested for: 101
10-25 22:53:37.149 D/FaceManager( 2363): FaceManager#cancelAuthentication called by com.android.systemui requestId: 101
10-25 22:53:37.151 E/OplusCustomizeRestrictionManagerService( 1807): isBiometricDisabled start
10-25 22:53:37.153 D/BiometricScheduler( 1807): [Added] {[346] com.android.server.biometrics.sensors.face.aidl.FaceResetLockoutClient, proto=12, owner=android, cookie=0, requestId=-1, userId=0}, new queue size: 1, interruptable: true
10-25 22:53:37.153 D/BiometricScheduler( 1807): [Cancelling Interruptable]: {[345] com.android.server.biometrics.sensors.face.aidl.FaceAuthenticationClient, proto=3, owner=com.android.systemui, cookie=0, requestId=101, userId=0}, State: 2
10-25 22:53:37.154 D/BiometricSchedulerOperation( 1807): [Cancelling] Current client: {[345] com.android.server.biometrics.sensors.face.aidl.FaceAuthenticationClient, proto=3, owner=com.android.systemui, cookie=0, requestId=101, userId=0}
10-25 22:53:37.155 E/StorageManagerService( 1807): unlockSensitiveKey fail!
10-25 22:53:37.155 D/OplusUserManagerServiceEnhance( 1807): getMultiSystemUserId  res = -10000
10-25 22:53:37.157 I/vold    (  539): [sensitive file debug]fscrypt_export_sensitive_file_key start, user_id=0,sensitiveType=0,use_default=1
10-25 22:53:37.157 D/vold    (  539): Cannot find key for 0
10-25 22:53:37.157 I/vold    (  539): [sensitive file debug]lookup_sensitive_file_key,failed sensitiveType: 0,try to create!
10-25 22:53:37.157 I/StorageManagerService( 1807): exportSensitveFileKey: success, sensitiveType:0,size=0
10-25 22:53:37.158 W/Biometrics/FingerprintProvider/FingerprintServiceProviderExtImpl( 1807): Failed to unlock: 
10-25 22:53:37.176 D/CommonDcsUploader( 1807): notifyMsgToCommonDcs, logTag: 20120faceAuth_event
10-25 22:53:37.176 D/BiometricScheduler( 1807): cancelAuthenticationOrDetection, requestId: 101
10-25 22:53:37.176 D/BiometricScheduler( 1807): Cancelling auth/detect op: {[345] com.android.server.biometrics.sensors.face.aidl.FaceAuthenticationClient, proto=3, owner=com.android.systemui, cookie=0, requestId=101, userId=0}, State: 3
10-25 22:53:37.177 W/BiometricSchedulerOperation( 1807): Cannot cancel - already invoked for operation: {[345] com.android.server.biometrics.sensors.face.aidl.FaceAuthenticationClient, proto=3, owner=com.android.systemui, cookie=0, requestId=101, userId=0}, State: 3
10-25 22:53:37.177 V/BiometricLogger( 1807): Authenticated! Modality: 4, User: 0, IsCrypto: false, Client: 1, RequireConfirmation: false, State: 3, Latency: -1, Lux: 13.484306
10-25 22:53:37.177 W/BiometricFrameworkStatsLogger( 1807): found a negative latency : -1
10-25 22:53:37.177 V/Biometrics/AuthenticationClient( 1807): onAuthenticated(true), ID:1859381928, Owner: com.android.systemui, isBP: false, listener: com.android.server.biometrics.sensors.ClientMonitorCallbackConverter@faafa84, requireConfirmation: false, user: 0, clientMonitor: {[345] com.android.server.biometrics.sensors.face.aidl.FaceAuthenticationClient, proto=3, owner=com.android.systemui, cookie=0, requestId=101, userId=0}
10-25 22:53:37.177 W/Biometrics/AuthenticationClient( 1807): Allowing background authentication, this is allowed only for platform or test invocations
10-25 22:53:37.177 D/BaseClientMonitor( 1807): marking operation as done: {[345] com.android.server.biometrics.sensors.face.aidl.FaceAuthenticationClient, proto=3, owner=com.android.systemui, cookie=0, requestId=101, userId=0}
10-25 22:53:37.204 D/RedLoggerExtImpl( 1807): Deleted 1 old logs to maintain 1000 records.
10-25 22:53:37.209 D/RedLoggerExtImpl( 1807): 2025-10-18 22:53:37
10-25 22:53:37.210 D/RedLoggerExtImpl( 1807): Deleted 0 old logs.
10-25 22:53:37.219 V/WindowManagerShell( 2363): Transition requested (#887): android.os.BinderProxy@5effc99 TransitionRequestInfo { type = TO_BACK, triggerTask = null, pipTask = null, remoteTransition = null, displayChange = null, flags = 256, debugId = 887 }
10-25 22:53:37.219 D/RedLoggerExtImpl( 1807): New row inserted successfully.
10-25 22:53:37.221 D/ActivityTaskManager( 1807): Top Process State changed to PROCESS_STATE_TOP
10-25 22:53:37.222 D/WindowManager( 1807):  setIsSleeping from  true to false this=Display{#0 state=ON size=1080x2400 ROTATION_0}
10-25 22:53:37.226 D/RefreshRate( 1807): don't do app switch boost,mPickRefreshRateData is:com.android.server.wm.OplusRefreshRatePolicyImpl$PickRefreshRateData@c00ae16 mLastPickedWin is:null
10-25 22:53:37.226 D/ActivityTaskManager( 1807): setAppVisibility(Token{b79f3b0 ActivityRecord{bd1202d u0 com.example.tugas_praktikum/.MainActivity t16726}}, visible=true): mNextAppTransitionRequests=[], mNextAppTransitionFlags=,mAppTransitionState=APP_STATE_IDLE visible=false mVisibleRequested=false
10-25 22:53:37.228 V/ALSProbe( 1807): Disable ALS: 29582385
10-25 22:53:37.228 D/WindowManager( 1807): NFW_setClientVisible:ActivityRecord{bd1202d u0 com.example.tugas_praktikum/.MainActivity t16726} clientVisible:true
10-25 22:53:37.230 D/ActivityTaskManager( 1807): setVisibility(Token{b79f3b0 ActivityRecord{bd1202d u0 com.example.tugas_praktikum/.MainActivity t16726}}, visible=true) defer commitVisibility for transition collecting
10-25 22:53:37.230 D/CommonDcsUploader( 1807): notifyMsgToCommonDcs, logTag: 20120fingerprint_auth_dcsmsg
10-25 22:53:37.231 D/ActivityTaskManager( 1807): NFW_setLastResumedActivityUncheckLocked:false r:ActivityRecord{bd1202d u0 com.example.tugas_praktikum/.MainActivity t16726} currentFocus:Window{e84d5cc u0 NotificationShade}
10-25 22:53:37.231 I/keystore2(  626): system/security/keystore2/src/authorization.rs:114 - add_auth_token(challenge=0, userId=2996719246182991387, authId=8185451081575467813, authType=0x2, timestamp=74060143ms)
10-25 22:53:37.232 D/Biometrics/AuthenticationClient( 1807): addAuthToken succeeded
10-25 22:53:37.232 D/BiometricSchedulerOperation( 1807): [Finished / destroy]: {[345] com.android.server.biometrics.sensors.face.aidl.FaceAuthenticationClient, proto=3, owner=com.android.systemui, cookie=0, requestId=101, userId=0}
10-25 22:53:37.233 I/keystore2(  626): system/security/keystore2/src/authorization.rs:128 - on_device_unlocked(user_id=0, password.is_some()=false)
10-25 22:53:37.234 D/OplusUserManagerServiceEnhance( 1807): getMultiSystemUserId  res = -10000
10-25 22:53:37.236 D/Biometrics/AcquisitionClient( 1807): onErrorInternal code: 5, finish: true
10-25 22:53:37.236 V/BiometricLogger( 1807): Error! Modality: 4, User: 0, IsCrypto: false, Action: 2, Client: 1, Error: 5, VendorCode: 0, Latency: -1
10-25 22:53:37.236 W/BiometricFrameworkStatsLogger( 1807): found a negative latency : -1
10-25 22:53:37.236 D/BiometricSchedulerOperation( 1807): [Finished / destroy]: {[345] com.android.server.biometrics.sensors.face.aidl.FaceAuthenticationClient, proto=3, owner=com.android.systemui, cookie=0, requestId=101, userId=0}
10-25 22:53:37.236 D/BiometricScheduler( 1807): [Finishing] {[345] com.android.server.biometrics.sensors.face.aidl.FaceAuthenticationClient, proto=3, owner=com.android.systemui, cookie=0, requestId=101, userId=0}, success: true
10-25 22:53:37.236 D/BiometricScheduler( 1807): [Polled] {[346] com.android.server.biometrics.sensors.face.aidl.FaceResetLockoutClient, proto=12, owner=android, cookie=0, requestId=-1, userId=0}, State: 0
10-25 22:53:37.236 D/BiometricScheduler( 1807): [Started] {[346] com.android.server.biometrics.sensors.face.aidl.FaceResetLockoutClient, proto=12, owner=android, cookie=0, requestId=-1, userId=0}
10-25 22:53:37.237 V/ALSProbe( 1807): Disable ALS: 85636518
10-25 22:53:37.238 V/Biometrics/Face/FaceProviderExtImpl( 1807): start notify Vold when face success
10-25 22:53:37.238 E/StorageManagerService( 1807): unlockSensitiveKey fail!
10-25 22:53:37.238 I/vold    (  539): [sensitive file debug]fscrypt_export_sensitive_file_key start, user_id=0,sensitiveType=0,use_default=1
10-25 22:53:37.238 D/vold    (  539): Cannot find key for 0
10-25 22:53:37.238 I/vold    (  539): [sensitive file debug]lookup_sensitive_file_key,failed sensitiveType: 0,try to create!
10-25 22:53:37.238 I/StorageManagerService( 1807): exportSensitveFileKey: success, sensitiveType:0,size=0
10-25 22:53:37.239 E/AuthSessionCoordinator( 1807): Error unable to find auth operation : authEndedFor(userId=0 ,biometricStrength=4095, sensorId=4, requestId=101, wasSuccessful=true)
10-25 22:53:37.239 V/BiometricSchedulerOperation( 1807): started: {[346] com.android.server.biometrics.sensors.face.aidl.FaceResetLockoutClient, proto=12, owner=android, cookie=0, requestId=-1, userId=0}, State: 2
10-25 22:53:37.239 W/Biometrics/Face/FaceProviderExtImpl( 1807): Failed to unlock: 
10-25 22:53:37.239 E/BiometricScheduler( 1807): [Ignoring Finish] {[345] com.android.server.biometrics.sensors.face.aidl.FaceAuthenticationClient, proto=3, owner=com.android.systemui, cookie=0, requestId=101, userId=0} does not match current: {[346] com.android.server.biometrics.sensors.face.aidl.FaceResetLockoutClient, proto=12, owner=android, cookie=0, requestId=-1, userId=0}, State: 2
10-25 22:53:37.239 D/LockoutCache( 1807): Lockout for user: 0 is 0
10-25 22:53:37.239 D/WindowManager( 1807): rotation(ROTATION_0) no changed  displayId = 0, lastOrientation = -1
10-25 22:53:37.240 D/BiometricSchedulerOperation( 1807): [Finished / destroy]: {[346] com.android.server.biometrics.sensors.face.aidl.FaceResetLockoutClient, proto=12, owner=android, cookie=0, requestId=-1, userId=0}
10-25 22:53:37.240 D/BiometricScheduler( 1807): [Finishing] {[346] com.android.server.biometrics.sensors.face.aidl.FaceResetLockoutClient, proto=12, owner=android, cookie=0, requestId=-1, userId=0}, success: true
10-25 22:53:37.240 D/BiometricScheduler( 1807): No operations, returning to idle
10-25 22:53:37.240 I/TaskOrganizerController( 1807): onTaskInfoChanged taskid 16726 config { mBounds=Rect(0, 0 - 1080, 2400) mAppBounds=Rect(0, 0 - 1080, 2400) mMaxBounds=Rect(0, 0 - 1080, 2400) mDisplayRotation=ROTATION_0 mWindowingMode=fullscreen mActivityType=standard mAlwaysOnTop=undefined mRotation=ROTATION_0}
10-25 22:53:37.241 D/OplusFlexibleWindowMinimizedManagerHelper( 1807): onTaskInfoChanged taskInfo:TaskInfo{userId=0 taskId=16726 displayId=0 isRunning=true baseIntent=Intent { act=android.intent.action.MAIN cat=[android.intent.category.LAUNCHER] flg=0x10200000 cmp=com.example.tugas_praktikum/.MainActivity mCallingUid=2000 } baseActivity=ComponentInfo{com.example.tugas_praktikum/com.example.tugas_praktikum.MainActivity} topActivity=ComponentInfo{com.example.tugas_praktikum/com.example.tugas_praktikum.MainActivity} origActivity=null realActivity=ComponentInfo{com.example.tugas_praktikum/com.example.tugas_praktikum.MainActivity} numActivities=1 lastActiveTime=74053711 supportsSplitScreenMultiWindow=true supportsMultiWindow=true supportsPocketStudioMultiWindow=true isInFlexibleEmbedded = false uid = 10403 pid = 31474 resizeMode=1 isResizeable=true minWidth=-1 minHeight=-1 defaultMinSize=220 token=WCT{RemoteToken{8dc052f Task{775af3 #16726 type=standard I=com.example.tugas_praktikum/.MainActivity}}} topActivityType=1 pictureInPictureParams=null shouldDockBigOverlays=false launchIntoPipHostTaskId=-1 lastParentTaskIdBeforePip=-1 displayCutoutSafeInsets=null topActivityInfo=ActivityInfo{31c0b28 com.example.tugas_praktikum.MainActivity} launchCookies=[] positionInParent=Point(0, 0) parentTaskId=-1 isFocused=true isVisible=false isVisibleRequested=true isSleeping=false locusId=null displayAreaFeatureId=1 isTopActivityTransparent=false appCompatTaskInfo=AppCompatTaskInfo { topActivityInSizeCompat=false topActivityInOplusCompatMode=false topActivityEligibleForLetterboxEducation= falseisLetterboxEducationEnabled= false isLetterboxDoubleTapEnabled= false topActivityEligibleForUserAspectRatioButton= false topActivityBoundsLetterboxed= false isFromLetterboxDoubleTap= false topActivityLetterboxVerticalPosition= -1 topActivityLetterboxHorizontalPosition= -1 topActivityLetterboxWidth=1080 topActivityLetterboxHeight=2400 isUserFullscreenOverrideEnabled=false isSystemFullscreenOverrideEnabled=false cameraCompatTaskInfo=CameraCompatTaskInfo { cameraCompatControlState=hidden freeformCameraCompatMode=inactive}} topActivityLetterboxInsets=Rect(0, 0 - 0, 0) mOplusExtraBundle = Bundle[{androidx.flexible.taskFrame=Rect(0, 0 - 0, 0), key_flexible_task_state=0, androidx.activity.LaunchScenario=0, androidx.activity.LaunchScale=1.0}]} task:Task{775af3 #16726 type=standard I=com.example.tugas_praktikum/.MainActivity}
10-25 22:53:37.241 D/OplusFlexibleDragToSplitAnimController( 1807): visibleFlexibleTaskInfos delete:16726
10-25 22:53:37.247 D/ActivityTaskManager( 1807): isSnapshotCompatible: w=1080, h=2400, taskSize=Point(1080, 2400)
10-25 22:53:37.247 D/ActivityTaskManager( 1807): validateStartingWindowTheme:  Pkg=com.example.tugas_praktikum, Translucent=false, Floating=false, ShowWallpaper=false, Disable=false, LaunchSource=4
10-25 22:53:37.247 D/ActivityTaskManager( 1807): addStartingWindow for ActivityRecord{bd1202d u0 com.example.tugas_praktikum/.MainActivity t16726}, mainWin=Window{ba0400 u0 com.example.tugas_praktikum/com.example.tugas_praktikum.MainActivity}, mVisible=false, mVisibleRequested=true, drawn=false, mDestroying=false, state=RESUMED, isKeyguardLocked=false, isKeyguardGoingAway=true
10-25 22:53:37.247 D/ActivityTaskManager( 1807): getStartingWindowType: , newTask=false, taskSwitch=true, processRunning=true, allowTaskSnapshot=true, activityCreated=true, activityAllDrawn=false, snapshot exist: true
10-25 22:53:37.247 D/ActivityTaskManager( 1807): isSnapshotCompatible: w=1080, h=2400, taskSize=Point(1080, 2400)
10-25 22:53:37.247 D/ActivityRecordExtImpl( 1807): handleStartingWindowForCompactWindow origin type:1, adjustType : 1
10-25 22:53:37.250 D/PhoneStartingWindowTypeAlgorithm( 2363): preferredStartingWindowType newTask=false, taskSwitch=true, processRunning=true, allowTaskSnapshot=true, activityCreated=true, isSolidColorSplashScreen=false, legacySplashScreen=false, activityDrawn=false, windowless=false, topIsHome=false
10-25 22:53:37.250 D/OplusShellStartingWindowManager( 2363): getReviseStartingWindowType not support, windowInfo is null
10-25 22:53:37.251 D/WindowManager( 1807): setFrameRateStart invalid typeId return!
10-25 22:53:37.251 D/WindowManager( 1807): BarWindow--setVisible: id=2, oldState=2, state=0, mFocuseWindow= Window{e84d5cc u0 NotificationShade} call: 
10-25 22:53:37.256 D/RedLoggerExtImpl( 1807): Deleted 1 old logs to maintain 1000 records.
10-25 22:53:37.258 D/ActivityTaskManager( 1807): attachStartingWindow: mStartingData=SnapshotStartingData{8a3fe7f waitForSyncTransactionCommit=false removeAfterTransaction= 0},mStartingWindow=Window{b90a39e u0 SnapshotStartingWindow for taskId=16726}
10-25 22:53:37.259 D/RedLoggerExtImpl( 1807): 2025-10-18 22:53:37
10-25 22:53:37.259 D/ActivityThread(31474): ComponentInfo{com.example.tugas_praktikum/com.example.tugas_praktikum.MainActivity} checkFinished=false 2
10-25 22:53:37.259 I/WindowManager( 1807): addWindow: New client android.os.BinderProxy@3e83dd9 : window=Window{b90a39e u0 SnapshotStartingWindow for taskId=16726}
10-25 22:53:37.259 D/ResourcesManagerExtImpl(31474): applyConfigurationToAppResourcesLocked app.getDisplayId() return callback.displayId:0
10-25 22:53:37.263 D/WindowManagerServiceExtImpl( 1807): extractConfigInfoAndRealFlags rotation=0, screenDp=0, residentWS:0, win=Window{b90a39e u0 SnapshotStartingWindow for taskId=16726}
10-25 22:53:37.264 D/RedLoggerExtImpl( 1807): Deleted 0 old logs.
10-25 22:53:37.265 V/WindowManager( 1807): Relayout Window{b90a39e u0 SnapshotStartingWindow for taskId=16726}: viewVisibility=0, oldvis=8, req=-1x-1, vsysui=, x=0, y=0
10-25 22:53:37.265 I/WindowManager( 1807): Window{b90a39e u0 SnapshotStartingWindow for taskId=16726} state from NO_SURFACE to DRAW_PENDING; reason: resetDrawState
10-25 22:53:37.271 D/ActivityTaskManager( 1807): isStartingWindowDisplayed: data.mIsDisplayed = false, mStartingWindow.isDrawn = false
10-25 22:53:37.272 D/ActivityTaskManager( 1807): isStartingWindowDisplayed: data.mIsDisplayed = false, mStartingWindow.isDrawn = false
10-25 22:53:37.273 D/WindowManager( 1807): NFW_findFocusedWindowIfNeeded:Window{e84d5cc u0 NotificationShade} mCurrentFocus:Window{e84d5cc u0 NotificationShade}
10-25 22:53:37.279 W/ShellStartingWindow( 2363): create TaskSnapshotWindow snapshot frame:Rect(0, 0 - 1080, 2400), tmpFrames:Rect(0, 0 - 1080, 2400)
10-25 22:53:37.285 W/ContextImpl( 1807): Calling a method in the system process without a qualified user: android.app.ContextImpl.sendBroadcast:1261 com.android.server.camera.OplusCameraStateBroadcast.notifyCameraState:52 com.android.server.camera.CameraServiceProxyExtImpl.extendNotifyCameraState:321 com.android.server.camera.CameraServiceProxy.updateActivityCount:1547 com.android.server.camera.CameraServiceProxy.-$$Nest$mupdateActivityCount:0 
10-25 22:53:37.285 D/PowerManagerService( 1807): userActivityNoUpdateLocked: groupId=0, eventTime=53332696, event=other, flags=0x0, uid=10231
10-25 22:53:37.286 I/VibratorManagerServiceExtImpl( 1807): vibrate is uid=10231, pid=2363, opPkg=com.android.systemui, effect=Mono{mEffect=Composed{segments=[Step{amplitude=0.0, frequencyHz=0.0, duration=0}, Step{amplitude=-1.0, frequencyHz=0.0, duration=50}], repeat=-1}}, attributes=VibrationAttributes{mUsage=TOUCH, mAudioUsage= USAGE_UNKNOWN, mCategory=UNKNOWN, mFlags=0}, reason=null, token=15739096
10-25 22:53:37.290 D/ActivityTaskManager( 1807): isStartingWindowDisplayed: data.mIsDisplayed = false, mStartingWindow.isDrawn = false
10-25 22:53:37.290 D/ActivityTaskManager( 1807): isStartingWindowDisplayed: data.mIsDisplayed = false, mStartingWindow.isDrawn = false
10-25 22:53:37.292 D/WindowManagerServiceExtImpl( 1807): extractConfigInfoAndRealFlags rotation=0, screenDp=360, residentWS:0, win=Window{ba0400 u0 com.example.tugas_praktikum/com.example.tugas_praktikum.MainActivity}
10-25 22:53:37.292 V/WindowManager( 1807): Relayout Window{ba0400 u0 com.example.tugas_praktikum/com.example.tugas_praktikum.MainActivity}: viewVisibility=0, oldvis=8, req=1080x2400, vsysui=LAYOUT_STABLE LAYOUT_FULLSCREEN LIGHT_STATUS_BAR
10-25 22:53:37.293 I/WindowManager( 1807): Window{ba0400 u0 com.example.tugas_praktikum/com.example.tugas_praktikum.MainActivity} state from NO_SURFACE to DRAW_PENDING; reason: resetDrawState
10-25 22:53:37.297 D/ActivityTaskManager( 1807): isStartingWindowDisplayed: data.mIsDisplayed = false, mStartingWindow.isDrawn = false
10-25 22:53:37.297 D/ActivityTaskManager( 1807): isStartingWindowDisplayed: data.mIsDisplayed = false, mStartingWindow.isDrawn = false
10-25 22:53:37.297 D/LockSettingsService( 1807): [reportSuccessfulBiometricUnlock] isStrongBiometric = true, userId = 0
10-25 22:53:37.298 D/WindowManager( 1807): NFW_findFocusedWindowIfNeeded:Window{e84d5cc u0 NotificationShade} mCurrentFocus:Window{e84d5cc u0 NotificationShade}
10-25 22:53:37.303 D/OplusTransitionController( 1807): onSyncFinishedDrawing, Window{b90a39e u0 SnapshotStartingWindow for taskId=16726}
10-25 22:53:37.304 I/WindowManager( 1807): finishDrawing skipLayout:false,syncSeqId=2147483647,mPrepareSyncSeqId=0 Window{b90a39e u0 SnapshotStartingWindow for taskId=16726} com.android.server.wm.WindowManagerService.finishDrawingWindow:3140 com.android.server.wm.Session.finishDrawing:380 android.view.IWindowSession$Stub.onTransact:815 
10-25 22:53:37.304 I/WindowManager( 1807): Window{b90a39e u0 SnapshotStartingWindow for taskId=16726} state from DRAW_PENDING to COMMIT_DRAW_PENDING; reason: finishDrawingLocked
10-25 22:53:37.304 D/OplusTransitionAnimationManager( 1807): skipFinishDrawingIfNeed clientRotation=0, currentRotation=0, hasFixedRotationApp=false, requestedOrientation=-1, win=Window{b90a39e u0 SnapshotStartingWindow for taskId=16726}, activity=ActivityRecord{bd1202d u0 com.example.tugas_praktikum/.MainActivity t16726}, currentConfig={1.0 ??mcc??mnc [en_ID,id_ID] ldltr sw360dp w360dp h800dp 480dpi nrml long port night finger -keyb/v/h -nav/h winConfig={ mBounds=Rect(0, 0 - 1080, 2400) mAppBounds=Rect(0, 0 - 1080, 2400) mMaxBounds=Rect(0, 0 - 1080, 2400) mDisplayRotation=ROTATION_0 mWindowingMode=fullscreen mActivityType=standard mAlwaysOnTop=undefined mRotation=ROTATION_0} s.2 fontWeightAdjustment=0mThemeChanged= 0, mThemeChangedFlags= 0, mFlipFont= 0, mScenario= 0, mAccessibleChanged= -1, mUxIconConfig= 1163078655912968225, mMaterialColor= 2, mUserId= 0, mFontUserId= 0, mFontVariationSettings= 1226, mFoldingAngle = -1.0, mIconPackName= , mDarkModeBackgroundMaxL= 0.0, mDarkModeDialogBgMaxL= 27.0, mDarkModeForegroundMinL= 100.0, mOplusConfigType= 1, mOplusChangedConfigs= 0, OpSans= -1, mBurmeseFontFlag= 2, mFlag= 0, mFlexibleActivitySuitable= -1, mPuttDisplayFlag= -1}
10-25 22:53:37.304 D/VRI[MainActivity](31474): relayoutWindow result, sizeChanged:false, surfaceControlChanged:true, transformHintChanged:false, mSurfaceSize:Point(1080, 2400), mLastSurfaceSize:Point(1080, 2400), mWidth:1080, mHeight:2400, requestedWidth:1080, requestedHeight:2400, transformHint:0, installOrientation:0, displayRotation:0, isSurfaceValid:true, attr.flag:-2122252032, tmpFrames:ClientWindowFrames{frame=[0,0][1080,2400] display=[0,0][1080,2400] parentFrame=[0,0][0,0]}, relayoutAsync:false, mSyncSeqId:0
10-25 22:53:37.304 D/NativeFreezeManager( 1807): freezeForBioUnlockScene enter
10-25 22:53:37.305 W/VRI[MainActivity](31474): updateBlastSurfaceIfNeeded, surfaceSize:Point(1080, 2400), lastSurfaceSize:Point(1080, 2400), format:-3, blastBufferQueue:null
10-25 22:53:37.308 I/WindowManager( 1807): Window{b90a39e u0 SnapshotStartingWindow for taskId=16726} state from COMMIT_DRAW_PENDING to READY_TO_SHOW; reason: commitFinishDrawingLocked
10-25 22:53:37.308 D/ActivityTaskManager( 1807): onStartingWindowDrawn: app=ProcessRecord{5c56974 31474:com.example.tugas_praktikum/u0a403}, mStartingData=SnapshotStartingData{8a3fe7f waitForSyncTransactionCommit=false removeAfterTransaction= 0}, finishing=false,mLaunchedFromBubble=false, mVisibleRequested=true, mDisplayContent=Display{#0 state=ON size=1080x2400 ROTATION_0}, isZoomMode=false
10-25 22:53:37.308 D/ActivityTaskManager( 1807): isStartingWindowDisplayed: data.mIsDisplayed = true, mStartingWindow.isDrawn = true
10-25 22:53:37.308 D/adaptiveSmoothAnim( 1807): cancle Skip finishNow for SyncGroup 887
10-25 22:53:37.308 D/ActivityTaskManager( 1807): commitVisibility: ActivityRecord{bd1202d u0 com.example.tugas_praktikum/.MainActivity t16726}: visible=true visibleRequested=true, isInTransition=true, runningAnimation=true 
10-25 22:53:37.308 I/WindowManager( 1807): Window{b90a39e u0 SnapshotStartingWindow for taskId=16726} state from READY_TO_SHOW to HAS_DRAWN; reason: performShowLocked
10-25 22:53:37.309 I/WindowStateExtImpl( 1807): onSurfaceShowChange show = true mPackageName = com.example.tugas_praktikum parentPkgName = com.example.tugas_praktikum
10-25 22:53:37.309 E/OplusAppQuickStart_AppQuickStartController( 1807): not start from launcher transition:TransitionRecord{ef44b4d id=887 track=0 type=TO_BACK flags=0x100 state=1}
10-25 22:53:37.309 D/Transition( 1807): collectOrderChanges onTopTasksEnd: [Task{775af3 #16726 type=standard I=com.example.tugas_praktikum/.MainActivity}], reportedOnTop:null, mOnTopTasksStart: [Task{775af3 #16726 type=standard I=com.example.tugas_praktikum/.MainActivity}], TDA child: [Task{d25b8c8 #2 type=undefined}, Task{8a05843 #16580 type=standard A=10367:com.discord}, Task{499a4b #16671 type=standard A=10348:com.mobile.legends}, Task{f609198 #16584 type=standard A=10366:com.twitter.android}, Task{45e76bb #16719 type=standard A=10359:com.whatsapp}, Task{65bc51a #16725 type=standard A=10365:com.shutterstock.contributor}, Task{f3ce82d #1 type=home}, Task{775af3 #16726 type=standard I=com.example.tugas_praktikum/.MainActivity}]
10-25 22:53:37.309 D/InterruptTransitionController( 1807): updateAnimTargetIfNeed, open from launcher transition has displayArea target, remove it, DefaultTaskDisplayArea@37835392
10-25 22:53:37.309 D/InterruptTransitionController( 1807): cleanEndParentForChangeInfo, Task{775af3 #16726 type=standard I=com.example.tugas_praktikum/.MainActivity}
10-25 22:53:37.309 D/OplusFlexibleActivityTransitionManager( 1807): fixTransitType type result:4, targets: [Task{775af3 #16726 type=standard I=com.example.tugas_praktikum/.MainActivity}]
10-25 22:53:37.313 D/OplusTransitionAnimationManager( 1807): markLaunchFromDriveIfNeed: isFromDrive = false
10-25 22:53:37.314 D/QuickBackInputPolicy( 1807): resetInputInterceptState for remoteTransition: true
10-25 22:53:37.314 D/OplusTransitionController( 1807): onTransactionReady, transition: 887, 
10-25 22:53:37.314 D/OplusTransitionController( 1807):  info: {id=887 t=TO_BACK f=0x100 trk=0 r=[0@Point(0, 0)] c=[{WCT{RemoteToken{8dc052f Task{775af3 #16726 type=standard I=com.example.tugas_praktikum/.MainActivity}}} m=TO_FRONT f=NONE leash=Surface(name=Task=16726)/@0x9cb73c sb=Rect(0, 0 - 1080, 2400) eb=Rect(0, 0 - 1080, 2400) d=0 taskParent=-1}] extendInfo=[OplusTransitionExtendedInfo{mTmpFinishT=null, mInOplusCompatMode=false, mIsProcessRunning=true, mHasMismatchBoundsTarget=false, mRecentsController=null, mIsTranslucentActivityToHome=false, mAvoidInterceptKeyEventToHome=false, mIsFromHome=false, mParentLeash=null, mIsOplusAnimRes=false, mIsFromOverlay=false, mIsBalAllow=false, mTaskNotInRecent=false, mIsLaunchFromSpruce=false, mIsLaunchFromDrive=false, mAssistScreenShowing=false, mUserIdTransition=0, mInRemoteScene=false, mInPreReady=false, mPreStart=false, mToken=null, mShellApplyToken=null, mRequestTransitionTaskId=-1, mAbortTransitionOnShell=0, mTransitionId=887, mAnimStartingPosition=[0, 0, 0, 0], mIsOpeningStkDialogActivity=false}]}, 
10-25 22:53:37.314 D/OplusTransitionController( 1807):  targets : [Task{775af3 #16726 type=standard I=com.example.tugas_praktikum/.MainActivity}], 
10-25 22:53:37.314 D/OplusTransitionController( 1807):  participants: {ActivityRecord{bd1202d u0 com.example.tugas_praktikum/.MainActivity t16726}}, 
10-25 22:53:37.314 D/OplusTransitionController( 1807):  playings:[TransitionRecord{ef44b4d id=887 track=0 type=TO_BACK flags=0x100 state=2}]
10-25 22:53:37.317 V/WindowManagerShell( 2363): onTransitionReady(transaction=7761005965232)
10-25 22:53:37.317 V/WindowManager( 1807): Sent Transition (#887) createdAt=10-25 22:53:37.212 via request=TransitionRequestInfo { type = TO_BACK, triggerTask = null, pipTask = null, remoteTransition = null, displayChange = null, flags = 256, debugId = 887 }
10-25 22:53:37.317 V/WindowManager( 1807):     startWCT=WindowContainerTransaction { changes = {} hops = [] errorCallbackToken=null taskFragmentOrganizer=null }
10-25 22:53:37.317 V/WindowManager( 1807):     info={id=887 t=TO_BACK f=0x100 trk=0 r=[0@Point(0, 0)] c=[
10-25 22:53:37.317 V/WindowManager( 1807):         {WCT{RemoteToken{8dc052f Task{775af3 #16726 type=standard I=com.example.tugas_praktikum/.MainActivity}}} m=TO_FRONT f=NONE leash=Surface(name=Task=16726)/@0x9cb73c sb=Rect(0, 0 - 1080, 2400) eb=Rect(0, 0 - 1080, 2400) d=0 taskParent=-1}
10-25 22:53:37.317 V/WindowManager( 1807):     ] extendInfo=[OplusTransitionExtendedInfo{mTmpFinishT=null, mInOplusCompatMode=false, mIsProcessRunning=true, mHasMismatchBoundsTarget=false, mRecentsController=null, mIsTranslucentActivityToHome=false, mAvoidInterceptKeyEventToHome=false, mIsFromHome=false, mParentLeash=null, mIsOplusAnimRes=false, mIsFromOverlay=false, mIsBalAllow=false, mTaskNotInRecent=false, mIsLaunchFromSpruce=false, mIsLaunchFromDrive=false, mAssistScreenShowing=false, mUserIdTransition=0, mInRemoteScene=false, mInPreReady=false, mPreStart=false, mToken=null, mShellApplyToken=null, mRequestTransitionTaskId=-1, mAbortTransitionOnShell=0, mTransitionId=887, mAnimStartingPosition=[0, 0, 0, 0], mIsOpeningStkDialogActivity=false}]}
10-25 22:53:37.317 V/WindowManagerShell( 2363): onTransitionReady (#887) android.os.BinderProxy@5effc99: {id=887 t=TO_BACK f=0x100 trk=0 r=[0@Point(0, 0)] c=[{WCT{android.window.IWindowContainerToken$Stub$Proxy@a54efc3} m=TO_FRONT f=NONE leash=Surface(name=Task=16726)/@0x1e1bad4 sb=Rect(0, 0 - 1080, 2400) eb=Rect(0, 0 - 1080, 2400) d=0 taskParent=-1}] extendInfo=[OplusTransitionExtendedInfo{mTmpFinishT=null, mInOplusCompatMode=false, mIsProcessRunning=true, mHasMismatchBoundsTarget=false, mRecentsController=null, mIsTranslucentActivityToHome=false, mAvoidInterceptKeyEventToHome=false, mIsFromHome=false, mParentLeash=null, mIsOplusAnimRes=false, mIsFromOverlay=false, mIsBalAllow=false, mTaskNotInRecent=false, mIsLaunchFromSpruce=false, mIsLaunchFromDrive=false, mAssistScreenShowing=false, mUserIdTransition=0, mInRemoteScene=false, mInPreReady=false, mPreStart=false, mToken=null, mShellApplyToken=null, mRequestTransitionTaskId=-1, mAbortTransitionOnShell=0, mTransitionId=887, mAnimStartingPosition=[0, 0, 0, 0], mIsOpeningStkDialogActivity=false}]}
10-25 22:53:37.318 I/TaskOrganizerController( 1807): onTaskInfoChanged taskid 16726 config { mBounds=Rect(0, 0 - 1080, 2400) mAppBounds=Rect(0, 0 - 1080, 2400) mMaxBounds=Rect(0, 0 - 1080, 2400) mDisplayRotation=ROTATION_0 mWindowingMode=fullscreen mActivityType=standard mAlwaysOnTop=undefined mRotation=ROTATION_0}
10-25 22:53:37.318 V/WindowManagerShell( 2363): Playing animation for (#887) android.os.BinderProxy@5effc99@0
10-25 22:53:37.318 V/WindowManagerShell( 2363):  try handler com.android.wm.shell.transition.DefaultMixedHandler@32fccbc
10-25 22:53:37.318 V/WindowManagerShell( 2363):  try handler com.android.wm.shell.keyguard.KeyguardTransitionHandler@123a445
